Archive member included to satisfy reference by file (symbol)

C:/ST/STM32CubeIDE_1.16.0/STM32CubeIDE/plugins/com.st.stm32cube.ide.mcu.externaltools.gnu-tools-for-stm32.13.3.rel1.win32_1.0.0.202411081344/tools/bin/../lib/gcc/arm-none-eabi/13.3.1/../../../../arm-none-eabi/lib/thumb/v7e-m+fp/hard\libc_nano.a(libc_a-exit.o)
                              C:/ST/STM32CubeIDE_1.16.0/STM32CubeIDE/plugins/com.st.stm32cube.ide.mcu.externaltools.gnu-tools-for-stm32.13.3.rel1.win32_1.0.0.202411081344/tools/bin/../lib/gcc/arm-none-eabi/13.3.1/../../../../arm-none-eabi/lib/thumb/v7e-m+fp/hard/crt0.o (exit)
C:/ST/STM32CubeIDE_1.16.0/STM32CubeIDE/plugins/com.st.stm32cube.ide.mcu.externaltools.gnu-tools-for-stm32.13.3.rel1.win32_1.0.0.202411081344/tools/bin/../lib/gcc/arm-none-eabi/13.3.1/../../../../arm-none-eabi/lib/thumb/v7e-m+fp/hard\libc_nano.a(libc_a-nano-vfprintf_float.o)
                              (_printf_float)
C:/ST/STM32CubeIDE_1.16.0/STM32CubeIDE/plugins/com.st.stm32cube.ide.mcu.externaltools.gnu-tools-for-stm32.13.3.rel1.win32_1.0.0.202411081344/tools/bin/../lib/gcc/arm-none-eabi/13.3.1/../../../../arm-none-eabi/lib/thumb/v7e-m+fp/hard\libc_nano.a(libc_a-nano-vfprintf_i.o)
                              C:/ST/STM32CubeIDE_1.16.0/STM32CubeIDE/plugins/com.st.stm32cube.ide.mcu.externaltools.gnu-tools-for-stm32.13.3.rel1.win32_1.0.0.202411081344/tools/bin/../lib/gcc/arm-none-eabi/13.3.1/../../../../arm-none-eabi/lib/thumb/v7e-m+fp/hard\libc_nano.a(libc_a-nano-vfprintf_float.o) (_printf_common)
C:/ST/STM32CubeIDE_1.16.0/STM32CubeIDE/plugins/com.st.stm32cube.ide.mcu.externaltools.gnu-tools-for-stm32.13.3.rel1.win32_1.0.0.202411081344/tools/bin/../lib/gcc/arm-none-eabi/13.3.1/../../../../arm-none-eabi/lib/thumb/v7e-m+fp/hard\libc_nano.a(libc_a-findfp.o)
                              ./Middlewares/Third_Party/FreeRTOS/Source/tasks.o (__sf)
C:/ST/STM32CubeIDE_1.16.0/STM32CubeIDE/plugins/com.st.stm32cube.ide.mcu.externaltools.gnu-tools-for-stm32.13.3.rel1.win32_1.0.0.202411081344/tools/bin/../lib/gcc/arm-none-eabi/13.3.1/../../../../arm-none-eabi/lib/thumb/v7e-m+fp/hard\libc_nano.a(libc_a-fwalk.o)
                              C:/ST/STM32CubeIDE_1.16.0/STM32CubeIDE/plugins/com.st.stm32cube.ide.mcu.externaltools.gnu-tools-for-stm32.13.3.rel1.win32_1.0.0.202411081344/tools/bin/../lib/gcc/arm-none-eabi/13.3.1/../../../../arm-none-eabi/lib/thumb/v7e-m+fp/hard\libc_nano.a(libc_a-findfp.o) (_fwalk_sglue)
C:/ST/STM32CubeIDE_1.16.0/STM32CubeIDE/plugins/com.st.stm32cube.ide.mcu.externaltools.gnu-tools-for-stm32.13.3.rel1.win32_1.0.0.202411081344/tools/bin/../lib/gcc/arm-none-eabi/13.3.1/../../../../arm-none-eabi/lib/thumb/v7e-m+fp/hard\libc_nano.a(libc_a-printf.o)
                              ./Core/Src/pn532_stm32f1.o (printf)
C:/ST/STM32CubeIDE_1.16.0/STM32CubeIDE/plugins/com.st.stm32cube.ide.mcu.externaltools.gnu-tools-for-stm32.13.3.rel1.win32_1.0.0.202411081344/tools/bin/../lib/gcc/arm-none-eabi/13.3.1/../../../../arm-none-eabi/lib/thumb/v7e-m+fp/hard\libc_nano.a(libc_a-sprintf.o)
                              ./Core/Src/main.o (sprintf)
C:/ST/STM32CubeIDE_1.16.0/STM32CubeIDE/plugins/com.st.stm32cube.ide.mcu.externaltools.gnu-tools-for-stm32.13.3.rel1.win32_1.0.0.202411081344/tools/bin/../lib/gcc/arm-none-eabi/13.3.1/../../../../arm-none-eabi/lib/thumb/v7e-m+fp/hard\libc_nano.a(libc_a-stdio.o)
                              C:/ST/STM32CubeIDE_1.16.0/STM32CubeIDE/plugins/com.st.stm32cube.ide.mcu.externaltools.gnu-tools-for-stm32.13.3.rel1.win32_1.0.0.202411081344/tools/bin/../lib/gcc/arm-none-eabi/13.3.1/../../../../arm-none-eabi/lib/thumb/v7e-m+fp/hard\libc_nano.a(libc_a-findfp.o) (__sread)
C:/ST/STM32CubeIDE_1.16.0/STM32CubeIDE/plugins/com.st.stm32cube.ide.mcu.externaltools.gnu-tools-for-stm32.13.3.rel1.win32_1.0.0.202411081344/tools/bin/../lib/gcc/arm-none-eabi/13.3.1/../../../../arm-none-eabi/lib/thumb/v7e-m+fp/hard\libc_nano.a(libc_a-memset.o)
                              C:/ST/STM32CubeIDE_1.16.0/STM32CubeIDE/plugins/com.st.stm32cube.ide.mcu.externaltools.gnu-tools-for-stm32.13.3.rel1.win32_1.0.0.202411081344/tools/bin/../lib/gcc/arm-none-eabi/13.3.1/../../../../arm-none-eabi/lib/thumb/v7e-m+fp/hard/crt0.o (memset)
C:/ST/STM32CubeIDE_1.16.0/STM32CubeIDE/plugins/com.st.stm32cube.ide.mcu.externaltools.gnu-tools-for-stm32.13.3.rel1.win32_1.0.0.202411081344/tools/bin/../lib/gcc/arm-none-eabi/13.3.1/../../../../arm-none-eabi/lib/thumb/v7e-m+fp/hard\libc_nano.a(libc_a-localeconv.o)
                              C:/ST/STM32CubeIDE_1.16.0/STM32CubeIDE/plugins/com.st.stm32cube.ide.mcu.externaltools.gnu-tools-for-stm32.13.3.rel1.win32_1.0.0.202411081344/tools/bin/../lib/gcc/arm-none-eabi/13.3.1/../../../../arm-none-eabi/lib/thumb/v7e-m+fp/hard\libc_nano.a(libc_a-nano-vfprintf_float.o) (_localeconv_r)
[...]
Memory Configuration

Name             Origin             Length             Attributes
RAM              0x20000000         0x0000c000         xrw
RAM2             0x10000000         0x00004000         xrw
FLASH            0x08000000         0x00040000         xr
*default*        0x00000000         0xffffffff

Linker script and memory map

LOAD C:/ST/STM32CubeIDE_1.16.0/STM32CubeIDE/plugins/com.st.stm32cube.ide.mcu.externaltools.gnu-tools-for-stm32.13.3.rel1.win32_1.0.0.202411081344/tools/bin/../lib/gcc/arm-none-eabi/13.3.1/thumb/v7e-m+fp/hard/crti.o
LOAD C:/ST/STM32CubeIDE_1.16.0/STM32CubeIDE/plugins/com.st.stm32cube.ide.mcu.externaltools.gnu-tools-for-stm32.13.3.rel1.win32_1.0.0.202411081344/tools/bin/../lib/gcc/arm-none-eabi/13.3.1/thumb/v7e-m+fp/hard/crtbegin.o
LOAD C:/ST/STM32CubeIDE_1.16.0/STM32CubeIDE/plugins/com.st.stm32cube.ide.mcu.externaltools.gnu-tools-for-stm32.13.3.rel1.win32_1.0.0.202411081344/tools/bin/../lib/gcc/arm-none-eabi/13.3.1/../../../../arm-none-eabi/lib/thumb/v7e-m+fp/hard/crt0.o
LOAD ./Core/Src/bme280.o
LOAD ./Core/Src/freertos.o
LOAD ./Core/Src/main.o
LOAD ./Core/Src/pn532.o
LOAD ./Core/Src/pn532_stm32f1.o
LOAD ./Core/Src/stm32l4xx_hal_msp.o
LOAD ./Core/Src/stm32l4xx_hal_timebase_tim.o
LOAD ./Core/Src/stm32l4xx_it.o
LOAD ./Core/Src/syscalls.o
LOAD ./Core/Src/sysmem.o
LOAD ./Core/Src/system_stm32l4xx.o
LOAD ./Core/Startup/startup_stm32l432kcux.o
LOAD ./Drivers/OLED/ssd1306.o
LOAD ./Drivers/OLED/ssd1306_fonts.o
LOAD ./Drivers/STM32L4xx_HAL_Driver/Src/stm32l4xx_hal.o
LOAD ./Drivers/STM32L4xx_HAL_Driver/Src/stm32l4xx_hal_cortex.o
LOAD ./Drivers/STM32L4xx_HAL_Driver/Src/stm32l4xx_hal_dma.o
LOAD ./Drivers/STM32L4xx_HAL_Driver/Src/stm32l4xx_hal_dma_ex.o
LOAD ./Drivers/STM32L4xx_HAL_Driver/Src/stm32l4xx_hal_exti.o
LOAD ./Drivers/STM32L4xx_HAL_Driver/Src/stm32l4xx_hal_flash.o
LOAD ./Drivers/STM32L4xx_HAL_Driver/Src/stm32l4xx_hal_flash_ex.o
LOAD ./Drivers/STM32L4xx_HAL_Driver/Src/stm32l4xx_hal_flash_ramfunc.o
LOAD ./Drivers/STM32L4xx_HAL_Driver/Src/stm32l4xx_hal_gpio.o
LOAD ./Drivers/STM32L4xx_HAL_Driver/Src/stm32l4xx_hal_i2c.o
LOAD ./Drivers/STM32L4xx_HAL_Driver/Src/stm32l4xx_hal_i2c_ex.o
LOAD ./Drivers/STM32L4xx_HAL_Driver/Src/stm32l4xx_hal_pwr.o
LOAD ./Drivers/STM32L4xx_HAL_Driver/Src/stm32l4xx_hal_pwr_ex.o
LOAD ./Drivers/STM32L4xx_HAL_Driver/Src/stm32l4xx_hal_rcc.o
LOAD ./Drivers/STM32L4xx_HAL_Driver/Src/stm32l4xx_hal_rcc_ex.o
LOAD ./Drivers/STM32L4xx_HAL_Driver/Src/stm32l4xx_hal_tim.o
LOAD ./Drivers/STM32L4xx_HAL_Driver/Src/stm32l4xx_hal_tim_ex.o
LOAD ./Drivers/STM32L4xx_HAL_Driver/Src/stm32l4xx_hal_uart.o
LOAD ./Drivers/STM32L4xx_HAL_Driver/Src/stm32l4xx_hal_uart_ex.o
LOAD ./Middlewares/Third_Party/FreeRTOS/Source/CMSIS_RTOS_V2/cmsis_os2.o
LOAD ./Middlewares/Third_Party/FreeRTOS/Source/croutine.o
LOAD ./Middlewares/Third_Party/FreeRTOS/Source/event_groups.o
LOAD ./Middlewares/Third_Party/FreeRTOS/Source/list.o
LOAD ./Middlewares/Third_Party/FreeRTOS/Source/queue.o
LOAD ./Middlewares/Third_Party/FreeRTOS/Source/stream_buffer.o
LOAD ./Middlewares/Third_Party/FreeRTOS/Source/tasks.o
LOAD ./Middlewares/Third_Party/FreeRTOS/Source/timers.o
LOAD ./Middlewares/Third_Party/FreeRTOS/Source/portable/GCC/ARM_CM4F/port.o
LOAD ./Middlewares/Third_Party/FreeRTOS/Source/portable/MemMang/heap_4.o
START GROUP
LOAD C:/ST/STM32CubeIDE_1.16.0/STM32CubeIDE/plugins/com.st.stm32cube.ide.mcu.externaltools.gnu-tools-for-stm32.13.3.rel1.win32_1.0.0.202411081344/tools/bin/../lib/gcc/arm-none-eabi/13.3.1/../../../../arm-none-eabi/lib/thumb/v7e-m+fp/hard\libc_nano.a
LOAD C:/ST/STM32CubeIDE_1.16.0/STM32CubeIDE/plugins/com.st.stm32cube.ide.mcu.externaltools.gnu-tools-for-stm32.13.3.rel1.win32_1.0.0.202411081344/tools/bin/../lib/gcc/arm-none-eabi/13.3.1/../../../../arm-none-eabi/lib/thumb/v7e-m+fp/hard\libm.a
END GROUP
START GROUP
LOAD C:/ST/STM32CubeIDE_1.16.0/STM32CubeIDE/plugins/com.st.stm32cube.ide.mcu.externaltools.gnu-tools-for-stm32.13.3.rel1.win32_1.0.0.202411081344/tools/bin/../lib/gcc/arm-none-eabi/13.3.1/thumb/v7e-m+fp/hard\libgcc.a
LOAD C:/ST/STM32CubeIDE_1.16.0/STM32CubeIDE/plugins/com.st.stm32cube.ide.mcu.externaltools.gnu-tools-for-stm32.13.3.rel1.win32_1.0.0.202411081344/tools/bin/../lib/gcc/arm-none-eabi/13.3.1/../../../../arm-none-eabi/lib/thumb/v7e-m+fp/hard\libc_nano.a
END GROUP
START GROUP
LOAD C:/ST/STM32CubeIDE_1.16.0/STM32CubeIDE/plugins/com.st.stm32cube.ide.mcu.externaltools.gnu-tools-for-stm32.13.3.rel1.win32_1.0.0.202411081344/tools/bin/../lib/gcc/arm-none-eabi/13.3.1/thumb/v7e-m+fp/hard\libgcc.a
LOAD C:/ST/STM32CubeIDE_1.16.0/STM32CubeIDE/plugins/com.st.stm32cube.ide.mcu.externaltools.gnu-tools-for-stm32.13.3.rel1.win32_1.0.0.202411081344/tools/bin/../lib/gcc/arm-none-eabi/13.3.1/../../../../arm-none-eabi/lib/thumb/v7e-m+fp/hard\libc_nano.a
LOAD C:/ST/STM32CubeIDE_1.16.0/STM32CubeIDE/plugins/com.st.stm32cube.ide.mcu.externaltools.gnu-tools-for-stm32.13.3.rel1.win32_1.0.0.202411081344/tools/bin/../lib/gcc/arm-none-eabi/13.3.1/../../../../arm-none-eabi/lib/thumb/v7e-m+fp/hard\libnosys.a
END GROUP
START GROUP
LOAD C:/ST/STM32CubeIDE_1.16.0/STM32CubeIDE/plugins/com.st.stm32cube.ide.mcu.externaltools.gnu-tools-for-stm32.13.3.rel1.win32_1.0.0.202411081344/tools/bin/../lib/gcc/arm-none-eabi/13.3.1/thumb/v7e-m+fp/hard\libgcc.a
LOAD C:/ST/STM32CubeIDE_1.16.0/STM32CubeIDE/plugins/com.st.stm32cube.ide.mcu.externaltools.gnu-tools-for-stm32.13.3.rel1.win32_1.0.0.202411081344/tools/bin/../lib/gcc/arm-none-eabi/13.3.1/../../../../arm-none-eabi/lib/thumb/v7e-m+fp/hard\libc_nano.a
LOAD C:/ST/STM32CubeIDE_1.16.0/STM32CubeIDE/plugins/com.st.stm32cube.ide.mcu.externaltools.gnu-tools-for-stm32.13.3.rel1.win32_1.0.0.202411081344/tools/bin/../lib/gcc/arm-none-eabi/13.3.1/../../../../arm-none-eabi/lib/thumb/v7e-m+fp/hard\libnosys.a
END GROUP
LOAD C:/ST/STM32CubeIDE_1.16.0/STM32CubeIDE/plugins/com.st.stm32cube.ide.mcu.externaltools.gnu-tools-for-stm32.13.3.rel1.win32_1.0.0.202411081344/tools/bin/../lib/gcc/arm-none-eabi/13.3.1/thumb/v7e-m+fp/hard/crtend.o
LOAD C:/ST/STM32CubeIDE_1.16.0/STM32CubeIDE/plugins/com.st.stm32cube.ide.mcu.externaltools.gnu-tools-for-stm32.13.3.rel1.win32_1.0.0.202411081344/tools/bin/../lib/gcc/arm-none-eabi/13.3.1/thumb/v7e-m+fp/hard/crtn.o
                0x2000c000                        _estack = (ORIGIN (RAM) + LENGTH (RAM))
                0x00000200                        _Min_Heap_Size = 0x200
                0x00000400                        _Min_Stack_Size = 0x400

.isr_vector     0x08000000      0x18c
                0x08000000                        . = ALIGN (0x4)
 *(.isr_vector)
 .isr_vector    0x08000000      0x18c ./Core/Startup/startup_stm32l432kcux.o
                0x08000000                g_pfnVectors
                0x0800018c                        . = ALIGN (0x4)

.text           0x08000190     0xed88
                0x08000190                        . = ALIGN (0x4)
 *(.text)
 .text          0x08000190       0x40 C:/ST/STM32CubeIDE_1.16.0/STM32CubeIDE/plugins/com.st.stm32cube.ide.mcu.externaltools.gnu-tools-for-stm32.13.3.rel1.win32_1.0.0.202411081344/tools/bin/../lib/gcc/arm-none-eabi/13.3.1/thumb/v7e-m+fp/hard/crtbegin.o
 .text          0x080001d0       0xa0 C:/ST/STM32CubeIDE_1.16.0/STM32CubeIDE/plugins/com.st.stm32cube.ide.mcu.externaltools.gnu-tools-for-stm32.13.3.rel1.win32_1.0.0.202411081344/tools/bin/../lib/gcc/arm-none-eabi/13.3.1/../../../../arm-none-eabi/lib/thumb/v7e-m+fp/hard\libc_nano.a(libc_a-memchr.o)
                0x080001d0                memchr
 .text          0x08000270       0x10 C:/ST/STM32CubeIDE_1.16.0/STM32CubeIDE/plugins/com.st.stm32cube.ide.mcu.externaltools.gnu-tools-for-stm32.13.3.rel1.win32_1.0.0.202411081344/tools/bin/../lib/gcc/arm-none-eabi/13.3.1/../../../../arm-none-eabi/lib/thumb/v7e-m+fp/hard\libc_nano.a(libc_a-strlen.o)
                0x08000270                strlen
 .text          0x08000280      0x378 C:/ST/STM32CubeIDE_1.16.0/STM32CubeIDE/plugins/com.st.stm32cube.ide.mcu.externaltools.gnu-tools-for-stm32.13.3.rel1.win32_1.0.0.202411081344/tools/bin/../lib/gcc/arm-none-eabi/13.3.1/thumb/v7e-m+fp/hard\libgcc.a(_arm_addsubdf3.o)
                0x08000280                __aeabi_drsub
                0x08000288                __aeabi_dsub
                0x08000288                __subdf3
                0x0800028c                __aeabi_dadd
                0x0800028c                __adddf3
                0x08000504                __floatunsidf
                0x08000504                __aeabi_ui2d
                0x08000524                __floatsidf
                0x08000524                __aeabi_i2d
                0x08000548                __aeabi_f2d
                0x08000548                __extendsfdf2
                0x0800058c                __floatundidf
                0x0800058c                __aeabi_ul2d
                0x0800059c                __floatdidf
                0x0800059c                __aeabi_l2d
 .text          0x080005f8      0x424 C:/ST/STM32CubeIDE_1.16.0/STM32CubeIDE/plugins/com.st.stm32cube.ide.mcu.externaltools.gnu-tools-for-stm32.13.3.rel1.win32_1.0.0.202411081344/tools/bin/../lib/gcc/arm-none-eabi/13.3.1/thumb/v7e-m+fp/hard\libgcc.a(_arm_muldivdf3.o)
                0x080005f8                __aeabi_dmul
                0x080005f8                __muldf3
                0x0800084c                __divdf3
                0x0800084c                __aeabi_ddiv
 .text          0x08000a1c      0x110 C:/ST/STM32CubeIDE_1.16.0/STM32CubeIDE/plugins/com.st.stm32cube.ide.mcu.externaltools.gnu-tools-for-stm32.13.3.rel1.win32_1.0.0.202411081344/tools/bin/../lib/gcc/arm-none-eabi/13.3.1/thumb/v7e-m+fp/hard\libgcc.a(_arm_cmpdf2.o)
                0x08000a1c                __gtdf2
                0x08000a1c                __gedf2
                0x08000a24                __ltdf2
                0x08000a24                __ledf2
                0x08000a2c                __nedf2
                0x08000a2c                __eqdf2
                0x08000a2c                __cmpdf2
                0x08000aa8                __aeabi_cdrcmple
                0x08000ab8                __aeabi_cdcmpeq
                0x08000ab8                __aeabi_cdcmple
                0x08000ac8                __aeabi_dcmpeq
                0x08000adc                __aeabi_dcmplt
                0x08000af0                __aeabi_dcmple
                0x08000b04                __aeabi_dcmpge
                0x08000b18                __aeabi_dcmpgt
 .text          0x08000b2c       0x2c C:/ST/STM32CubeIDE_1.16.0/STM32CubeIDE/plugins/com.st.stm32cube.ide.mcu.externaltools.gnu-tools-for-stm32.13.3.rel1.win32_1.0.0.202411081344/tools/bin/../lib/gcc/arm-none-eabi/13.3.1/thumb/v7e-m+fp/hard\libgcc.a(_arm_unorddf2.o)
                0x08000b2c                __unorddf2
                0x08000b2c                __aeabi_dcmpun
 .text          0x08000b58       0x50 C:/ST/STM32CubeIDE_1.16.0/STM32CubeIDE/plugins/com.st.stm32cube.ide.mcu.externaltools.gnu-tools-for-stm32.13.3.rel1.win32_1.0.0.202411081344/tools/bin/../lib/gcc/arm-none-eabi/13.3.1/thumb/v7e-m+fp/hard\libgcc.a(_arm_fixdfsi.o)
                0x08000b58                __aeabi_d2iz
                0x08000b58                __fixdfsi
 .text          0x08000ba8       0xa0 C:/ST/STM32CubeIDE_1.16.0/STM32CubeIDE/plugins/com.st.stm32cube.ide.mcu.externaltools.gnu-tools-for-stm32.13.3.rel1.win32_1.0.0.202411081344/tools/bin/../lib/gcc/arm-none-eabi/13.3.1/thumb/v7e-m+fp/hard\libgcc.a(_aeabi_ldivmod.o)
                0x08000ba8                __aeabi_ldivmod
 .text          0x08000c48       0x30 C:/ST/STM32CubeIDE_1.16.0/STM32CubeIDE/plugins/com.st.stm32cube.ide.mcu.externaltools.gnu-tools-for-stm32.13.3.rel1.win32_1.0.0.202411081344/tools/bin/../lib/gcc/arm-none-eabi/13.3.1/thumb/v7e-m+fp/hard\libgcc.a(_aeabi_uldivmod.o)
                0x08000c48                __aeabi_uldivmod
 .text          0x08000c78      0x2f8 C:/ST/STM32CubeIDE_1.16.0/STM32CubeIDE/plugins/com.st.stm32cube.ide.mcu.externaltools.gnu-tools-for-stm32.13.3.rel1.win32_1.0.0.202411081344/tools/bin/../lib/gcc/arm-none-eabi/13.3.1/thumb/v7e-m+fp/hard\libgcc.a(_udivmoddi4.o)
                0x08000c78                __udivmoddi4
 .text          0x08000f70        0x4 C:/ST/STM32CubeIDE_1.16.0/STM32CubeIDE/plugins/com.st.stm32cube.ide.mcu.externaltools.gnu-tools-for-stm32.13.3.rel1.win32_1.0.0.202411081344/tools/bin/../lib/gcc/arm-none-eabi/13.3.1/thumb/v7e-m+fp/hard\libgcc.a(_dvmd_tls.o)
                0x08000f70                __aeabi_idiv0
                0x08000f70                __aeabi_ldiv0
 *(.text*)
 .text.bme280_init
                0x08000f74       0x96 ./Core/Src/bme280.o
                0x08000f74                bme280_init
 .text.bme280_get_regs
                0x0800100a       0x60 ./Core/Src/bme280.o
                0x0800100a                bme280_get_regs
 .text.bme280_set_regs
                0x0800106a       0xf2 ./Core/Src/bme280.o
                0x0800106a                bme280_set_regs
 .text.bme280_set_sensor_settings
                0x0800115c       0xaa ./Core/Src/bme280.o
                0x0800115c                bme280_set_sensor_settings
 .text.bme280_set_sensor_mode
                0x08001206       0x68 ./Core/Src/bme280.o
                0x08001206                bme280_set_sensor_mode
 .text.bme280_get_sensor_mode
                0x0800126e       0x46 ./Core/Src/bme280.o
                0x0800126e                bme280_get_sensor_mode
 .text.bme280_soft_reset
                0x080012b4       0x4a ./Core/Src/bme280.o
                0x080012b4                bme280_soft_reset
 .text.bme280_get_sensor_data
                0x080012fe       0x94 ./Core/Src/bme280.o
                0x080012fe                bme280_get_sensor_data
 .text.bme280_parse_sensor_data
                0x08001392       0x8c ./Core/Src/bme280.o
                0x08001392                bme280_parse_sensor_data
 .text.bme280_compensate_data
                0x0800141e       0x92 ./Core/Src/bme280.o
                0x0800141e                bme280_compensate_data
 .text.set_osr_settings
                0x080014b0       0x4e ./Core/Src/bme280.o
 .text.set_osr_humidity_settings
                0x080014fe       0x74 ./Core/Src/bme280.o
 .text.set_osr_press_temp_settings
                0x08001572       0x78 ./Core/Src/bme280.o
 .text.set_filter_standby_settings
                0x080015ea       0x78 ./Core/Src/bme280.o
 .text.fill_filter_settings
                0x08001662       0x3c ./Core/Src/bme280.o
 .text.fill_standby_settings
                0x0800169e       0x36 ./Core/Src/bme280.o
 .text.fill_osr_press_settings
                0x080016d4       0x3c ./Core/Src/bme280.o
 .text.fill_osr_temp_settings
                0x08001710       0x36 ./Core/Src/bme280.o
 .text.parse_device_settings
                0x08001746       0x68 ./Core/Src/bme280.o
 .text.write_power_mode
                0x080017ae       0x66 ./Core/Src/bme280.o
 .text.put_device_to_sleep
                0x08001814       0x60 ./Core/Src/bme280.o
 .text.reload_device_settings
                0x08001874       0x3a ./Core/Src/bme280.o
 *fill*         0x080018ae        0x2 
 .text.compensate_temperature
                0x080018b0       0xc4 ./Core/Src/bme280.o
 .text.compensate_pressure
                0x08001974      0x740 ./Core/Src/bme280.o
 .text.compensate_humidity
                0x080020b4      0x158 ./Core/Src/bme280.o
 .text.get_calib_data
                0x0800220c       0x88 ./Core/Src/bme280.o
 .text.interleave_reg_addr
                0x08002294       0x58 ./Core/Src/bme280.o
 .text.parse_temp_press_calib_data
                0x080022ec      0x178 ./Core/Src/bme280.o
 .text.parse_humidity_calib_data
                0x08002464       0xa0 ./Core/Src/bme280.o
 .text.are_settings_changed
                0x08002504       0x38 ./Core/Src/bme280.o
 .text.null_ptr_check
                0x0800253c       0x40 ./Core/Src/bme280.o
 .text.user_i2c_read
                0x0800257c       0x68 ./Core/Src/main.o
                0x0800257c                user_i2c_read
 .text.user_i2c_write
                0x080025e4       0x60 ./Core/Src/main.o
                0x080025e4                user_i2c_write
 .text.user_delay_ms
                0x08002644       0x16 ./Core/Src/main.o
                0x08002644                user_delay_ms
 *fill*         0x0800265a        0x2 
 .text.main     0x0800265c      0x30c ./Core/Src/main.o
                0x0800265c                main
 .text.SystemClock_Config
                0x08002968       0xa4 ./Core/Src/main.o
                0x08002968                SystemClock_Config
 .text.MX_I2C1_Init
                0x08002a0c       0x80 ./Core/Src/main.o
 .text.MX_USART2_UART_Init
                0x08002a8c       0x74 ./Core/Src/main.o
 .text.MX_GPIO_Init
                0x08002b00       0xac ./Core/Src/main.o
 .text.StartTemp
                0x08002bac      0x12c ./Core/Src/main.o
                0x08002bac                StartTemp
 .text.StartEncoder
                0x08002cd8       0x98 ./Core/Src/main.o
                0x08002cd8                StartEncoder
 .text.StartOLED
                0x08002d70      0x108 ./Core/Src/main.o
                0x08002d70                StartOLED
 .text.StartHeating01
                0x08002e78       0x50 ./Core/Src/main.o
                0x08002e78                StartHeating01
 .text.StartRFID
                0x08002ec8      0x12c ./Core/Src/main.o
                0x08002ec8                StartRFID
 .text.ScreenCallback01
                0x08002ff4       0x54 ./Core/Src/main.o
                0x08002ff4                ScreenCallback01
 .text.HAL_TIM_PeriodElapsedCallback
                0x08003048       0x24 ./Core/Src/main.o
                0x08003048                HAL_TIM_PeriodElapsedCallback
 .text.Error_Handler
                0x0800306c        0xc ./Core/Src/main.o
                0x0800306c                Error_Handler
 .text.PN532_WriteFrame
                0x08003078      0x1a6 ./Core/Src/pn532.o
                0x08003078                PN532_WriteFrame
 *fill*         0x0800321e        0x2 
 .text.PN532_ReadFrame
                0x08003220      0x1fc ./Core/Src/pn532.o
                0x08003220                PN532_ReadFrame
 .text.PN532_CallFunction
                0x0800341c      0x24c ./Core/Src/pn532.o
                0x0800341c                PN532_CallFunction
 .text.PN532_GetFirmwareVersion
                0x08003668       0x48 ./Core/Src/pn532.o
                0x08003668                PN532_GetFirmwareVersion
 .text.PN532_SamConfiguration
                0x080036b0       0x44 ./Core/Src/pn532.o
                0x080036b0                PN532_SamConfiguration
 .text.PN532_ReadPassiveTarget
                0x080036f4       0xb4 ./Core/Src/pn532.o
                0x080036f4                PN532_ReadPassiveTarget
 .text.PN532_Log
                0x080037a8       0x1c ./Core/Src/pn532_stm32f1.o
                0x080037a8                PN532_Log
 .text.i2c_read
                0x080037c4       0x28 ./Core/Src/pn532_stm32f1.o
                0x080037c4                i2c_read
 .text.i2c_write
                0x080037ec       0x28 ./Core/Src/pn532_stm32f1.o
                0x080037ec                i2c_write
 .text.PN532_I2C_ReadData
                0x08003814       0xbe ./Core/Src/pn532_stm32f1.o
                0x08003814                PN532_I2C_ReadData
 .text.PN532_I2C_WriteData
                0x080038d2       0x20 ./Core/Src/pn532_stm32f1.o
                0x080038d2                PN532_I2C_WriteData
 .text.PN532_I2C_WaitReady
                0x080038f2       0x4a ./Core/Src/pn532_stm32f1.o
                0x080038f2                PN532_I2C_WaitReady
 .text.PN532_I2C_Wakeup
                0x0800393c       0x40 ./Core/Src/pn532_stm32f1.o
                0x0800393c                PN532_I2C_Wakeup
 .text.PN532_I2C_Init
                0x0800397c       0x48 ./Core/Src/pn532_stm32f1.o
                0x0800397c                PN532_I2C_Init
 .text.HAL_MspInit
                0x080039c4       0x50 ./Core/Src/stm32l4xx_hal_msp.o
                0x080039c4                HAL_MspInit
 .text.HAL_I2C_MspInit
                0x08003a14       0xb0 ./Core/Src/stm32l4xx_hal_msp.o
                0x08003a14                HAL_I2C_MspInit
 .text.HAL_UART_MspInit
                0x08003ac4       0xe4 ./Core/Src/stm32l4xx_hal_msp.o
                0x08003ac4                HAL_UART_MspInit
 .text.HAL_InitTick
                0x08003ba8       0xf4 ./Core/Src/stm32l4xx_hal_timebase_tim.o
                0x08003ba8                HAL_InitTick
 .text.NMI_Handler
                0x08003c9c        0x8 ./Core/Src/stm32l4xx_it.o
                0x08003c9c                NMI_Handler
 .text.HardFault_Handler
                0x08003ca4        0x8 ./Core/Src/stm32l4xx_it.o
                0x08003ca4                HardFault_Handler
 .text.MemManage_Handler
                0x08003cac        0x8 ./Core/Src/stm32l4xx_it.o
                0x08003cac                MemManage_Handler
 .text.BusFault_Handler
                0x08003cb4        0x8 ./Core/Src/stm32l4xx_it.o
                0x08003cb4                BusFault_Handler
 .text.UsageFault_Handler
                0x08003cbc        0x8 ./Core/Src/stm32l4xx_it.o
                0x08003cbc                UsageFault_Handler
 .text.DebugMon_Handler
                0x08003cc4        0xe ./Core/Src/stm32l4xx_it.o
                0x08003cc4                DebugMon_Handler
 *fill*         0x08003cd2        0x2 
 .text.USART2_IRQHandler
                0x08003cd4       0x14 ./Core/Src/stm32l4xx_it.o
                0x08003cd4                USART2_IRQHandler
 .text.TIM7_IRQHandler
                0x08003ce8       0x14 ./Core/Src/stm32l4xx_it.o
                0x08003ce8                TIM7_IRQHandler
 .text._getpid  0x08003cfc       0x10 ./Core/Src/syscalls.o
                0x08003cfc                _getpid
 .text._kill    0x08003d0c       0x20 ./Core/Src/syscalls.o
                0x08003d0c                _kill
 .text._exit    0x08003d2c       0x16 ./Core/Src/syscalls.o
                0x08003d2c                _exit
 .text._read    0x08003d42       0x3a ./Core/Src/syscalls.o
                0x08003d42                _read
 .text._write   0x08003d7c       0x38 ./Core/Src/syscalls.o
                0x08003d7c                _write
 .text._close   0x08003db4       0x18 ./Core/Src/syscalls.o
                0x08003db4                _close
 .text._fstat   0x08003dcc       0x20 ./Core/Src/syscalls.o
                0x08003dcc                _fstat
 .text._isatty  0x08003dec       0x16 ./Core/Src/syscalls.o
                0x08003dec                _isatty
 .text._lseek   0x08003e02       0x1a ./Core/Src/syscalls.o
                0x08003e02                _lseek
 .text._sbrk    0x08003e1c       0x6c ./Core/Src/sysmem.o
                0x08003e1c                _sbrk
 .text.SystemInit
                0x08003e88       0x24 ./Core/Src/system_stm32l4xx.o
                0x08003e88                SystemInit
 .text.Reset_Handler
                0x08003eac       0x50 ./Core/Startup/startup_stm32l432kcux.o
                0x08003eac                Reset_Handler
 .text.Default_Handler
                0x08003efc        0x2 ./Core/Startup/startup_stm32l432kcux.o
                0x08003efc                RTC_Alarm_IRQHandler
                0x08003efc                EXTI2_IRQHandler
                0x08003efc                TIM1_CC_IRQHandler
                0x08003efc                TSC_IRQHandler
                0x08003efc                TAMP_STAMP_IRQHandler
                0x08003efc                EXTI3_IRQHandler
                0x08003efc                LPTIM2_IRQHandler
                0x08003efc                I2C3_ER_IRQHandler
                0x08003efc                EXTI0_IRQHandler
                0x08003efc                CAN1_RX0_IRQHandler
                0x08003efc                FPU_IRQHandler
                0x08003efc                TIM1_UP_TIM16_IRQHandler
                0x08003efc                SPI1_IRQHandler
                0x08003efc                TIM6_DAC_IRQHandler
                0x08003efc                DMA2_Channel2_IRQHandler
                0x08003efc                DMA1_Channel4_IRQHandler
                0x08003efc                ADC1_IRQHandler
                0x08003efc                DMA1_Channel7_IRQHandler
                0x08003efc                CAN1_RX1_IRQHandler
                0x08003efc                DMA2_Channel1_IRQHandler
                0x08003efc                QUADSPI_IRQHandler
                0x08003efc                I2C1_EV_IRQHandler
                0x08003efc                DMA1_Channel6_IRQHandler
                0x08003efc                DMA2_Channel4_IRQHandler
                0x08003efc                RCC_IRQHandler
                0x08003efc                TIM1_TRG_COM_IRQHandler
                0x08003efc                DMA1_Channel1_IRQHandler
                0x08003efc                Default_Handler
                0x08003efc                DMA2_Channel7_IRQHandler
                0x08003efc                EXTI15_10_IRQHandler
                0x08003efc                I2C3_EV_IRQHandler
                0x08003efc                USB_IRQHandler
                0x08003efc                EXTI9_5_IRQHandler
                0x08003efc                RTC_WKUP_IRQHandler
                0x08003efc                PVD_PVM_IRQHandler
                0x08003efc                CAN1_TX_IRQHandler
                0x08003efc                DMA2_Channel5_IRQHandler
                0x08003efc                CRS_IRQHandler
                0x08003efc                DMA1_Channel5_IRQHandler
                0x08003efc                EXTI4_IRQHandler
                0x08003efc                RNG_IRQHandler
                0x08003efc                DMA1_Channel3_IRQHandler
                0x08003efc                COMP_IRQHandler
                0x08003efc                WWDG_IRQHandler
                0x08003efc                LPUART1_IRQHandler
                0x08003efc                DMA2_Channel6_IRQHandler
                0x08003efc                TIM2_IRQHandler
                0x08003efc                EXTI1_IRQHandler
                0x08003efc                DMA1_Channel2_IRQHandler
                0x08003efc                CAN1_SCE_IRQHandler
                0x08003efc                FLASH_IRQHandler
                0x08003efc                USART1_IRQHandler
                0x08003efc                SPI3_IRQHandler
                0x08003efc                I2C1_ER_IRQHandler
                0x08003efc                SWPMI1_IRQHandler
                0x08003efc                LPTIM1_IRQHandler
                0x08003efc                SAI1_IRQHandler
                0x08003efc                DMA2_Channel3_IRQHandler
                0x08003efc                TIM1_BRK_TIM15_IRQHandler
 .text.ssd1306_Reset
                0x08003efe        0xe ./Drivers/OLED/ssd1306.o
                0x08003efe                ssd1306_Reset
 .text.ssd1306_WriteCommand
                0x08003f0c       0x30 ./Drivers/OLED/ssd1306.o
                0x08003f0c                ssd1306_WriteCommand
 .text.ssd1306_WriteData
                0x08003f3c       0x34 ./Drivers/OLED/ssd1306.o
                0x08003f3c                ssd1306_WriteData
 .text.ssd1306_Init
                0x08003f70       0xd4 ./Drivers/OLED/ssd1306.o
                0x08003f70                ssd1306_Init
 .text.ssd1306_Fill
                0x08004044       0x30 ./Drivers/OLED/ssd1306.o
                0x08004044                ssd1306_Fill
 .text.ssd1306_UpdateScreen
                0x08004074       0x50 ./Drivers/OLED/ssd1306.o
                0x08004074                ssd1306_UpdateScreen
 .text.ssd1306_DrawPixel
                0x080040c4       0xa8 ./Drivers/OLED/ssd1306.o
                0x080040c4                ssd1306_DrawPixel
 .text.ssd1306_WriteChar
                0x0800416c      0x124 ./Drivers/OLED/ssd1306.o
                0x0800416c                ssd1306_WriteChar
 .text.ssd1306_WriteString
                0x08004290       0x4c ./Drivers/OLED/ssd1306.o
                0x08004290                ssd1306_WriteString
 .text.ssd1306_SetCursor
                0x080042dc       0x30 ./Drivers/OLED/ssd1306.o
                0x080042dc                ssd1306_SetCursor
 .text.ssd1306_FillRectangle
                0x0800430c       0x9c ./Drivers/OLED/ssd1306.o
                0x0800430c                ssd1306_FillRectangle
 .text.ssd1306_SetContrast
                0x080043a8       0x26 ./Drivers/OLED/ssd1306.o
                0x080043a8                ssd1306_SetContrast
 *fill*         0x080043ce        0x2 
 .text.ssd1306_SetDisplayOn
                0x080043d0       0x3c ./Drivers/OLED/ssd1306.o
                0x080043d0                ssd1306_SetDisplayOn
 .text.HAL_Init
                0x0800440c       0x30 ./Drivers/STM32L4xx_HAL_Driver/Src/stm32l4xx_hal.o
                0x0800440c                HAL_Init
 .text.HAL_IncTick
                0x0800443c       0x28 ./Drivers/STM32L4xx_HAL_Driver/Src/stm32l4xx_hal.o
                0x0800443c                HAL_IncTick
 .text.HAL_GetTick
                0x08004464       0x18 ./Drivers/STM32L4xx_HAL_Driver/Src/stm32l4xx_hal.o
                0x08004464                HAL_GetTick
 .text.HAL_Delay
                0x0800447c       0x48 ./Drivers/STM32L4xx_HAL_Driver/Src/stm32l4xx_hal.o
                0x0800447c                HAL_Delay
 .text.__NVIC_SetPriorityGrouping
                0x080044c4       0x48 ./Drivers/STM32L4xx_HAL_Driver/Src/stm32l4xx_hal_cortex.o
 .text.__NVIC_GetPriorityGrouping
                0x0800450c       0x1c ./Drivers/STM32L4xx_HAL_Driver/Src/stm32l4xx_hal_cortex.o
 .text.__NVIC_EnableIRQ
                0x08004528       0x3c ./Drivers/STM32L4xx_HAL_Driver/Src/stm32l4xx_hal_cortex.o
 .text.__NVIC_SetPriority
                0x08004564       0x54 ./Drivers/STM32L4xx_HAL_Driver/Src/stm32l4xx_hal_cortex.o
 .text.NVIC_EncodePriority
                0x080045b8       0x66 ./Drivers/STM32L4xx_HAL_Driver/Src/stm32l4xx_hal_cortex.o
 .text.HAL_NVIC_SetPriorityGrouping
                0x0800461e       0x16 ./Drivers/STM32L4xx_HAL_Driver/Src/stm32l4xx_hal_cortex.o
                0x0800461e                HAL_NVIC_SetPriorityGrouping
 .text.HAL_NVIC_SetPriority
                0x08004634       0x38 ./Drivers/STM32L4xx_HAL_Driver/Src/stm32l4xx_hal_cortex.o
                0x08004634                HAL_NVIC_SetPriority
 .text.HAL_NVIC_EnableIRQ
                0x0800466c       0x1c ./Drivers/STM32L4xx_HAL_Driver/Src/stm32l4xx_hal_cortex.o
                0x0800466c                HAL_NVIC_EnableIRQ
 .text.HAL_DMA_Abort
                0x08004688       0x7c ./Drivers/STM32L4xx_HAL_Driver/Src/stm32l4xx_hal_dma.o
                0x08004688                HAL_DMA_Abort
 .text.HAL_DMA_Abort_IT
                0x08004704       0x82 ./Drivers/STM32L4xx_HAL_Driver/Src/stm32l4xx_hal_dma.o
                0x08004704                HAL_DMA_Abort_IT
 *fill*         0x08004786        0x2 
 .text.HAL_GPIO_Init
                0x08004788      0x2d4 ./Drivers/STM32L4xx_HAL_Driver/Src/stm32l4xx_hal_gpio.o
                0x08004788                HAL_GPIO_Init
 .text.HAL_GPIO_ReadPin
                0x08004a5c       0x30 ./Drivers/STM32L4xx_HAL_Driver/Src/stm32l4xx_hal_gpio.o
                0x08004a5c                HAL_GPIO_ReadPin
 .text.HAL_GPIO_WritePin
                0x08004a8c       0x30 ./Drivers/STM32L4xx_HAL_Driver/Src/stm32l4xx_hal_gpio.o
                0x08004a8c                HAL_GPIO_WritePin
 .text.HAL_GPIO_TogglePin
                0x08004abc       0x34 ./Drivers/STM32L4xx_HAL_Driver/Src/stm32l4xx_hal_gpio.o
                0x08004abc                HAL_GPIO_TogglePin
 .text.HAL_I2C_Init
                0x08004af0      0x136 ./Drivers/STM32L4xx_HAL_Driver/Src/stm32l4xx_hal_i2c.o
                0x08004af0                HAL_I2C_Init
 *fill*         0x08004c26        0x2 
 .text.HAL_I2C_Master_Transmit
                0x08004c28      0x230 ./Drivers/STM32L4xx_HAL_Driver/Src/stm32l4xx_hal_i2c.o
                0x08004c28                HAL_I2C_Master_Transmit
 .text.HAL_I2C_Master_Receive
                0x08004e58      0x1ec ./Drivers/STM32L4xx_HAL_Driver/Src/stm32l4xx_hal_i2c.o
                0x08004e58                HAL_I2C_Master_Receive
 .text.HAL_I2C_Mem_Write
                0x08005044      0x228 ./Drivers/STM32L4xx_HAL_Driver/Src/stm32l4xx_hal_i2c.o
                0x08005044                HAL_I2C_Mem_Write
 .text.I2C_RequestMemoryWrite
                0x0800526c       0xa8 ./Drivers/STM32L4xx_HAL_Driver/Src/stm32l4xx_hal_i2c.o
 .text.I2C_Flush_TXDR
                0x08005314       0x48 ./Drivers/STM32L4xx_HAL_Driver/Src/stm32l4xx_hal_i2c.o
 .text.I2C_WaitOnFlagUntilTimeout
                0x0800535c       0xb2 ./Drivers/STM32L4xx_HAL_Driver/Src/stm32l4xx_hal_i2c.o
 .text.I2C_WaitOnTXISFlagUntilTimeout
                0x0800540e       0x8e ./Drivers/STM32L4xx_HAL_Driver/Src/stm32l4xx_hal_i2c.o
 .text.I2C_WaitOnSTOPFlagUntilTimeout
                0x0800549c       0x86 ./Drivers/STM32L4xx_HAL_Driver/Src/stm32l4xx_hal_i2c.o
 *fill*         0x08005522        0x2 
 .text.I2C_WaitOnRXNEFlagUntilTimeout
                0x08005524      0x118 ./Drivers/STM32L4xx_HAL_Driver/Src/stm32l4xx_hal_i2c.o
 .text.I2C_IsErrorOccurred
                0x0800563c      0x1c0 ./Drivers/STM32L4xx_HAL_Driver/Src/stm32l4xx_hal_i2c.o
 .text.I2C_TransferConfig
                0x080057fc       0x64 ./Drivers/STM32L4xx_HAL_Driver/Src/stm32l4xx_hal_i2c.o
 .text.HAL_I2CEx_ConfigAnalogFilter
                0x08005860       0x96 ./Drivers/STM32L4xx_HAL_Driver/Src/stm32l4xx_hal_i2c_ex.o
                0x08005860                HAL_I2CEx_ConfigAnalogFilter
 .text.HAL_I2CEx_ConfigDigitalFilter
                0x080058f6       0x98 ./Drivers/STM32L4xx_HAL_Driver/Src/stm32l4xx_hal_i2c_ex.o
                0x080058f6                HAL_I2CEx_ConfigDigitalFilter
 *fill*         0x0800598e        0x2 
 .text.HAL_PWREx_GetVoltageRange
                0x08005990       0x1c ./Drivers/STM32L4xx_HAL_Driver/Src/stm32l4xx_hal_pwr_ex.o
                0x08005990                HAL_PWREx_GetVoltageRange
 .text.HAL_PWREx_ControlVoltageScaling
                0x080059ac       0xac ./Drivers/STM32L4xx_HAL_Driver/Src/stm32l4xx_hal_pwr_ex.o
                0x080059ac                HAL_PWREx_ControlVoltageScaling
 .text.HAL_RCC_OscConfig
                0x08005a58      0x828 ./Drivers/STM32L4xx_HAL_Driver/Src/stm32l4xx_hal_rcc.o
                0x08005a58                HAL_RCC_OscConfig
 .text.HAL_RCC_ClockConfig
                0x08006280      0x200 ./Drivers/STM32L4xx_HAL_Driver/Src/stm32l4xx_hal_rcc.o
                0x08006280                HAL_RCC_ClockConfig
 .text.HAL_RCC_GetSysClockFreq
                0x08006480      0x118 ./Drivers/STM32L4xx_HAL_Driver/Src/stm32l4xx_hal_rcc.o
                0x08006480                HAL_RCC_GetSysClockFreq
 .text.HAL_RCC_GetHCLKFreq
                0x08006598       0x18 ./Drivers/STM32L4xx_HAL_Driver/Src/stm32l4xx_hal_rcc.o
                0x08006598                HAL_RCC_GetHCLKFreq
 .text.HAL_RCC_GetPCLK1Freq
                0x080065b0       0x2c ./Drivers/STM32L4xx_HAL_Driver/Src/stm32l4xx_hal_rcc.o
                0x080065b0                HAL_RCC_GetPCLK1Freq
 .text.HAL_RCC_GetPCLK2Freq
                0x080065dc       0x2c ./Drivers/STM32L4xx_HAL_Driver/Src/stm32l4xx_hal_rcc.o
                0x080065dc                HAL_RCC_GetPCLK2Freq
 .text.HAL_RCC_GetClockConfig
                0x08006608       0x64 ./Drivers/STM32L4xx_HAL_Driver/Src/stm32l4xx_hal_rcc.o
                0x08006608                HAL_RCC_GetClockConfig
 .text.RCC_SetFlashLatencyFromMSIRange
                0x0800666c       0xc0 ./Drivers/STM32L4xx_HAL_Driver/Src/stm32l4xx_hal_rcc.o
 .text.HAL_RCCEx_PeriphCLKConfig
                0x0800672c      0x3ec ./Drivers/STM32L4xx_HAL_Driver/Src/stm32l4xx_hal_rcc_ex.o
                0x0800672c                HAL_RCCEx_PeriphCLKConfig
 .text.RCCEx_PLLSAI1_Config
                0x08006b18      0x1e4 ./Drivers/STM32L4xx_HAL_Driver/Src/stm32l4xx_hal_rcc_ex.o
 .text.HAL_TIM_Base_Init
                0x08006cfc       0xae ./Drivers/STM32L4xx_HAL_Driver/Src/stm32l4xx_hal_tim.o
                0x08006cfc                HAL_TIM_Base_Init
 .text.HAL_TIM_Base_MspInit
                0x08006daa       0x14 ./Drivers/STM32L4xx_HAL_Driver/Src/stm32l4xx_hal_tim.o
                0x08006daa                HAL_TIM_Base_MspInit
 *fill*         0x08006dbe        0x2 
 .text.HAL_TIM_Base_Start_IT
                0x08006dc0       0xa8 ./Drivers/STM32L4xx_HAL_Driver/Src/stm32l4xx_hal_tim.o
                0x08006dc0                HAL_TIM_Base_Start_IT
 .text.HAL_TIM_IRQHandler
                0x08006e68      0x20e ./Drivers/STM32L4xx_HAL_Driver/Src/stm32l4xx_hal_tim.o
                0x08006e68                HAL_TIM_IRQHandler
 .text.HAL_TIM_OC_DelayElapsedCallback
                0x08007076       0x14 ./Drivers/STM32L4xx_HAL_Driver/Src/stm32l4xx_hal_tim.o
                0x08007076                HAL_TIM_OC_DelayElapsedCallback
 .text.HAL_TIM_IC_CaptureCallback
                0x0800708a       0x14 ./Drivers/STM32L4xx_HAL_Driver/Src/stm32l4xx_hal_tim.o
                0x0800708a                HAL_TIM_IC_CaptureCallback
 .text.HAL_TIM_PWM_PulseFinishedCallback
                0x0800709e       0x14 ./Drivers/STM32L4xx_HAL_Driver/Src/stm32l4xx_hal_tim.o
                0x0800709e                HAL_TIM_PWM_PulseFinishedCallback
 .text.HAL_TIM_TriggerCallback
                0x080070b2       0x14 ./Drivers/STM32L4xx_HAL_Driver/Src/stm32l4xx_hal_tim.o
                0x080070b2                HAL_TIM_TriggerCallback
 *fill*         0x080070c6        0x2 
 .text.TIM_Base_SetConfig
                0x080070c8       0xe0 ./Drivers/STM32L4xx_HAL_Driver/Src/stm32l4xx_hal_tim.o
                0x080070c8                TIM_Base_SetConfig
 .text.HAL_TIMEx_CommutCallback
                0x080071a8       0x14 ./Drivers/STM32L4xx_HAL_Driver/Src/stm32l4xx_hal_tim_ex.o
                0x080071a8                HAL_TIMEx_CommutCallback
 .text.HAL_TIMEx_BreakCallback
                0x080071bc       0x14 ./Drivers/STM32L4xx_HAL_Driver/Src/stm32l4xx_hal_tim_ex.o
                0x080071bc                HAL_TIMEx_BreakCallback
 .text.HAL_TIMEx_Break2Callback
                0x080071d0       0x14 ./Drivers/STM32L4xx_HAL_Driver/Src/stm32l4xx_hal_tim_ex.o
                0x080071d0                HAL_TIMEx_Break2Callback
 .text.HAL_UART_Transmit
                0x080071e4      0x112 ./Drivers/STM32L4xx_HAL_Driver/Src/stm32l4xx_hal_uart.o
                0x080071e4                HAL_UART_Transmit
 *fill*         0x080072f6        0x2 
 .text.HAL_UART_IRQHandler
                0x080072f8      0x60c ./Drivers/STM32L4xx_HAL_Driver/Src/stm32l4xx_hal_uart.o
                0x080072f8                HAL_UART_IRQHandler
 .text.HAL_UART_TxCpltCallback
                0x08007904       0x14 ./Drivers/STM32L4xx_HAL_Driver/Src/stm32l4xx_hal_uart.o
                0x08007904                HAL_UART_TxCpltCallback
 .text.HAL_UART_ErrorCallback
                0x08007918       0x14 ./Drivers/STM32L4xx_HAL_Driver/Src/stm32l4xx_hal_uart.o
                0x08007918                HAL_UART_ErrorCallback
 .text.HAL_UARTEx_RxEventCallback
                0x0800792c       0x18 ./Drivers/STM32L4xx_HAL_Driver/Src/stm32l4xx_hal_uart.o
                0x0800792c                HAL_UARTEx_RxEventCallback
 .text.UART_SetConfig
                0x08007944      0x458 ./Drivers/STM32L4xx_HAL_Driver/Src/stm32l4xx_hal_uart.o
                0x08007944                UART_SetConfig
 .text.UART_AdvFeatureConfig
                0x08007d9c      0x144 ./Drivers/STM32L4xx_HAL_Driver/Src/stm32l4xx_hal_uart.o
                0x08007d9c                UART_AdvFeatureConfig
 .text.UART_CheckIdleState
                0x08007ee0      0x150 ./Drivers/STM32L4xx_HAL_Driver/Src/stm32l4xx_hal_uart.o
                0x08007ee0                UART_CheckIdleState
 .text.UART_WaitOnFlagUntilTimeout
                0x08008030       0xda ./Drivers/STM32L4xx_HAL_Driver/Src/stm32l4xx_hal_uart.o
                0x08008030                UART_WaitOnFlagUntilTimeout
 .text.UART_EndRxTransfer
                0x0800810a       0xc8 ./Drivers/STM32L4xx_HAL_Driver/Src/stm32l4xx_hal_uart.o
 .text.UART_DMAAbortOnError
                0x080081d2       0x2c ./Drivers/STM32L4xx_HAL_Driver/Src/stm32l4xx_hal_uart.o
 .text.UART_EndTransmit_IT
                0x080081fe       0x54 ./Drivers/STM32L4xx_HAL_Driver/Src/stm32l4xx_hal_uart.o
 .text.HAL_RS485Ex_Init
                0x08008252       0xce ./Drivers/STM32L4xx_HAL_Driver/Src/stm32l4xx_hal_uart_ex.o
                0x08008252                HAL_RS485Ex_Init
 .text.HAL_UARTEx_WakeupCallback
                0x08008320       0x14 ./Drivers/STM32L4xx_HAL_Driver/Src/stm32l4xx_hal_uart_ex.o
                0x08008320                HAL_UARTEx_WakeupCallback
 .text.__NVIC_SetPriority
                0x08008334       0x54 ./Middlewares/Third_Party/FreeRTOS/Source/CMSIS_RTOS_V2/cmsis_os2.o
 .text.SysTick_Handler
                0x08008388       0x20 ./Middlewares/Third_Party/FreeRTOS/Source/CMSIS_RTOS_V2/cmsis_os2.o
                0x08008388                SysTick_Handler
 .text.SVC_Setup
                0x080083a8       0x12 ./Middlewares/Third_Party/FreeRTOS/Source/CMSIS_RTOS_V2/cmsis_os2.o
 *fill*         0x080083ba        0x2 
 .text.osKernelInitialize
                0x080083bc       0x48 ./Middlewares/Third_Party/FreeRTOS/Source/CMSIS_RTOS_V2/cmsis_os2.o
                0x080083bc                osKernelInitialize
 .text.osKernelStart
                0x08008404       0x4c ./Middlewares/Third_Party/FreeRTOS/Source/CMSIS_RTOS_V2/cmsis_os2.o
                0x08008404                osKernelStart
 .text.osKernelGetTickCount
                0x08008450       0x2a ./Middlewares/Third_Party/FreeRTOS/Source/CMSIS_RTOS_V2/cmsis_os2.o
                0x08008450                osKernelGetTickCount
 .text.osThreadNew
                0x0800847a      0x124 ./Middlewares/Third_Party/FreeRTOS/Source/CMSIS_RTOS_V2/cmsis_os2.o
                0x0800847a                osThreadNew
 .text.osDelay  0x0800859e       0x36 ./Middlewares/Third_Party/FreeRTOS/Source/CMSIS_RTOS_V2/cmsis_os2.o
                0x0800859e                osDelay
 .text.TimerCallback
                0x080085d4       0x2a ./Middlewares/Third_Party/FreeRTOS/Source/CMSIS_RTOS_V2/cmsis_os2.o
 *fill*         0x080085fe        0x2 
 .text.osTimerNew
                0x08008600       0xf8 ./Middlewares/Third_Party/FreeRTOS/Source/CMSIS_RTOS_V2/cmsis_os2.o
                0x08008600                osTimerNew
 .text.osEventFlagsNew
                0x080086f8       0x7e ./Middlewares/Third_Party/FreeRTOS/Source/CMSIS_RTOS_V2/cmsis_os2.o
                0x080086f8                osEventFlagsNew
 .text.osMutexNew
                0x08008776      0x10c ./Middlewares/Third_Party/FreeRTOS/Source/CMSIS_RTOS_V2/cmsis_os2.o
                0x08008776                osMutexNew
 .text.osMutexAcquire
                0x08008882       0x96 ./Middlewares/Third_Party/FreeRTOS/Source/CMSIS_RTOS_V2/cmsis_os2.o
                0x08008882                osMutexAcquire
 .text.osMutexRelease
                0x08008918       0x7a ./Middlewares/Third_Party/FreeRTOS/Source/CMSIS_RTOS_V2/cmsis_os2.o
                0x08008918                osMutexRelease
 .text.osSemaphoreNew
                0x08008992      0x112 ./Middlewares/Third_Party/FreeRTOS/Source/CMSIS_RTOS_V2/cmsis_os2.o
                0x08008992                osSemaphoreNew
 .text.osSemaphoreAcquire
                0x08008aa4       0xa4 ./Middlewares/Third_Party/FreeRTOS/Source/CMSIS_RTOS_V2/cmsis_os2.o
                0x08008aa4                osSemaphoreAcquire
 .text.osSemaphoreRelease
                0x08008b48       0x88 ./Middlewares/Third_Party/FreeRTOS/Source/CMSIS_RTOS_V2/cmsis_os2.o
                0x08008b48                osSemaphoreRelease
 .text.vApplicationGetIdleTaskMemory
                0x08008bd0       0x34 ./Middlewares/Third_Party/FreeRTOS/Source/CMSIS_RTOS_V2/cmsis_os2.o
                0x08008bd0                vApplicationGetIdleTaskMemory
 .text.vApplicationGetTimerTaskMemory
                0x08008c04       0x34 ./Middlewares/Third_Party/FreeRTOS/Source/CMSIS_RTOS_V2/cmsis_os2.o
                0x08008c04                vApplicationGetTimerTaskMemory
 .text.xEventGroupCreateStatic
                0x08008c38       0x72 ./Middlewares/Third_Party/FreeRTOS/Source/event_groups.o
                0x08008c38                xEventGroupCreateStatic
 .text.xEventGroupCreate
                0x08008caa       0x34 ./Middlewares/Third_Party/FreeRTOS/Source/event_groups.o
                0x08008caa                xEventGroupCreate
 .text.vListInitialise
                0x08008cde       0x40 ./Middlewares/Third_Party/FreeRTOS/Source/list.o
                0x08008cde                vListInitialise
 .text.vListInitialiseItem
                0x08008d1e       0x1a ./Middlewares/Third_Party/FreeRTOS/Source/list.o
                0x08008d1e                vListInitialiseItem
 .text.vListInsertEnd
                0x08008d38       0x48 ./Middlewares/Third_Party/FreeRTOS/Source/list.o
                0x08008d38                vListInsertEnd
 .text.vListInsert
                0x08008d80       0x72 ./Middlewares/Third_Party/FreeRTOS/Source/list.o
                0x08008d80                vListInsert
 .text.uxListRemove
                0x08008df2       0x54 ./Middlewares/Third_Party/FreeRTOS/Source/list.o
                0x08008df2                uxListRemove
 *fill*         0x08008e46        0x2 
 .text.xQueueGenericReset
                0x08008e48       0xd4 ./Middlewares/Third_Party/FreeRTOS/Source/queue.o
                0x08008e48                xQueueGenericReset
 .text.xQueueGenericCreateStatic
                0x08008f1c       0xfa ./Middlewares/Third_Party/FreeRTOS/Source/queue.o
                0x08008f1c                xQueueGenericCreateStatic
 .text.xQueueGenericCreate
                0x08009016       0x76 ./Middlewares/Third_Party/FreeRTOS/Source/queue.o
                0x08009016                xQueueGenericCreate
 .text.prvInitialiseNewQueue
                0x0800908c       0x46 ./Middlewares/Third_Party/FreeRTOS/Source/queue.o
 .text.prvInitialiseMutex
                0x080090d2       0x34 ./Middlewares/Third_Party/FreeRTOS/Source/queue.o
 .text.xQueueCreateMutex
                0x08009106       0x30 ./Middlewares/Third_Party/FreeRTOS/Source/queue.o
                0x08009106                xQueueCreateMutex
 .text.xQueueCreateMutexStatic
                0x08009136       0x36 ./Middlewares/Third_Party/FreeRTOS/Source/queue.o
                0x08009136                xQueueCreateMutexStatic
 .text.xQueueGiveMutexRecursive
                0x0800916c       0x6a ./Middlewares/Third_Party/FreeRTOS/Source/queue.o
                0x0800916c                xQueueGiveMutexRecursive
 .text.xQueueTakeMutexRecursive
                0x080091d6       0x6e ./Middlewares/Third_Party/FreeRTOS/Source/queue.o
                0x080091d6                xQueueTakeMutexRecursive
 .text.xQueueCreateCountingSemaphoreStatic
                0x08009244       0x72 ./Middlewares/Third_Party/FreeRTOS/Source/queue.o
                0x08009244                xQueueCreateCountingSemaphoreStatic
 .text.xQueueCreateCountingSemaphore
                0x080092b6       0x6a ./Middlewares/Third_Party/FreeRTOS/Source/queue.o
                0x080092b6                xQueueCreateCountingSemaphore
 .text.xQueueGenericSend
                0x08009320      0x204 ./Middlewares/Third_Party/FreeRTOS/Source/queue.o
                0x08009320                xQueueGenericSend
 .text.xQueueGenericSendFromISR
                0x08009524      0x13c ./Middlewares/Third_Party/FreeRTOS/Source/queue.o
                0x08009524                xQueueGenericSendFromISR
 .text.xQueueGiveFromISR
                0x08009660      0x120 ./Middlewares/Third_Party/FreeRTOS/Source/queue.o
                0x08009660                xQueueGiveFromISR
 .text.xQueueReceive
                0x08009780      0x1c4 ./Middlewares/Third_Party/FreeRTOS/Source/queue.o
                0x08009780                xQueueReceive
 .text.xQueueSemaphoreTake
                0x08009944      0x220 ./Middlewares/Third_Party/FreeRTOS/Source/queue.o
                0x08009944                xQueueSemaphoreTake
 .text.xQueueReceiveFromISR
                0x08009b64      0x104 ./Middlewares/Third_Party/FreeRTOS/Source/queue.o
                0x08009b64                xQueueReceiveFromISR
 .text.vQueueDelete
                0x08009c68       0x48 ./Middlewares/Third_Party/FreeRTOS/Source/queue.o
                0x08009c68                vQueueDelete
 .text.prvGetDisinheritPriorityAfterTimeout
                0x08009cb0       0x30 ./Middlewares/Third_Party/FreeRTOS/Source/queue.o
 .text.prvCopyDataToQueue
                0x08009ce0       0xd4 ./Middlewares/Third_Party/FreeRTOS/Source/queue.o
 .text.prvCopyDataFromQueue
                0x08009db4       0x4c ./Middlewares/Third_Party/FreeRTOS/Source/queue.o
 .text.prvUnlockQueue
                0x08009e00       0xa4 ./Middlewares/Third_Party/FreeRTOS/Source/queue.o
 .text.prvIsQueueEmpty
                0x08009ea4       0x2c ./Middlewares/Third_Party/FreeRTOS/Source/queue.o
 .text.prvIsQueueFull
                0x08009ed0       0x30 ./Middlewares/Third_Party/FreeRTOS/Source/queue.o
 .text.vQueueAddToRegistry
                0x08009f00       0x54 ./Middlewares/Third_Party/FreeRTOS/Source/queue.o
                0x08009f00                vQueueAddToRegistry
 .text.vQueueUnregisterQueue
                0x08009f54       0x54 ./Middlewares/Third_Party/FreeRTOS/Source/queue.o
                0x08009f54                vQueueUnregisterQueue
 .text.vQueueWaitForMessageRestricted
                0x08009fa8       0x68 ./Middlewares/Third_Party/FreeRTOS/Source/queue.o
                0x08009fa8                vQueueWaitForMessageRestricted
 .text.xTaskCreateStatic
                0x0800a010       0xc0 ./Middlewares/Third_Party/FreeRTOS/Source/tasks.o
                0x0800a010                xTaskCreateStatic
 .text.xTaskCreate
                0x0800a0d0       0x8a ./Middlewares/Third_Party/FreeRTOS/Source/tasks.o
                0x0800a0d0                xTaskCreate
 *fill*         0x0800a15a        0x2 
 .text.prvInitialiseNewTask
                0x0800a15c      0x150 ./Middlewares/Third_Party/FreeRTOS/Source/tasks.o
 .text.prvAddNewTaskToReadyList
                0x0800a2ac       0xe0 ./Middlewares/Third_Party/FreeRTOS/Source/tasks.o
 .text.vTaskDelay
                0x0800a38c       0x6c ./Middlewares/Third_Party/FreeRTOS/Source/tasks.o
                0x0800a38c                vTaskDelay
 .text.vTaskStartScheduler
                0x0800a3f8       0xe0 ./Middlewares/Third_Party/FreeRTOS/Source/tasks.o
                0x0800a3f8                vTaskStartScheduler
 .text.vTaskSuspendAll
                0x0800a4d8       0x1c ./Middlewares/Third_Party/FreeRTOS/Source/tasks.o
                0x0800a4d8                vTaskSuspendAll
 .text.xTaskResumeAll
                0x0800a4f4      0x13c ./Middlewares/Third_Party/FreeRTOS/Source/tasks.o
                0x0800a4f4                xTaskResumeAll
 .text.xTaskGetTickCount
                0x0800a630       0x20 ./Middlewares/Third_Party/FreeRTOS/Source/tasks.o
                0x0800a630                xTaskGetTickCount
 .text.xTaskGetTickCountFromISR
                0x0800a650       0x24 ./Middlewares/Third_Party/FreeRTOS/Source/tasks.o
                0x0800a650                xTaskGetTickCountFromISR
 .text.xTaskIncrementTick
                0x0800a674      0x174 ./Middlewares/Third_Party/FreeRTOS/Source/tasks.o
                0x0800a674                xTaskIncrementTick
 .text.vTaskSwitchContext
                0x0800a7e8       0xcc ./Middlewares/Third_Party/FreeRTOS/Source/tasks.o
                0x0800a7e8                vTaskSwitchContext
 .text.vTaskPlaceOnEventList
                0x0800a8b4       0x4c ./Middlewares/Third_Party/FreeRTOS/Source/tasks.o
                0x0800a8b4                vTaskPlaceOnEventList
 .text.vTaskPlaceOnEventListRestricted
                0x0800a900       0x58 ./Middlewares/Third_Party/FreeRTOS/Source/tasks.o
                0x0800a900                vTaskPlaceOnEventListRestricted
 .text.xTaskRemoveFromEventList
                0x0800a958       0xc8 ./Middlewares/Third_Party/FreeRTOS/Source/tasks.o
                0x0800a958                xTaskRemoveFromEventList
 .text.vTaskInternalSetTimeOutState
                0x0800aa20       0x2c ./Middlewares/Third_Party/FreeRTOS/Source/tasks.o
                0x0800aa20                vTaskInternalSetTimeOutState
 .text.xTaskCheckForTimeOut
                0x0800aa4c       0xc8 ./Middlewares/Third_Party/FreeRTOS/Source/tasks.o
                0x0800aa4c                xTaskCheckForTimeOut
 .text.vTaskMissedYield
                0x0800ab14       0x18 ./Middlewares/Third_Party/FreeRTOS/Source/tasks.o
                0x0800ab14                vTaskMissedYield
 .text.prvIdleTask
                0x0800ab2c       0x30 ./Middlewares/Third_Party/FreeRTOS/Source/tasks.o
 .text.prvInitialiseTaskLists
                0x0800ab5c       0x80 ./Middlewares/Third_Party/FreeRTOS/Source/tasks.o
 .text.prvCheckTasksWaitingTermination
                0x0800abdc       0x5c ./Middlewares/Third_Party/FreeRTOS/Source/tasks.o
 .text.prvDeleteTCB
                0x0800ac38       0x6a ./Middlewares/Third_Party/FreeRTOS/Source/tasks.o
 *fill*         0x0800aca2        0x2 
 .text.prvResetNextTaskUnblockTime
                0x0800aca4       0x40 ./Middlewares/Third_Party/FreeRTOS/Source/tasks.o
 .text.xTaskGetCurrentTaskHandle
                0x0800ace4       0x20 ./Middlewares/Third_Party/FreeRTOS/Source/tasks.o
                0x0800ace4                xTaskGetCurrentTaskHandle
 .text.xTaskGetSchedulerState
                0x0800ad04       0x3c ./Middlewares/Third_Party/FreeRTOS/Source/tasks.o
                0x0800ad04                xTaskGetSchedulerState
 .text.xTaskPriorityInherit
                0x0800ad40       0xd0 ./Middlewares/Third_Party/FreeRTOS/Source/tasks.o
                0x0800ad40                xTaskPriorityInherit
 .text.xTaskPriorityDisinherit
                0x0800ae10       0xe0 ./Middlewares/Third_Party/FreeRTOS/Source/tasks.o
                0x0800ae10                xTaskPriorityDisinherit
 .text.vTaskPriorityDisinheritAfterTimeout
                0x0800aef0      0x108 ./Middlewares/Third_Party/FreeRTOS/Source/tasks.o
                0x0800aef0                vTaskPriorityDisinheritAfterTimeout
 .text.pvTaskIncrementMutexHeldCount
                0x0800aff8       0x28 ./Middlewares/Third_Party/FreeRTOS/Source/tasks.o
                0x0800aff8                pvTaskIncrementMutexHeldCount
 .text.prvAddCurrentTaskToDelayedList
                0x0800b020       0xa8 ./Middlewares/Third_Party/FreeRTOS/Source/tasks.o
 .text.xTimerCreateTimerTask
                0x0800b0c8       0x94 ./Middlewares/Third_Party/FreeRTOS/Source/timers.o
                0x0800b0c8                xTimerCreateTimerTask
 .text.xTimerCreate
                0x0800b15c       0x42 ./Middlewares/Third_Party/FreeRTOS/Source/timers.o
                0x0800b15c                xTimerCreate
 .text.xTimerCreateStatic
                0x0800b19e       0x80 ./Middlewares/Third_Party/FreeRTOS/Source/timers.o
                0x0800b19e                xTimerCreateStatic
 .text.prvInitialiseNewTimer
                0x0800b21e       0x78 ./Middlewares/Third_Party/FreeRTOS/Source/timers.o
 *fill*         0x0800b296        0x2 
 .text.xTimerGenericCommand
                0x0800b298       0x9c ./Middlewares/Third_Party/FreeRTOS/Source/timers.o
                0x0800b298                xTimerGenericCommand
 .text.prvProcessExpiredTimer
                0x0800b334       0x9c ./Middlewares/Third_Party/FreeRTOS/Source/timers.o
 .text.prvTimerTask
                0x0800b3d0       0x26 ./Middlewares/Third_Party/FreeRTOS/Source/timers.o
 *fill*         0x0800b3f6        0x2 
 .text.prvProcessTimerOrBlockTask
                0x0800b3f8       0x9c ./Middlewares/Third_Party/FreeRTOS/Source/timers.o
 .text.prvGetNextExpireTime
                0x0800b494       0x48 ./Middlewares/Third_Party/FreeRTOS/Source/timers.o
 .text.prvSampleTimeNow
                0x0800b4dc       0x40 ./Middlewares/Third_Party/FreeRTOS/Source/timers.o
 .text.prvInsertTimerInActiveList
                0x0800b51c       0x84 ./Middlewares/Third_Party/FreeRTOS/Source/timers.o
 .text.prvProcessReceivedCommands
                0x0800b5a0      0x1cc ./Middlewares/Third_Party/FreeRTOS/Source/timers.o
 .text.prvSwitchTimerLists
                0x0800b76c       0xcc ./Middlewares/Third_Party/FreeRTOS/Source/timers.o
 .text.prvCheckForValidListAndQueue
                0x0800b838       0x80 ./Middlewares/Third_Party/FreeRTOS/Source/timers.o
 .text.pvTimerGetTimerID
                0x0800b8b8       0x42 ./Middlewares/Third_Party/FreeRTOS/Source/timers.o
                0x0800b8b8                pvTimerGetTimerID
 *fill*         0x0800b8fa        0x2 
 .text.pxPortInitialiseStack
                0x0800b8fc       0x68 ./Middlewares/Third_Party/FreeRTOS/Source/portable/GCC/ARM_CM4F/port.o
                0x0800b8fc                pxPortInitialiseStack
 .text.prvTaskExitError
                0x0800b964       0x5c ./Middlewares/Third_Party/FreeRTOS/Source/portable/GCC/ARM_CM4F/port.o
 .text.SVC_Handler
                0x0800b9c0       0x28 ./Middlewares/Third_Party/FreeRTOS/Source/portable/GCC/ARM_CM4F/port.o
                0x0800b9c0                SVC_Handler
 .text.prvPortStartFirstTask
                0x0800b9e8       0x28 ./Middlewares/Third_Party/FreeRTOS/Source/portable/GCC/ARM_CM4F/port.o
 .text.xPortStartScheduler
                0x0800ba10      0x148 ./Middlewares/Third_Party/FreeRTOS/Source/portable/GCC/ARM_CM4F/port.o
                0x0800ba10                xPortStartScheduler
 .text.vPortEnterCritical
                0x0800bb58       0x64 ./Middlewares/Third_Party/FreeRTOS/Source/portable/GCC/ARM_CM4F/port.o
                0x0800bb58                vPortEnterCritical
 .text.vPortExitCritical
                0x0800bbbc       0x54 ./Middlewares/Third_Party/FreeRTOS/Source/portable/GCC/ARM_CM4F/port.o
                0x0800bbbc                vPortExitCritical
 .text.PendSV_Handler
                0x0800bc10       0x68 ./Middlewares/Third_Party/FreeRTOS/Source/portable/GCC/ARM_CM4F/port.o
                0x0800bc10                PendSV_Handler
 .text.xPortSysTickHandler
                0x0800bc78       0x44 ./Middlewares/Third_Party/FreeRTOS/Source/portable/GCC/ARM_CM4F/port.o
                0x0800bc78                xPortSysTickHandler
 .text.vPortSetupTimerInterrupt
                0x0800bcbc       0x48 ./Middlewares/Third_Party/FreeRTOS/Source/portable/GCC/ARM_CM4F/port.o
                0x0800bcbc                vPortSetupTimerInterrupt
 .text.vPortEnableVFP
                0x0800bd04       0x14 ./Middlewares/Third_Party/FreeRTOS/Source/portable/GCC/ARM_CM4F/port.o
 .text.vPortValidateInterruptPriority
                0x0800bd18       0x84 ./Middlewares/Third_Party/FreeRTOS/Source/portable/GCC/ARM_CM4F/port.o
                0x0800bd18                vPortValidateInterruptPriority
 .text.pvPortMalloc
                0x0800bd9c      0x19c ./Middlewares/Third_Party/FreeRTOS/Source/portable/MemMang/heap_4.o
                0x0800bd9c                pvPortMalloc
 .text.vPortFree
                0x0800bf38       0xc8 ./Middlewares/Third_Party/FreeRTOS/Source/portable/MemMang/heap_4.o
                0x0800bf38                vPortFree
 .text.prvHeapInit
                0x0800c000       0xc4 ./Middlewares/Third_Party/FreeRTOS/Source/portable/MemMang/heap_4.o
 .text.prvInsertBlockIntoFreeList
                0x0800c0c4       0xb4 ./Middlewares/Third_Party/FreeRTOS/Source/portable/MemMang/heap_4.o
 .text.__cvt    0x0800c178       0xca C:/ST/STM32CubeIDE_1.16.0/STM32CubeIDE/plugins/com.st.stm32cube.ide.mcu.externaltools.gnu-tools-for-stm32.13.3.rel1.win32_1.0.0.202411081344/tools/bin/../lib/gcc/arm-none-eabi/13.3.1/../../../../arm-none-eabi/lib/thumb/v7e-m+fp/hard\libc_nano.a(libc_a-nano-vfprintf_float.o)
                0x0800c178                __cvt
 .text.__exponent
                0x0800c242       0x74 C:/ST/STM32CubeIDE_1.16.0/STM32CubeIDE/plugins/com.st.stm32cube.ide.mcu.externaltools.gnu-tools-for-stm32.13.3.rel1.win32_1.0.0.202411081344/tools/bin/../lib/gcc/arm-none-eabi/13.3.1/../../../../arm-none-eabi/lib/thumb/v7e-m+fp/hard\libc_nano.a(libc_a-nano-vfprintf_float.o)
                0x0800c242                __exponent
 *fill*         0x0800c2b6        0x2 
 .text._printf_float
                0x0800c2b8      0x454 C:/ST/STM32CubeIDE_1.16.0/STM32CubeIDE/plugins/com.st.stm32cube.ide.mcu.externaltools.gnu-tools-for-stm32.13.3.rel1.win32_1.0.0.202411081344/tools/bin/../lib/gcc/arm-none-eabi/13.3.1/../../../../arm-none-eabi/lib/thumb/v7e-m+fp/hard\libc_nano.a(libc_a-nano-vfprintf_float.o)
                0x0800c2b8                _printf_float
 .text._printf_common
                0x0800c70c       0xda C:/ST/STM32CubeIDE_1.16.0/STM32CubeIDE/plugins/com.st.stm32cube.ide.mcu.externaltools.gnu-tools-for-stm32.13.3.rel1.win32_1.0.0.202411081344/tools/bin/../lib/gcc/arm-none-eabi/13.3.1/../../../../arm-none-eabi/lib/thumb/v7e-m+fp/hard\libc_nano.a(libc_a-nano-vfprintf_i.o)
                0x0800c70c                _printf_common
 *fill*         0x0800c7e6        0x2 
 .text._printf_i
                0x0800c7e8      0x23c C:/ST/STM32CubeIDE_1.16.0/STM32CubeIDE/plugins/com.st.stm32cube.ide.mcu.externaltools.gnu-tools-for-stm32.13.3.rel1.win32_1.0.0.202411081344/tools/bin/../lib/gcc/arm-none-eabi/13.3.1/../../../../arm-none-eabi/lib/thumb/v7e-m+fp/hard\libc_nano.a(libc_a-nano-vfprintf_i.o)
                0x0800c7e8                _printf_i
 .text.std      0x0800ca24       0x6c C:/ST/STM32CubeIDE_1.16.0/STM32CubeIDE/plugins/com.st.stm32cube.ide.mcu.externaltools.gnu-tools-for-stm32.13.3.rel1.win32_1.0.0.202411081344/tools/bin/../lib/gcc/arm-none-eabi/13.3.1/../../../../arm-none-eabi/lib/thumb/v7e-m+fp/hard\libc_nano.a(libc_a-findfp.o)
 .text.stdio_exit_handler
                0x0800ca90       0x18 C:/ST/STM32CubeIDE_1.16.0/STM32CubeIDE/plugins/com.st.stm32cube.ide.mcu.externaltools.gnu-tools-for-stm32.13.3.rel1.win32_1.0.0.202411081344/tools/bin/../lib/gcc/arm-none-eabi/13.3.1/../../../../arm-none-eabi/lib/thumb/v7e-m+fp/hard\libc_nano.a(libc_a-findfp.o)
 .text.cleanup_stdio
                0x0800caa8       0x40 C:/ST/STM32CubeIDE_1.16.0/STM32CubeIDE/plugins/com.st.stm32cube.ide.mcu.externaltools.gnu-tools-for-stm32.13.3.rel1.win32_1.0.0.202411081344/tools/bin/../lib/gcc/arm-none-eabi/13.3.1/../../../../arm-none-eabi/lib/thumb/v7e-m+fp/hard\libc_nano.a(libc_a-findfp.o)
 .text.global_stdio_init.part.0
                0x0800cae8       0x3c C:/ST/STM32CubeIDE_1.16.0/STM32CubeIDE/plugins/com.st.stm32cube.ide.mcu.externaltools.gnu-tools-for-stm32.13.3.rel1.win32_1.0.0.202411081344/tools/bin/../lib/gcc/arm-none-eabi/13.3.1/../../../../arm-none-eabi/lib/thumb/v7e-m+fp/hard\libc_nano.a(libc_a-findfp.o)
 .text.__sfp_lock_acquire
                0x0800cb24        0xc C:/ST/STM32CubeIDE_1.16.0/STM32CubeIDE/plugins/com.st.stm32cube.ide.mcu.externaltools.gnu-tools-for-stm32.13.3.rel1.win32_1.0.0.202411081344/tools/bin/../lib/gcc/arm-none-eabi/13.3.1/../../../../arm-none-eabi/lib/thumb/v7e-m+fp/hard\libc_nano.a(libc_a-findfp.o)
                0x0800cb24                __sfp_lock_acquire
 .text.__sfp_lock_release
                0x0800cb30        0xc C:/ST/STM32CubeIDE_1.16.0/STM32CubeIDE/plugins/com.st.stm32cube.ide.mcu.externaltools.gnu-tools-for-stm32.13.3.rel1.win32_1.0.0.202411081344/tools/bin/../lib/gcc/arm-none-eabi/13.3.1/../../../../arm-none-eabi/lib/thumb/v7e-m+fp/hard\libc_nano.a(libc_a-findfp.o)
                0x0800cb30                __sfp_lock_release
 .text.__sinit  0x0800cb3c       0x30 C:/ST/STM32CubeIDE_1.16.0/STM32CubeIDE/plugins/com.st.stm32cube.ide.mcu.externaltools.gnu-tools-for-stm32.13.3.rel1.win32_1.0.0.202411081344/tools/bin/../lib/gcc/arm-none-eabi/13.3.1/../../../../arm-none-eabi/lib/thumb/v7e-m+fp/hard\libc_nano.a(libc_a-findfp.o)
                0x0800cb3c                __sinit
 .text._fwalk_sglue
                0x0800cb6c       0x3c C:/ST/STM32CubeIDE_1.16.0/STM32CubeIDE/plugins/com.st.stm32cube.ide.mcu.externaltools.gnu-tools-for-stm32.13.3.rel1.win32_1.0.0.202411081344/tools/bin/../lib/gcc/arm-none-eabi/13.3.1/../../../../arm-none-eabi/lib/thumb/v7e-m+fp/hard\libc_nano.a(libc_a-fwalk.o)
                0x0800cb6c                _fwalk_sglue
 .text.printf   0x0800cba8       0x24 C:/ST/STM32CubeIDE_1.16.0/STM32CubeIDE/plugins/com.st.stm32cube.ide.mcu.externaltools.gnu-tools-for-stm32.13.3.rel1.win32_1.0.0.202411081344/tools/bin/../lib/gcc/arm-none-eabi/13.3.1/../../../../arm-none-eabi/lib/thumb/v7e-m+fp/hard\libc_nano.a(libc_a-printf.o)
                0x0800cba8                iprintf
                0x0800cba8                printf
 .text.sprintf  0x0800cbcc       0x44 C:/ST/STM32CubeIDE_1.16.0/STM32CubeIDE/plugins/com.st.stm32cube.ide.mcu.externaltools.gnu-tools-for-stm32.13.3.rel1.win32_1.0.0.202411081344/tools/bin/../lib/gcc/arm-none-eabi/13.3.1/../../../../arm-none-eabi/lib/thumb/v7e-m+fp/hard\libc_nano.a(libc_a-sprintf.o)
                0x0800cbcc                siprintf
                0x0800cbcc                sprintf
 .text.__sread  0x0800cc10       0x22 C:/ST/STM32CubeIDE_1.16.0/STM32CubeIDE/plugins/com.st.stm32cube.ide.mcu.externaltools.gnu-tools-for-stm32.13.3.rel1.win32_1.0.0.202411081344/tools/bin/../lib/gcc/arm-none-eabi/13.3.1/../../../../arm-none-eabi/lib/thumb/v7e-m+fp/hard\libc_nano.a(libc_a-stdio.o)
                0x0800cc10                __sread
 .text.__swrite
                0x0800cc32       0x38 C:/ST/STM32CubeIDE_1.16.0/STM32CubeIDE/plugins/com.st.stm32cube.ide.mcu.externaltools.gnu-tools-for-stm32.13.3.rel1.win32_1.0.0.202411081344/tools/bin/../lib/gcc/arm-none-eabi/13.3.1/../../../../arm-none-eabi/lib/thumb/v7e-m+fp/hard\libc_nano.a(libc_a-stdio.o)
                0x0800cc32                __swrite
 .text.__sseek  0x0800cc6a       0x24 C:/ST/STM32CubeIDE_1.16.0/STM32CubeIDE/plugins/com.st.stm32cube.ide.mcu.externaltools.gnu-tools-for-stm32.13.3.rel1.win32_1.0.0.202411081344/tools/bin/../lib/gcc/arm-none-eabi/13.3.1/../../../../arm-none-eabi/lib/thumb/v7e-m+fp/hard\libc_nano.a(libc_a-stdio.o)
                0x0800cc6a                __sseek
 .text.__sclose
                0x0800cc8e        0x8 C:/ST/STM32CubeIDE_1.16.0/STM32CubeIDE/plugins/com.st.stm32cube.ide.mcu.externaltools.gnu-tools-for-stm32.13.3.rel1.win32_1.0.0.202411081344/tools/bin/../lib/gcc/arm-none-eabi/13.3.1/../../../../arm-none-eabi/lib/thumb/v7e-m+fp/hard\libc_nano.a(libc_a-stdio.o)
                0x0800cc8e                __sclose
 .text.memset   0x0800cc96       0x10 C:/ST/STM32CubeIDE_1.16.0/STM32CubeIDE/plugins/com.st.stm32cube.ide.mcu.externaltools.gnu-tools-for-stm32.13.3.rel1.win32_1.0.0.202411081344/tools/bin/../lib/gcc/arm-none-eabi/13.3.1/../../../../arm-none-eabi/lib/thumb/v7e-m+fp/hard\libc_nano.a(libc_a-memset.o)
                0x0800cc96                memset
 *fill*         0x0800cca6        0x2 
 .text._localeconv_r
                0x0800cca8        0x8 C:/ST/STM32CubeIDE_1.16.0/STM32CubeIDE/plugins/com.st.stm32cube.ide.mcu.externaltools.gnu-tools-for-stm32.13.3.rel1.win32_1.0.0.202411081344/tools/bin/../lib/gcc/arm-none-eabi/13.3.1/../../../../arm-none-eabi/lib/thumb/v7e-m+fp/hard\libc_nano.a(libc_a-localeconv.o)
                0x0800cca8                _localeconv_r
 .text._close_r
                0x0800ccb0       0x20 C:/ST/STM32CubeIDE_1.16.0/STM32CubeIDE/plugins/com.st.stm32cube.ide.mcu.externaltools.gnu-tools-for-stm32.13.3.rel1.win32_1.0.0.202411081344/tools/bin/../lib/gcc/arm-none-eabi/13.3.1/../../../../arm-none-eabi/lib/thumb/v7e-m+fp/hard\libc_nano.a(libc_a-closer.o)
                0x0800ccb0                _close_r
 .text._reclaim_reent
                0x0800ccd0       0xbc C:/ST/STM32CubeIDE_1.16.0/STM32CubeIDE/plugins/com.st.stm32cube.ide.mcu.externaltools.gnu-tools-for-stm32.13.3.rel1.win32_1.0.0.202411081344/tools/bin/../lib/gcc/arm-none-eabi/13.3.1/../../../../arm-none-eabi/lib/thumb/v7e-m+fp/hard\libc_nano.a(libc_a-reent.o)
                0x0800ccd0                _reclaim_reent
 .text._lseek_r
                0x0800cd8c       0x24 C:/ST/STM32CubeIDE_1.16.0/STM32CubeIDE/plugins/com.st.stm32cube.ide.mcu.externaltools.gnu-tools-for-stm32.13.3.rel1.win32_1.0.0.202411081344/tools/bin/../lib/gcc/arm-none-eabi/13.3.1/../../../../arm-none-eabi/lib/thumb/v7e-m+fp/hard\libc_nano.a(libc_a-lseekr.o)
                0x0800cd8c                _lseek_r
 .text._read_r  0x0800cdb0       0x24 C:/ST/STM32CubeIDE_1.16.0/STM32CubeIDE/plugins/com.st.stm32cube.ide.mcu.externaltools.gnu-tools-for-stm32.13.3.rel1.win32_1.0.0.202411081344/tools/bin/../lib/gcc/arm-none-eabi/13.3.1/../../../../arm-none-eabi/lib/thumb/v7e-m+fp/hard\libc_nano.a(libc_a-readr.o)
                0x0800cdb0                _read_r
 .text._write_r
                0x0800cdd4       0x24 C:/ST/STM32CubeIDE_1.16.0/STM32CubeIDE/plugins/com.st.stm32cube.ide.mcu.externaltools.gnu-tools-for-stm32.13.3.rel1.win32_1.0.0.202411081344/tools/bin/../lib/gcc/arm-none-eabi/13.3.1/../../../../arm-none-eabi/lib/thumb/v7e-m+fp/hard\libc_nano.a(libc_a-writer.o)
                0x0800cdd4                _write_r
 .text.__errno  0x0800cdf8        0xc C:/ST/STM32CubeIDE_1.16.0/STM32CubeIDE/plugins/com.st.stm32cube.ide.mcu.externaltools.gnu-tools-for-stm32.13.3.rel1.win32_1.0.0.202411081344/tools/bin/../lib/gcc/arm-none-eabi/13.3.1/../../../../arm-none-eabi/lib/thumb/v7e-m+fp/hard\libc_nano.a(libc_a-errno.o)
                0x0800cdf8                __errno
 .text.__libc_init_array
                0x0800ce04       0x48 C:/ST/STM32CubeIDE_1.16.0/STM32CubeIDE/plugins/com.st.stm32cube.ide.mcu.externaltools.gnu-tools-for-stm32.13.3.rel1.win32_1.0.0.202411081344/tools/bin/../lib/gcc/arm-none-eabi/13.3.1/../../../../arm-none-eabi/lib/thumb/v7e-m+fp/hard\libc_nano.a(libc_a-init.o)
                0x0800ce04                __libc_init_array
 .text.__retarget_lock_init_recursive
                0x0800ce4c        0x2 C:/ST/STM32CubeIDE_1.16.0/STM32CubeIDE/plugins/com.st.stm32cube.ide.mcu.externaltools.gnu-tools-for-stm32.13.3.rel1.win32_1.0.0.202411081344/tools/bin/../lib/gcc/arm-none-eabi/13.3.1/../../../../arm-none-eabi/lib/thumb/v7e-m+fp/hard\libc_nano.a(libc_a-lock.o)
                0x0800ce4c                __retarget_lock_init_recursive
 .text.__retarget_lock_acquire_recursive
                0x0800ce4e        0x2 C:/ST/STM32CubeIDE_1.16.0/STM32CubeIDE/plugins/com.st.stm32cube.ide.mcu.externaltools.gnu-tools-for-stm32.13.3.rel1.win32_1.0.0.202411081344/tools/bin/../lib/gcc/arm-none-eabi/13.3.1/../../../../arm-none-eabi/lib/thumb/v7e-m+fp/hard\libc_nano.a(libc_a-lock.o)
                0x0800ce4e                __retarget_lock_acquire_recursive
 .text.__retarget_lock_release_recursive
                0x0800ce50        0x2 C:/ST/STM32CubeIDE_1.16.0/STM32CubeIDE/plugins/com.st.stm32cube.ide.mcu.externaltools.gnu-tools-for-stm32.13.3.rel1.win32_1.0.0.202411081344/tools/bin/../lib/gcc/arm-none-eabi/13.3.1/../../../../arm-none-eabi/lib/thumb/v7e-m+fp/hard\libc_nano.a(libc_a-lock.o)
                0x0800ce50                __retarget_lock_release_recursive
 .text.strcpy   0x0800ce52       0x10 C:/ST/STM32CubeIDE_1.16.0/STM32CubeIDE/plugins/com.st.stm32cube.ide.mcu.externaltools.gnu-tools-for-stm32.13.3.rel1.win32_1.0.0.202411081344/tools/bin/../lib/gcc/arm-none-eabi/13.3.1/../../../../arm-none-eabi/lib/thumb/v7e-m+fp/hard\libc_nano.a(libc_a-strcpy.o)
                0x0800ce52                strcpy
 .text.memcpy   0x0800ce62       0x1c C:/ST/STM32CubeIDE_1.16.0/STM32CubeIDE/plugins/com.st.stm32cube.ide.mcu.externaltools.gnu-tools-for-stm32.13.3.rel1.win32_1.0.0.202411081344/tools/bin/../lib/gcc/arm-none-eabi/13.3.1/../../../../arm-none-eabi/lib/thumb/v7e-m+fp/hard\libc_nano.a(libc_a-memcpy-stub.o)
                0x0800ce62                memcpy
 .text.quorem   0x0800ce7e      0x110 C:/ST/STM32CubeIDE_1.16.0/STM32CubeIDE/plugins/com.st.stm32cube.ide.mcu.externaltools.gnu-tools-for-stm32.13.3.rel1.win32_1.0.0.202411081344/tools/bin/../lib/gcc/arm-none-eabi/13.3.1/../../../../arm-none-eabi/lib/thumb/v7e-m+fp/hard\libc_nano.a(libc_a-dtoa.o)
 *fill*         0x0800cf8e        0x2 
 .text._dtoa_r  0x0800cf90      0xba0 C:/ST/STM32CubeIDE_1.16.0/STM32CubeIDE/plugins/com.st.stm32cube.ide.mcu.externaltools.gnu-tools-for-stm32.13.3.rel1.win32_1.0.0.202411081344/tools/bin/../lib/gcc/arm-none-eabi/13.3.1/../../../../arm-none-eabi/lib/thumb/v7e-m+fp/hard\libc_nano.a(libc_a-dtoa.o)
                0x0800cf90                _dtoa_r
 .text._free_r  0x0800db30       0x94 C:/ST/STM32CubeIDE_1.16.0/STM32CubeIDE/plugins/com.st.stm32cube.ide.mcu.externaltools.gnu-tools-for-stm32.13.3.rel1.win32_1.0.0.202411081344/tools/bin/../lib/gcc/arm-none-eabi/13.3.1/../../../../arm-none-eabi/lib/thumb/v7e-m+fp/hard\libc_nano.a(libc_a-freer.o)
                0x0800db30                _free_r
 .text.malloc   0x0800dbc4       0x10 C:/ST/STM32CubeIDE_1.16.0/STM32CubeIDE/plugins/com.st.stm32cube.ide.mcu.externaltools.gnu-tools-for-stm32.13.3.rel1.win32_1.0.0.202411081344/tools/bin/../lib/gcc/arm-none-eabi/13.3.1/../../../../arm-none-eabi/lib/thumb/v7e-m+fp/hard\libc_nano.a(libc_a-malloc.o)
                0x0800dbc4                malloc
 .text.sbrk_aligned
                0x0800dbd4       0x44 C:/ST/STM32CubeIDE_1.16.0/STM32CubeIDE/plugins/com.st.stm32cube.ide.mcu.externaltools.gnu-tools-for-stm32.13.3.rel1.win32_1.0.0.202411081344/tools/bin/../lib/gcc/arm-none-eabi/13.3.1/../../../../arm-none-eabi/lib/thumb/v7e-m+fp/hard\libc_nano.a(libc_a-mallocr.o)
 .text._malloc_r
                0x0800dc18      0x100 C:/ST/STM32CubeIDE_1.16.0/STM32CubeIDE/plugins/com.st.stm32cube.ide.mcu.externaltools.gnu-tools-for-stm32.13.3.rel1.win32_1.0.0.202411081344/tools/bin/../lib/gcc/arm-none-eabi/13.3.1/../../../../arm-none-eabi/lib/thumb/v7e-m+fp/hard\libc_nano.a(libc_a-mallocr.o)
                0x0800dc18                _malloc_r
 .text.__malloc_lock
                0x0800dd18        0xc C:/ST/STM32CubeIDE_1.16.0/STM32CubeIDE/plugins/com.st.stm32cube.ide.mcu.externaltools.gnu-tools-for-stm32.13.3.rel1.win32_1.0.0.202411081344/tools/bin/../lib/gcc/arm-none-eabi/13.3.1/../../../../arm-none-eabi/lib/thumb/v7e-m+fp/hard\libc_nano.a(libc_a-mlock.o)
                0x0800dd18                __malloc_lock
 .text.__malloc_unlock
                0x0800dd24        0xc C:/ST/STM32CubeIDE_1.16.0/STM32CubeIDE/plugins/com.st.stm32cube.ide.mcu.externaltools.gnu-tools-for-stm32.13.3.rel1.win32_1.0.0.202411081344/tools/bin/../lib/gcc/arm-none-eabi/13.3.1/../../../../arm-none-eabi/lib/thumb/v7e-m+fp/hard\libc_nano.a(libc_a-mlock.o)
                0x0800dd24                __malloc_unlock
 .text._Balloc  0x0800dd30       0x80 C:/ST/STM32CubeIDE_1.16.0/STM32CubeIDE/plugins/com.st.stm32cube.ide.mcu.externaltools.gnu-tools-for-stm32.13.3.rel1.win32_1.0.0.202411081344/tools/bin/../lib/gcc/arm-none-eabi/13.3.1/../../../../arm-none-eabi/lib/thumb/v7e-m+fp/hard\libc_nano.a(libc_a-mprec.o)
                0x0800dd30                _Balloc
 .text._Bfree   0x0800ddb0       0x44 C:/ST/STM32CubeIDE_1.16.0/STM32CubeIDE/plugins/com.st.stm32cube.ide.mcu.externaltools.gnu-tools-for-stm32.13.3.rel1.win32_1.0.0.202411081344/tools/bin/../lib/gcc/arm-none-eabi/13.3.1/../../../../arm-none-eabi/lib/thumb/v7e-m+fp/hard\libc_nano.a(libc_a-mprec.o)
                0x0800ddb0                _Bfree
 .text.__multadd
                0x0800ddf4       0x8c C:/ST/STM32CubeIDE_1.16.0/STM32CubeIDE/plugins/com.st.stm32cube.ide.mcu.externaltools.gnu-tools-for-stm32.13.3.rel1.win32_1.0.0.202411081344/tools/bin/../lib/gcc/arm-none-eabi/13.3.1/../../../../arm-none-eabi/lib/thumb/v7e-m+fp/hard\libc_nano.a(libc_a-mprec.o)
                0x0800ddf4                __multadd
 .text.__hi0bits
                0x0800de80       0x3e C:/ST/STM32CubeIDE_1.16.0/STM32CubeIDE/plugins/com.st.stm32cube.ide.mcu.externaltools.gnu-tools-for-stm32.13.3.rel1.win32_1.0.0.202411081344/tools/bin/../lib/gcc/arm-none-eabi/13.3.1/../../../../arm-none-eabi/lib/thumb/v7e-m+fp/hard\libc_nano.a(libc_a-mprec.o)
                0x0800de80                __hi0bits
 .text.__lo0bits
                0x0800debe       0x5a C:/ST/STM32CubeIDE_1.16.0/STM32CubeIDE/plugins/com.st.stm32cube.ide.mcu.externaltools.gnu-tools-for-stm32.13.3.rel1.win32_1.0.0.202411081344/tools/bin/../lib/gcc/arm-none-eabi/13.3.1/../../../../arm-none-eabi/lib/thumb/v7e-m+fp/hard\libc_nano.a(libc_a-mprec.o)
                0x0800debe                __lo0bits
 .text.__i2b    0x0800df18       0x2c C:/ST/STM32CubeIDE_1.16.0/STM32CubeIDE/plugins/com.st.stm32cube.ide.mcu.externaltools.gnu-tools-for-stm32.13.3.rel1.win32_1.0.0.202411081344/tools/bin/../lib/gcc/arm-none-eabi/13.3.1/../../../../arm-none-eabi/lib/thumb/v7e-m+fp/hard\libc_nano.a(libc_a-mprec.o)
                0x0800df18                __i2b
 .text.__multiply
                0x0800df44      0x144 C:/ST/STM32CubeIDE_1.16.0/STM32CubeIDE/plugins/com.st.stm32cube.ide.mcu.externaltools.gnu-tools-for-stm32.13.3.rel1.win32_1.0.0.202411081344/tools/bin/../lib/gcc/arm-none-eabi/13.3.1/../../../../arm-none-eabi/lib/thumb/v7e-m+fp/hard\libc_nano.a(libc_a-mprec.o)
                0x0800df44                __multiply
 .text.__pow5mult
                0x0800e088       0xb4 C:/ST/STM32CubeIDE_1.16.0/STM32CubeIDE/plugins/com.st.stm32cube.ide.mcu.externaltools.gnu-tools-for-stm32.13.3.rel1.win32_1.0.0.202411081344/tools/bin/../lib/gcc/arm-none-eabi/13.3.1/../../../../arm-none-eabi/lib/thumb/v7e-m+fp/hard\libc_nano.a(libc_a-mprec.o)
                0x0800e088                __pow5mult
 .text.__lshift
                0x0800e13c       0xd8 C:/ST/STM32CubeIDE_1.16.0/STM32CubeIDE/plugins/com.st.stm32cube.ide.mcu.externaltools.gnu-tools-for-stm32.13.3.rel1.win32_1.0.0.202411081344/tools/bin/../lib/gcc/arm-none-eabi/13.3.1/../../../../arm-none-eabi/lib/thumb/v7e-m+fp/hard\libc_nano.a(libc_a-mprec.o)
                0x0800e13c                __lshift
 .text.__mcmp   0x0800e214       0x36 C:/ST/STM32CubeIDE_1.16.0/STM32CubeIDE/plugins/com.st.stm32cube.ide.mcu.externaltools.gnu-tools-for-stm32.13.3.rel1.win32_1.0.0.202411081344/tools/bin/../lib/gcc/arm-none-eabi/13.3.1/../../../../arm-none-eabi/lib/thumb/v7e-m+fp/hard\libc_nano.a(libc_a-mprec.o)
                0x0800e214                __mcmp
 *fill*         0x0800e24a        0x2 
 .text.__mdiff  0x0800e24c      0x128 C:/ST/STM32CubeIDE_1.16.0/STM32CubeIDE/plugins/com.st.stm32cube.ide.mcu.externaltools.gnu-tools-for-stm32.13.3.rel1.win32_1.0.0.202411081344/tools/bin/../lib/gcc/arm-none-eabi/13.3.1/../../../../arm-none-eabi/lib/thumb/v7e-m+fp/hard\libc_nano.a(libc_a-mprec.o)
                0x0800e24c                __mdiff
 .text.__d2b    0x0800e374       0xb0 C:/ST/STM32CubeIDE_1.16.0/STM32CubeIDE/plugins/com.st.stm32cube.ide.mcu.externaltools.gnu-tools-for-stm32.13.3.rel1.win32_1.0.0.202411081344/tools/bin/../lib/gcc/arm-none-eabi/13.3.1/../../../../arm-none-eabi/lib/thumb/v7e-m+fp/hard\libc_nano.a(libc_a-mprec.o)
                0x0800e374                __d2b
 .text.__ssputs_r
                0x0800e424       0xb6 C:/ST/STM32CubeIDE_1.16.0/STM32CubeIDE/plugins/com.st.stm32cube.ide.mcu.externaltools.gnu-tools-for-stm32.13.3.rel1.win32_1.0.0.202411081344/tools/bin/../lib/gcc/arm-none-eabi/13.3.1/../../../../arm-none-eabi/lib/thumb/v7e-m+fp/hard\libc_nano.a(libc_a-nano-svfprintf.o)
                0x0800e424                __ssputs_r
 *fill*         0x0800e4da        0x2 
 .text._svfprintf_r
                0x0800e4dc      0x1f8 C:/ST/STM32CubeIDE_1.16.0/STM32CubeIDE/plugins/com.st.stm32cube.ide.mcu.externaltools.gnu-tools-for-stm32.13.3.rel1.win32_1.0.0.202411081344/tools/bin/../lib/gcc/arm-none-eabi/13.3.1/../../../../arm-none-eabi/lib/thumb/v7e-m+fp/hard\libc_nano.a(libc_a-nano-svfprintf.o)
                0x0800e4dc                _svfiprintf_r
                0x0800e4dc                _svfprintf_r
 .text.__sfputc_r
                0x0800e6d4       0x2e C:/ST/STM32CubeIDE_1.16.0/STM32CubeIDE/plugins/com.st.stm32cube.ide.mcu.externaltools.gnu-tools-for-stm32.13.3.rel1.win32_1.0.0.202411081344/tools/bin/../lib/gcc/arm-none-eabi/13.3.1/../../../../arm-none-eabi/lib/thumb/v7e-m+fp/hard\libc_nano.a(libc_a-nano-vfprintf.o)
 .text.__sfputs_r
                0x0800e702       0x24 C:/ST/STM32CubeIDE_1.16.0/STM32CubeIDE/plugins/com.st.stm32cube.ide.mcu.externaltools.gnu-tools-for-stm32.13.3.rel1.win32_1.0.0.202411081344/tools/bin/../lib/gcc/arm-none-eabi/13.3.1/../../../../arm-none-eabi/lib/thumb/v7e-m+fp/hard\libc_nano.a(libc_a-nano-vfprintf.o)
                0x0800e702                __sfputs_r
 *fill*         0x0800e726        0x2 
 .text._vfprintf_r
                0x0800e728      0x230 C:/ST/STM32CubeIDE_1.16.0/STM32CubeIDE/plugins/com.st.stm32cube.ide.mcu.externaltools.gnu-tools-for-stm32.13.3.rel1.win32_1.0.0.202411081344/tools/bin/../lib/gcc/arm-none-eabi/13.3.1/../../../../arm-none-eabi/lib/thumb/v7e-m+fp/hard\libc_nano.a(libc_a-nano-vfprintf.o)
                0x0800e728                _vfprintf_r
                0x0800e728                _vfiprintf_r
 .text.__sflush_r
                0x0800e958      0x108 C:/ST/STM32CubeIDE_1.16.0/STM32CubeIDE/plugins/com.st.stm32cube.ide.mcu.externaltools.gnu-tools-for-stm32.13.3.rel1.win32_1.0.0.202411081344/tools/bin/../lib/gcc/arm-none-eabi/13.3.1/../../../../arm-none-eabi/lib/thumb/v7e-m+fp/hard\libc_nano.a(libc_a-fflush.o)
                0x0800e958                __sflush_r
 .text._fflush_r
                0x0800ea60       0x50 C:/ST/STM32CubeIDE_1.16.0/STM32CubeIDE/plugins/com.st.stm32cube.ide.mcu.externaltools.gnu-tools-for-stm32.13.3.rel1.win32_1.0.0.202411081344/tools/bin/../lib/gcc/arm-none-eabi/13.3.1/../../../../arm-none-eabi/lib/thumb/v7e-m+fp/hard\libc_nano.a(libc_a-fflush.o)
                0x0800ea60                _fflush_r
 .text.__swbuf_r
                0x0800eab0       0x7c C:/ST/STM32CubeIDE_1.16.0/STM32CubeIDE/plugins/com.st.stm32cube.ide.mcu.externaltools.gnu-tools-for-stm32.13.3.rel1.win32_1.0.0.202411081344/tools/bin/../lib/gcc/arm-none-eabi/13.3.1/../../../../arm-none-eabi/lib/thumb/v7e-m+fp/hard\libc_nano.a(libc_a-wbuf.o)
                0x0800eab0                __swbuf_r
 .text.__swsetup_r
                0x0800eb2c       0xac C:/ST/STM32CubeIDE_1.16.0/STM32CubeIDE/plugins/com.st.stm32cube.ide.mcu.externaltools.gnu-tools-for-stm32.13.3.rel1.win32_1.0.0.202411081344/tools/bin/../lib/gcc/arm-none-eabi/13.3.1/../../../../arm-none-eabi/lib/thumb/v7e-m+fp/hard\libc_nano.a(libc_a-wsetup.o)
                0x0800eb2c                __swsetup_r
 .text.memmove  0x0800ebd8       0x34 C:/ST/STM32CubeIDE_1.16.0/STM32CubeIDE/plugins/com.st.stm32cube.ide.mcu.externaltools.gnu-tools-for-stm32.13.3.rel1.win32_1.0.0.202411081344/tools/bin/../lib/gcc/arm-none-eabi/13.3.1/../../../../arm-none-eabi/lib/thumb/v7e-m+fp/hard\libc_nano.a(libc_a-memmove.o)
                0x0800ebd8                memmove
 .text._sbrk_r  0x0800ec0c       0x20 C:/ST/STM32CubeIDE_1.16.0/STM32CubeIDE/plugins/com.st.stm32cube.ide.mcu.externaltools.gnu-tools-for-stm32.13.3.rel1.win32_1.0.0.202411081344/tools/bin/../lib/gcc/arm-none-eabi/13.3.1/../../../../arm-none-eabi/lib/thumb/v7e-m+fp/hard\libc_nano.a(libc_a-sbrkr.o)
                0x0800ec0c                _sbrk_r
 .text.__assert_func
                0x0800ec2c       0x3c C:/ST/STM32CubeIDE_1.16.0/STM32CubeIDE/plugins/com.st.stm32cube.ide.mcu.externaltools.gnu-tools-for-stm32.13.3.rel1.win32_1.0.0.202411081344/tools/bin/../lib/gcc/arm-none-eabi/13.3.1/../../../../arm-none-eabi/lib/thumb/v7e-m+fp/hard\libc_nano.a(libc_a-assert.o)
                0x0800ec2c                __assert_func
 .text._calloc_r
                0x0800ec68       0x28 C:/ST/STM32CubeIDE_1.16.0/STM32CubeIDE/plugins/com.st.stm32cube.ide.mcu.externaltools.gnu-tools-for-stm32.13.3.rel1.win32_1.0.0.202411081344/tools/bin/../lib/gcc/arm-none-eabi/13.3.1/../../../../arm-none-eabi/lib/thumb/v7e-m+fp/hard\libc_nano.a(libc_a-callocr.o)
                0x0800ec68                _calloc_r
 .text.__ascii_mbtowc
                0x0800ec90       0x24 C:/ST/STM32CubeIDE_1.16.0/STM32CubeIDE/plugins/com.st.stm32cube.ide.mcu.externaltools.gnu-tools-for-stm32.13.3.rel1.win32_1.0.0.202411081344/tools/bin/../lib/gcc/arm-none-eabi/13.3.1/../../../../arm-none-eabi/lib/thumb/v7e-m+fp/hard\libc_nano.a(libc_a-mbtowc_r.o)
                0x0800ec90                __ascii_mbtowc
 .text._realloc_r
                0x0800ecb4       0x5c C:/ST/STM32CubeIDE_1.16.0/STM32CubeIDE/plugins/com.st.stm32cube.ide.mcu.externaltools.gnu-tools-for-stm32.13.3.rel1.win32_1.0.0.202411081344/tools/bin/../lib/gcc/arm-none-eabi/13.3.1/../../../../arm-none-eabi/lib/thumb/v7e-m+fp/hard\libc_nano.a(libc_a-reallocr.o)
                0x0800ecb4                _realloc_r
 .text.__ascii_wctomb
                0x0800ed10       0x1a C:/ST/STM32CubeIDE_1.16.0/STM32CubeIDE/plugins/com.st.stm32cube.ide.mcu.externaltools.gnu-tools-for-stm32.13.3.rel1.win32_1.0.0.202411081344/tools/bin/../lib/gcc/arm-none-eabi/13.3.1/../../../../arm-none-eabi/lib/thumb/v7e-m+fp/hard\libc_nano.a(libc_a-wctomb_r.o)
                0x0800ed10                __ascii_wctomb
 *fill*         0x0800ed2a        0x2 
 .text.fprintf  0x0800ed2c       0x24 C:/ST/STM32CubeIDE_1.16.0/STM32CubeIDE/plugins/com.st.stm32cube.ide.mcu.externaltools.gnu-tools-for-stm32.13.3.rel1.win32_1.0.0.202411081344/tools/bin/../lib/gcc/arm-none-eabi/13.3.1/../../../../arm-none-eabi/lib/thumb/v7e-m+fp/hard\libc_nano.a(libc_a-fprintf.o)
                0x0800ed2c                fiprintf
                0x0800ed2c                fprintf
 .text.__swhatbuf_r
                0x0800ed50       0x4c C:/ST/STM32CubeIDE_1.16.0/STM32CubeIDE/plugins/com.st.stm32cube.ide.mcu.externaltools.gnu-tools-for-stm32.13.3.rel1.win32_1.0.0.202411081344/tools/bin/../lib/gcc/arm-none-eabi/13.3.1/../../../../arm-none-eabi/lib/thumb/v7e-m+fp/hard\libc_nano.a(libc_a-makebuf.o)
                0x0800ed50                __swhatbuf_r
 .text.__smakebuf_r
                0x0800ed9c       0x78 C:/ST/STM32CubeIDE_1.16.0/STM32CubeIDE/plugins/com.st.stm32cube.ide.mcu.externaltools.gnu-tools-for-stm32.13.3.rel1.win32_1.0.0.202411081344/tools/bin/../lib/gcc/arm-none-eabi/13.3.1/../../../../arm-none-eabi/lib/thumb/v7e-m+fp/hard\libc_nano.a(libc_a-makebuf.o)
                0x0800ed9c                __smakebuf_r
 .text._fstat_r
                0x0800ee14       0x24 C:/ST/STM32CubeIDE_1.16.0/STM32CubeIDE/plugins/com.st.stm32cube.ide.mcu.externaltools.gnu-tools-for-stm32.13.3.rel1.win32_1.0.0.202411081344/tools/bin/../lib/gcc/arm-none-eabi/13.3.1/../../../../arm-none-eabi/lib/thumb/v7e-m+fp/hard\libc_nano.a(libc_a-fstatr.o)
                0x0800ee14                _fstat_r
 .text._isatty_r
                0x0800ee38       0x20 C:/ST/STM32CubeIDE_1.16.0/STM32CubeIDE/plugins/com.st.stm32cube.ide.mcu.externaltools.gnu-tools-for-stm32.13.3.rel1.win32_1.0.0.202411081344/tools/bin/../lib/gcc/arm-none-eabi/13.3.1/../../../../arm-none-eabi/lib/thumb/v7e-m+fp/hard\libc_nano.a(libc_a-isattyr.o)
                0x0800ee38                _isatty_r
 .text.abort    0x0800ee58        0xe C:/ST/STM32CubeIDE_1.16.0/STM32CubeIDE/plugins/com.st.stm32cube.ide.mcu.externaltools.gnu-tools-for-stm32.13.3.rel1.win32_1.0.0.202411081344/tools/bin/../lib/gcc/arm-none-eabi/13.3.1/../../../../arm-none-eabi/lib/thumb/v7e-m+fp/hard\libc_nano.a(libc_a-abort.o)
                0x0800ee58                abort
 .text._malloc_usable_size_r
                0x0800ee66       0x10 C:/ST/STM32CubeIDE_1.16.0/STM32CubeIDE/plugins/com.st.stm32cube.ide.mcu.externaltools.gnu-tools-for-stm32.13.3.rel1.win32_1.0.0.202411081344/tools/bin/../lib/gcc/arm-none-eabi/13.3.1/../../../../arm-none-eabi/lib/thumb/v7e-m+fp/hard\libc_nano.a(libc_a-msizer.o)
                0x0800ee66                _malloc_usable_size_r
 .text._raise_r
                0x0800ee76       0x50 C:/ST/STM32CubeIDE_1.16.0/STM32CubeIDE/plugins/com.st.stm32cube.ide.mcu.externaltools.gnu-tools-for-stm32.13.3.rel1.win32_1.0.0.202411081344/tools/bin/../lib/gcc/arm-none-eabi/13.3.1/../../../../arm-none-eabi/lib/thumb/v7e-m+fp/hard\libc_nano.a(libc_a-signal.o)
                0x0800ee76                _raise_r
 *fill*         0x0800eec6        0x2 
 .text.raise    0x0800eec8       0x10 C:/ST/STM32CubeIDE_1.16.0/STM32CubeIDE/plugins/com.st.stm32cube.ide.mcu.externaltools.gnu-tools-for-stm32.13.3.rel1.win32_1.0.0.202411081344/tools/bin/../lib/gcc/arm-none-eabi/13.3.1/../../../../arm-none-eabi/lib/thumb/v7e-m+fp/hard\libc_nano.a(libc_a-signal.o)
                0x0800eec8                raise
 .text._kill_r  0x0800eed8       0x24 C:/ST/STM32CubeIDE_1.16.0/STM32CubeIDE/plugins/com.st.stm32cube.ide.mcu.externaltools.gnu-tools-for-stm32.13.3.rel1.win32_1.0.0.202411081344/tools/bin/../lib/gcc/arm-none-eabi/13.3.1/../../../../arm-none-eabi/lib/thumb/v7e-m+fp/hard\libc_nano.a(libc_a-signalr.o)
                0x0800eed8                _kill_r
 .text._getpid_r
                0x0800eefc        0x4 C:/ST/STM32CubeIDE_1.16.0/STM32CubeIDE/plugins/com.st.stm32cube.ide.mcu.externaltools.gnu-tools-for-stm32.13.3.rel1.win32_1.0.0.202411081344/tools/bin/../lib/gcc/arm-none-eabi/13.3.1/../../../../arm-none-eabi/lib/thumb/v7e-m+fp/hard\libc_nano.a(libc_a-signalr.o)
                0x0800eefc                _getpid_r
 *(.glue_7)
 .glue_7        0x0800ef00        0x0 linker stubs
 *(.glue_7t)
 .glue_7t       0x0800ef00        0x0 linker stubs
 *(.eh_frame)
 .eh_frame      0x0800ef00        0x0 C:/ST/STM32CubeIDE_1.16.0/STM32CubeIDE/plugins/com.st.stm32cube.ide.mcu.externaltools.gnu-tools-for-stm32.13.3.rel1.win32_1.0.0.202411081344/tools/bin/../lib/gcc/arm-none-eabi/13.3.1/thumb/v7e-m+fp/hard/crtbegin.o
 *(.init)
 .init          0x0800ef00        0x4 C:/ST/STM32CubeIDE_1.16.0/STM32CubeIDE/plugins/com.st.stm32cube.ide.mcu.externaltools.gnu-tools-for-stm32.13.3.rel1.win32_1.0.0.202411081344/tools/bin/../lib/gcc/arm-none-eabi/13.3.1/thumb/v7e-m+fp/hard/crti.o
                0x0800ef00                _init
 .init          0x0800ef04        0x8 C:/ST/STM32CubeIDE_1.16.0/STM32CubeIDE/plugins/com.st.stm32cube.ide.mcu.externaltools.gnu-tools-for-stm32.13.3.rel1.win32_1.0.0.202411081344/tools/bin/../lib/gcc/arm-none-eabi/13.3.1/thumb/v7e-m+fp/hard/crtn.o
 *(.fini)
 .fini          0x0800ef0c        0x4 C:/ST/STM32CubeIDE_1.16.0/STM32CubeIDE/plugins/com.st.stm32cube.ide.mcu.externaltools.gnu-tools-for-stm32.13.3.rel1.win32_1.0.0.202411081344/tools/bin/../lib/gcc/arm-none-eabi/13.3.1/thumb/v7e-m+fp/hard/crti.o
                0x0800ef0c                _fini
 .fini          0x0800ef10        0x8 C:/ST/STM32CubeIDE_1.16.0/STM32CubeIDE/plugins/com.st.stm32cube.ide.mcu.externaltools.gnu-tools-for-stm32.13.3.rel1.win32_1.0.0.202411081344/tools/bin/../lib/gcc/arm-none-eabi/13.3.1/thumb/v7e-m+fp/hard/crtn.o
                0x0800ef18                        . = ALIGN (0x4)
                0x0800ef18                        _etext = .

.vfp11_veneer   0x0800ef18        0x0
 .vfp11_veneer  0x0800ef18        0x0 linker stubs

.v4_bx          0x0800ef18        0x0
 .v4_bx         0x0800ef18        0x0 linker stubs

.iplt           0x0800ef18        0x0
 .iplt          0x0800ef18        0x0 C:/ST/STM32CubeIDE_1.16.0/STM32CubeIDE/plugins/com.st.stm32cube.ide.mcu.externaltools.gnu-tools-for-stm32.13.3.rel1.win32_1.0.0.202411081344/tools/bin/../lib/gcc/arm-none-eabi/13.3.1/thumb/v7e-m+fp/hard/crtbegin.o

.rodata         0x0800ef18      0xf64
                0x0800ef18                        . = ALIGN (0x4)
 *(.rodata)
 .rodata        0x0800ef18      0x15d ./Core/Src/main.o
 *fill*         0x0800f075        0x3 
 .rodata        0x0800f078      0x183 ./Core/Src/pn532.o
 *fill*         0x0800f1fb        0x1 
 .rodata        0x0800f1fc        0x5 ./Core/Src/pn532_stm32f1.o
 *fill*         0x0800f201        0x3 
 .rodata        0x0800f204        0x5 ./Middlewares/Third_Party/FreeRTOS/Source/tasks.o
 *fill*         0x0800f209        0x3 
 .rodata        0x0800f20c        0xd ./Middlewares/Third_Party/FreeRTOS/Source/timers.o
 *(.rodata*)
 *fill*         0x0800f219        0x3 
 .rodata.Temp_Read_attributes
                0x0800f21c       0x24 ./Core/Src/main.o
                0x0800f21c                Temp_Read_attributes
 .rodata.Encoder_attributes
                0x0800f240       0x24 ./Core/Src/main.o
                0x0800f240                Encoder_attributes
 .rodata.OLED_Disp_attributes
                0x0800f264       0x24 ./Core/Src/main.o
                0x0800f264                OLED_Disp_attributes
 .rodata.Heating_attributes
                0x0800f288       0x24 ./Core/Src/main.o
                0x0800f288                Heating_attributes
 .rodata.RFID_attributes
                0x0800f2ac       0x24 ./Core/Src/main.o
                0x0800f2ac                RFID_attributes
 .rodata.Screen_tim01_attributes
                0x0800f2d0       0x10 ./Core/Src/main.o
                0x0800f2d0                Screen_tim01_attributes
 .rodata.I2C_Mutex_attributes
                0x0800f2e0       0x10 ./Core/Src/main.o
                0x0800f2e0                I2C_Mutex_attributes
 .rodata.Alarm01_attributes
                0x0800f2f0       0x10 ./Core/Src/main.o
                0x0800f2f0                Alarm01_attributes
 .rodata.OLED_Sem_attributes
                0x0800f300       0x10 ./Core/Src/main.o
                0x0800f300                OLED_Sem_attributes
 .rodata.Rfid01_attributes
                0x0800f310       0x10 ./Core/Src/main.o
                0x0800f310                Rfid01_attributes
 .rodata.BTN_UP_attributes
                0x0800f320       0x10 ./Core/Src/main.o
                0x0800f320                BTN_UP_attributes
 .rodata.BTN_DWN_attributes
                0x0800f330       0x10 ./Core/Src/main.o
                0x0800f330                BTN_DWN_attributes
 .rodata.PN532_ACK
                0x0800f340        0x6 ./Core/Src/pn532.o
                0x0800f340                PN532_ACK
 *fill*         0x0800f346        0x2 
 .rodata.AHBPrescTable
                0x0800f348       0x10 ./Core/Src/system_stm32l4xx.o
                0x0800f348                AHBPrescTable
 .rodata.APBPrescTable
                0x0800f358        0x8 ./Core/Src/system_stm32l4xx.o
                0x0800f358                APBPrescTable
 .rodata.MSIRangeTable
                0x0800f360       0x30 ./Core/Src/system_stm32l4xx.o
                0x0800f360                MSIRangeTable
 .rodata.Font7x10
                0x0800f390      0x76c ./Drivers/OLED/ssd1306_fonts.o