Archive member included to satisfy reference by file (symbol)

C:/ST/STM32CubeIDE_1.16.0/STM32CubeIDE/plugins/com.st.stm32cube.ide.mcu.externaltools.gnu-tools-for-stm32.13.3.rel1.win32_1.0.0.202411081344/tools/bin/../lib/gcc/arm-none-eabi/13.3.1/../../../../arm-none-eabi/lib/thumb/v7e-m+fp/hard\libc_nano.a(libc_a-exit.o)
                              C:/ST/STM32CubeIDE_1.16.0/STM32CubeIDE/plugins/com.st.stm32cube.ide.mcu.externaltools.gnu-tools-for-stm32.13.3.rel1.win32_1.0.0.202411081344/tools/bin/../lib/gcc/arm-none-eabi/13.3.1/../../../../arm-none-eabi/lib/thumb/v7e-m+fp/hard/crt0.o (exit)
C:/ST/STM32CubeIDE_1.16.0/STM32CubeIDE/plugins/com.st.stm32cube.ide.mcu.externaltools.gnu-tools-for-stm32.13.3.rel1.win32_1.0.0.202411081344/tools/bin/../lib/gcc/arm-none-eabi/13.3.1/../../../../arm-none-eabi/lib/thumb/v7e-m+fp/hard\libc_nano.a(libc_a-nano-vfprintf_float.o)
                              (_printf_float)
C:/ST/STM32CubeIDE_1.16.0/STM32CubeIDE/plugins/com.st.stm32cube.ide.mcu.externaltools.gnu-tools-for-stm32.13.3.rel1.win32_1.0.0.202411081344/tools/bin/../lib/gcc/arm-none-eabi/13.3.1/../../../../arm-none-eabi/lib/thumb/v7e-m+fp/hard\libc_nano.a(libc_a-nano-vfprintf_i.o)
                              C:/ST/STM32CubeIDE_1.16.0/STM32CubeIDE/plugins/com.st.stm32cube.ide.mcu.externaltools.gnu-tools-for-stm32.13.3.rel1.win32_1.0.0.202411081344/tools/bin/../lib/gcc/arm-none-eabi/13.3.1/../../../../arm-none-eabi/lib/thumb/v7e-m+fp/hard\libc_nano.a(libc_a-nano-vfprintf_float.o) (_printf_common)
C:/ST/STM32CubeIDE_1.16.0/STM32CubeIDE/plugins/com.st.stm32cube.ide.mcu.externaltools.gnu-tools-for-stm32.13.3.rel1.win32_1.0.0.202411081344/tools/bin/../lib/gcc/arm-none-eabi/13.3.1/../../../../arm-none-eabi/lib/thumb/v7e-m+fp/hard\libc_nano.a(libc_a-findfp.o)
                              ./Middlewares/Third_Party/FreeRTOS/Source/tasks.o (__sf)
C:/ST/STM32CubeIDE_1.16.0/STM32CubeIDE/plugins/com.st.stm32cube.ide.mcu.externaltools.gnu-tools-for-stm32.13.3.rel1.win32_1.0.0.202411081344/tools/bin/../lib/gcc/arm-none-eabi/13.3.1/../../../../arm-none-eabi/lib/thumb/v7e-m+fp/hard\libc_nano.a(libc_a-fwalk.o)
                              C:/ST/STM32CubeIDE_1.16.0/STM32CubeIDE/plugins/com.st.stm32cube.ide.mcu.externaltools.gnu-tools-for-stm32.13.3.rel1.win32_1.0.0.202411081344/tools/bin/../lib/gcc/arm-none-eabi/13.3.1/../../../../arm-none-eabi/lib/thumb/v7e-m+fp/hard\libc_nano.a(libc_a-findfp.o) (_fwalk_sglue)
C:/ST/STM32CubeIDE_1.16.0/STM32CubeIDE/plugins/com.st.stm32cube.ide.mcu.externaltools.gnu-tools-for-stm32.13.3.rel1.win32_1.0.0.202411081344/tools/bin/../lib/gcc/arm-none-eabi/13.3.1/../../../../arm-none-eabi/lib/thumb/v7e-m+fp/hard\libc_nano.a(libc_a-printf.o)
                              ./Core/Src/pn532_stm32f1.o (printf)
C:/ST/STM32CubeIDE_1.16.0/STM32CubeIDE/plugins/com.st.stm32cube.ide.mcu.externaltools.gnu-tools-for-stm32.13.3.rel1.win32_1.0.0.202411081344/tools/bin/../lib/gcc/arm-none-eabi/13.3.1/../../../../arm-none-eabi/lib/thumb/v7e-m+fp/hard\libc_nano.a(libc_a-sprintf.o)
                              ./Core/Src/main.o (sprintf)
C:/ST/STM32CubeIDE_1.16.0/STM32CubeIDE/plugins/com.st.stm32cube.ide.mcu.externaltools.gnu-tools-for-stm32.13.3.rel1.win32_1.0.0.202411081344/tools/bin/../lib/gcc/arm-none-eabi/13.3.1/../../../../arm-none-eabi/lib/thumb/v7e-m+fp/hard\libc_nano.a(libc_a-stdio.o)
                              C:/ST/STM32CubeIDE_1.16.0/STM32CubeIDE/plugins/com.st.stm32cube.ide.mcu.externaltools.gnu-tools-for-stm32.13.3.rel1.win32_1.0.0.202411081344/tools/bin/../lib/gcc/arm-none-eabi/13.3.1/../../../../arm-none-eabi/lib/thumb/v7e-m+fp/hard\libc_nano.a(libc_a-findfp.o) (__sread)
C:/ST/STM32CubeIDE_1.16.0/STM32CubeIDE/plugins/com.st.stm32cube.ide.mcu.externaltools.gnu-tools-for-stm32.13.3.rel1.win32_1.0.0.202411081344/tools/bin/../lib/gcc/arm-none-eabi/13.3.1/../../../../arm-none-eabi/lib/thumb/v7e-m+fp/hard\libc_nano.a(libc_a-memset.o)
                              C:/ST/STM32CubeIDE_1.16.0/STM32CubeIDE/plugins/com.st.stm32cube.ide.mcu.externaltools.gnu-tools-for-stm32.13.3.rel1.win32_1.0.0.202411081344/tools/bin/../lib/gcc/arm-none-eabi/13.3.1/../../../../arm-none-eabi/lib/thumb/v7e-m+fp/hard/crt0.o (memset)
C:/ST/STM32CubeIDE_1.16.0/STM32CubeIDE/plugins/com.st.stm32cube.ide.mcu.externaltools.gnu-tools-for-stm32.13.3.rel1.win32_1.0.0.202411081344/tools/bin/../lib/gcc/arm-none-eabi/13.3.1/../../../../arm-none-eabi/lib/thumb/v7e-m+fp/hard\libc_nano.a(libc_a-localeconv.o)
                              C:/ST/STM32CubeIDE_1.16.0/STM32CubeIDE/plugins/com.st.stm32cube.ide.mcu.externaltools.gnu-tools-for-stm32.13.3.rel1.win32_1.0.0.202411081344/tools/bin/../lib/gcc/arm-none-eabi/13.3.1/../../../../arm-none-eabi/lib/thumb/v7e-m+fp/hard\libc_nano.a(libc_a-nano-vfprintf_float.o) (_localeconv_r)
[...]
Memory Configuration

Name             Origin             Length             Attributes
RAM              0x20000000         0x0000c000         xrw
RAM2             0x10000000         0x00004000         xrw
FLASH            0x08000000         0x00040000         xr
*default*        0x00000000         0xffffffff

Linker script and memory map

LOAD C:/ST/STM32CubeIDE_1.16.0/STM32CubeIDE/plugins/com.st.stm32cube.ide.mcu.externaltools.gnu-tools-for-stm32.13.3.rel1.win32_1.0.0.202411081344/tools/bin/../lib/gcc/arm-none-eabi/13.3.1/thumb/v7e-m+fp/hard/crti.o
LOAD C:/ST/STM32CubeIDE_1.16.0/STM32CubeIDE/plugins/com.st.stm32cube.ide.mcu.externaltools.gnu-tools-for-stm32.13.3.rel1.win32_1.0.0.202411081344/tools/bin/../lib/gcc/arm-none-eabi/13.3.1/thumb/v7e-m+fp/hard/crtbegin.o
LOAD C:/ST/STM32CubeIDE_1.16.0/STM32CubeIDE/plugins/com.st.stm32cube.ide.mcu.externaltools.gnu-tools-for-stm32.13.3.rel1.win32_1.0.0.202411081344/tools/bin/../lib/gcc/arm-none-eabi/13.3.1/../../../../arm-none-eabi/lib/thumb/v7e-m+fp/hard/crt0.o
LOAD ./Core/Src/bme280.o
LOAD ./Core/Src/freertos.o
LOAD ./Core/Src/main.o
LOAD ./Core/Src/pn532.o
LOAD ./Core/Src/pn532_stm32f1.o
LOAD ./Core/Src/stm32l4xx_hal_msp.o
LOAD ./Core/Src/stm32l4xx_hal_timebase_tim.o
LOAD ./Core/Src/stm32l4xx_it.o
LOAD ./Core/Src/syscalls.o
LOAD ./Core/Src/sysmem.o
LOAD ./Core/Src/system_stm32l4xx.o
LOAD ./Core/Startup/startup_stm32l432kcux.o
LOAD ./Drivers/OLED/ssd1306.o
LOAD ./Drivers/OLED/ssd1306_fonts.o
LOAD ./Drivers/STM32L4xx_HAL_Driver/Src/stm32l4xx_hal.o
LOAD ./Drivers/STM32L4xx_HAL_Driver/Src/stm32l4xx_hal_cortex.o
LOAD ./Drivers/STM32L4xx_HAL_Driver/Src/stm32l4xx_hal_dma.o
LOAD ./Drivers/STM32L4xx_HAL_Driver/Src/stm32l4xx_hal_dma_ex.o
LOAD ./Drivers/STM32L4xx_HAL_Driver/Src/stm32l4xx_hal_exti.o
LOAD ./Drivers/STM32L4xx_HAL_Driver/Src/stm32l4xx_hal_flash.o
LOAD ./Drivers/STM32L4xx_HAL_Driver/Src/stm32l4xx_hal_flash_ex.o
LOAD ./Drivers/STM32L4xx_HAL_Driver/Src/stm32l4xx_hal_flash_ramfunc.o
LOAD ./Drivers/STM32L4xx_HAL_Driver/Src/stm32l4xx_hal_gpio.o
LOAD ./Drivers/STM32L4xx_HAL_Driver/Src/stm32l4xx_hal_i2c.o
LOAD ./Drivers/STM32L4xx_HAL_Driver/Src/stm32l4xx_hal_i2c_ex.o
LOAD ./Drivers/STM32L4xx_HAL_Driver/Src/stm32l4xx_hal_pwr.o
LOAD ./Drivers/STM32L4xx_HAL_Driver/Src/stm32l4xx_hal_pwr_ex.o
LOAD ./Drivers/STM32L4xx_HAL_Driver/Src/stm32l4xx_hal_rcc.o
LOAD ./Drivers/STM32L4xx_HAL_Driver/Src/stm32l4xx_hal_rcc_ex.o
LOAD ./Drivers/STM32L4xx_HAL_Driver/Src/stm32l4xx_hal_tim.o
LOAD ./Drivers/STM32L4xx_HAL_Driver/Src/stm32l4xx_hal_tim_ex.o
LOAD ./Drivers/STM32L4xx_HAL_Driver/Src/stm32l4xx_hal_uart.o
LOAD ./Drivers/STM32L4xx_HAL_Driver/Src/stm32l4xx_hal_uart_ex.o
LOAD ./Middlewares/Third_Party/FreeRTOS/Source/CMSIS_RTOS_V2/cmsis_os2.o
LOAD ./Middlewares/Third_Party/FreeRTOS/Source/croutine.o
LOAD ./Middlewares/Third_Party/FreeRTOS/Source/event_groups.o
LOAD ./Middlewares/Third_Party/FreeRTOS/Source/list.o
LOAD ./Middlewares/Third_Party/FreeRTOS/Source/queue.o
LOAD ./Middlewares/Third_Party/FreeRTOS/Source/stream_buffer.o
LOAD ./Middlewares/Third_Party/FreeRTOS/Source/tasks.o
LOAD ./Middlewares/Third_Party/FreeRTOS/Source/timers.o
LOAD ./Middlewares/Third_Party/FreeRTOS/Source/portable/GCC/ARM_CM4F/port.o
LOAD ./Middlewares/Third_Party/FreeRTOS/Source/portable/MemMang/heap_4.o
START GROUP
LOAD C:/ST/STM32CubeIDE_1.16.0/STM32CubeIDE/plugins/com.st.stm32cube.ide.mcu.externaltools.gnu-tools-for-stm32.13.3.rel1.win32_1.0.0.202411081344/tools/bin/../lib/gcc/arm-none-eabi/13.3.1/../../../../arm-none-eabi/lib/thumb/v7e-m+fp/hard\libc_nano.a
LOAD C:/ST/STM32CubeIDE_1.16.0/STM32CubeIDE/plugins/com.st.stm32cube.ide.mcu.externaltools.gnu-tools-for-stm32.13.3.rel1.win32_1.0.0.202411081344/tools/bin/../lib/gcc/arm-none-eabi/13.3.1/../../../../arm-none-eabi/lib/thumb/v7e-m+fp/hard\libm.a
END GROUP
START GROUP
LOAD C:/ST/STM32CubeIDE_1.16.0/STM32CubeIDE/plugins/com.st.stm32cube.ide.mcu.externaltools.gnu-tools-for-stm32.13.3.rel1.win32_1.0.0.202411081344/tools/bin/../lib/gcc/arm-none-eabi/13.3.1/thumb/v7e-m+fp/hard\libgcc.a
LOAD C:/ST/STM32CubeIDE_1.16.0/STM32CubeIDE/plugins/com.st.stm32cube.ide.mcu.externaltools.gnu-tools-for-stm32.13.3.rel1.win32_1.0.0.202411081344/tools/bin/../lib/gcc/arm-none-eabi/13.3.1/../../../../arm-none-eabi/lib/thumb/v7e-m+fp/hard\libc_nano.a
END GROUP
START GROUP
LOAD C:/ST/STM32CubeIDE_1.16.0/STM32CubeIDE/plugins/com.st.stm32cube.ide.mcu.externaltools.gnu-tools-for-stm32.13.3.rel1.win32_1.0.0.202411081344/tools/bin/../lib/gcc/arm-none-eabi/13.3.1/thumb/v7e-m+fp/hard\libgcc.a
LOAD C:/ST/STM32CubeIDE_1.16.0/STM32CubeIDE/plugins/com.st.stm32cube.ide.mcu.externaltools.gnu-tools-for-stm32.13.3.rel1.win32_1.0.0.202411081344/tools/bin/../lib/gcc/arm-none-eabi/13.3.1/../../../../arm-none-eabi/lib/thumb/v7e-m+fp/hard\libc_nano.a
LOAD C:/ST/STM32CubeIDE_1.16.0/STM32CubeIDE/plugins/com.st.stm32cube.ide.mcu.externaltools.gnu-tools-for-stm32.13.3.rel1.win32_1.0.0.202411081344/tools/bin/../lib/gcc/arm-none-eabi/13.3.1/../../../../arm-none-eabi/lib/thumb/v7e-m+fp/hard\libnosys.a
END GROUP
START GROUP
LOAD C:/ST/STM32CubeIDE_1.16.0/STM32CubeIDE/plugins/com.st.stm32cube.ide.mcu.externaltools.gnu-tools-for-stm32.13.3.rel1.win32_1.0.0.202411081344/tools/bin/../lib/gcc/arm-none-eabi/13.3.1/thumb/v7e-m+fp/hard\libgcc.a
LOAD C:/ST/STM32CubeIDE_1.16.0/STM32CubeIDE/plugins/com.st.stm32cube.ide.mcu.externaltools.gnu-tools-for-stm32.13.3.rel1.win32_1.0.0.202411081344/tools/bin/../lib/gcc/arm-none-eabi/13.3.1/../../../../arm-none-eabi/lib/thumb/v7e-m+fp/hard\libc_nano.a
LOAD C:/ST/STM32CubeIDE_1.16.0/STM32CubeIDE/plugins/com.st.stm32cube.ide.mcu.externaltools.gnu-tools-for-stm32.13.3.rel1.win32_1.0.0.202411081344/tools/bin/../lib/gcc/arm-none-eabi/13.3.1/../../../../arm-none-eabi/lib/thumb/v7e-m+fp/hard\libnosys.a
END GROUP
LOAD C:/ST/STM32CubeIDE_1.16.0/STM32CubeIDE/plugins/com.st.stm32cube.ide.mcu.externaltools.gnu-tools-for-stm32.13.3.rel1.win32_1.0.0.202411081344/tools/bin/../lib/gcc/arm-none-eabi/13.3.1/thumb/v7e-m+fp/hard/crtend.o
LOAD C:/ST/STM32CubeIDE_1.16.0/STM32CubeIDE/plugins/com.st.stm32cube.ide.mcu.externaltools.gnu-tools-for-stm32.13.3.rel1.win32_1.0.0.202411081344/tools/bin/../lib/gcc/arm-none-eabi/13.3.1/thumb/v7e-m+fp/hard/crtn.o
                0x2000c000                        _estack = (ORIGIN (RAM) + LENGTH (RAM))
                0x00000200                        _Min_Heap_Size = 0x200
                0x00000400                        _Min_Stack_Size = 0x400

.isr_vector     0x08000000      0x18c
                0x08000000                        . = ALIGN (0x4)
 *(.isr_vector)
 .isr_vector    0x08000000      0x18c ./Core/Startup/startup_stm32l432kcux.o
                0x08000000                g_pfnVectors
                0x0800018c                        . = ALIGN (0x4)

.text           0x08000190     0xf2f8
                0x08000190                        . = ALIGN (0x4)
 *(.text)
 .text          0x08000190       0x40 C:/ST/STM32CubeIDE_1.16.0/STM32CubeIDE/plugins/com.st.stm32cube.ide.mcu.externaltools.gnu-tools-for-stm32.13.3.rel1.win32_1.0.0.202411081344/tools/bin/../lib/gcc/arm-none-eabi/13.3.1/thumb/v7e-m+fp/hard/crtbegin.o
 .text          0x080001d0       0xa0 C:/ST/STM32CubeIDE_1.16.0/STM32CubeIDE/plugins/com.st.stm32cube.ide.mcu.externaltools.gnu-tools-for-stm32.13.3.rel1.win32_1.0.0.202411081344/tools/bin/../lib/gcc/arm-none-eabi/13.3.1/../../../../arm-none-eabi/lib/thumb/v7e-m+fp/hard\libc_nano.a(libc_a-memchr.o)
                0x080001d0                memchr
 .text          0x08000270       0x10 C:/ST/STM32CubeIDE_1.16.0/STM32CubeIDE/plugins/com.st.stm32cube.ide.mcu.externaltools.gnu-tools-for-stm32.13.3.rel1.win32_1.0.0.202411081344/tools/bin/../lib/gcc/arm-none-eabi/13.3.1/../../../../arm-none-eabi/lib/thumb/v7e-m+fp/hard\libc_nano.a(libc_a-strlen.o)
                0x08000270                strlen
 .text          0x08000280      0x378 C:/ST/STM32CubeIDE_1.16.0/STM32CubeIDE/plugins/com.st.stm32cube.ide.mcu.externaltools.gnu-tools-for-stm32.13.3.rel1.win32_1.0.0.202411081344/tools/bin/../lib/gcc/arm-none-eabi/13.3.1/thumb/v7e-m+fp/hard\libgcc.a(_arm_addsubdf3.o)
                0x08000280                __aeabi_drsub
                0x08000288                __aeabi_dsub
                0x08000288                __subdf3
                0x0800028c                __aeabi_dadd
                0x0800028c                __adddf3
                0x08000504                __floatunsidf
                0x08000504                __aeabi_ui2d
                0x08000524                __floatsidf
                0x08000524                __aeabi_i2d
                0x08000548                __aeabi_f2d
                0x08000548                __extendsfdf2
                0x0800058c                __floatundidf
                0x0800058c                __aeabi_ul2d
                0x0800059c                __floatdidf
                0x0800059c                __aeabi_l2d
 .text          0x080005f8      0x424 C:/ST/STM32CubeIDE_1.16.0/STM32CubeIDE/plugins/com.st.stm32cube.ide.mcu.externaltools.gnu-tools-for-stm32.13.3.rel1.win32_1.0.0.202411081344/tools/bin/../lib/gcc/arm-none-eabi/13.3.1/thumb/v7e-m+fp/hard\libgcc.a(_arm_muldivdf3.o)
                0x080005f8                __aeabi_dmul
                0x080005f8                __muldf3
                0x0800084c                __divdf3
                0x0800084c                __aeabi_ddiv
 .text          0x08000a1c      0x110 C:/ST/STM32CubeIDE_1.16.0/STM32CubeIDE/plugins/com.st.stm32cube.ide.mcu.externaltools.gnu-tools-for-stm32.13.3.rel1.win32_1.0.0.202411081344/tools/bin/../lib/gcc/arm-none-eabi/13.3.1/thumb/v7e-m+fp/hard\libgcc.a(_arm_cmpdf2.o)
                0x08000a1c                __gtdf2
                0x08000a1c                __gedf2
                0x08000a24                __ltdf2
                0x08000a24                __ledf2
                0x08000a2c                __nedf2
                0x08000a2c                __eqdf2
                0x08000a2c                __cmpdf2
                0x08000aa8                __aeabi_cdrcmple
                0x08000ab8                __aeabi_cdcmpeq
                0x08000ab8                __aeabi_cdcmple
                0x08000ac8                __aeabi_dcmpeq
                0x08000adc                __aeabi_dcmplt
                0x08000af0                __aeabi_dcmple
                0x08000b04                __aeabi_dcmpge
                0x08000b18                __aeabi_dcmpgt
 .text          0x08000b2c       0x2c C:/ST/STM32CubeIDE_1.16.0/STM32CubeIDE/plugins/com.st.stm32cube.ide.mcu.externaltools.gnu-tools-for-stm32.13.3.rel1.win32_1.0.0.202411081344/tools/bin/../lib/gcc/arm-none-eabi/13.3.1/thumb/v7e-m+fp/hard\libgcc.a(_arm_unorddf2.o)
                0x08000b2c                __unorddf2
                0x08000b2c                __aeabi_dcmpun
 .text          0x08000b58       0x50 C:/ST/STM32CubeIDE_1.16.0/STM32CubeIDE/plugins/com.st.stm32cube.ide.mcu.externaltools.gnu-tools-for-stm32.13.3.rel1.win32_1.0.0.202411081344/tools/bin/../lib/gcc/arm-none-eabi/13.3.1/thumb/v7e-m+fp/hard\libgcc.a(_arm_fixdfsi.o)
                0x08000b58                __aeabi_d2iz
                0x08000b58                __fixdfsi
 .text          0x08000ba8       0xa0 C:/ST/STM32CubeIDE_1.16.0/STM32CubeIDE/plugins/com.st.stm32cube.ide.mcu.externaltools.gnu-tools-for-stm32.13.3.rel1.win32_1.0.0.202411081344/tools/bin/../lib/gcc/arm-none-eabi/13.3.1/thumb/v7e-m+fp/hard\libgcc.a(_aeabi_ldivmod.o)
                0x08000ba8                __aeabi_ldivmod
 .text          0x08000c48       0x30 C:/ST/STM32CubeIDE_1.16.0/STM32CubeIDE/plugins/com.st.stm32cube.ide.mcu.externaltools.gnu-tools-for-stm32.13.3.rel1.win32_1.0.0.202411081344/tools/bin/../lib/gcc/arm-none-eabi/13.3.1/thumb/v7e-m+fp/hard\libgcc.a(_aeabi_uldivmod.o)
                0x08000c48                __aeabi_uldivmod
 .text          0x08000c78      0x2f8 C:/ST/STM32CubeIDE_1.16.0/STM32CubeIDE/plugins/com.st.stm32cube.ide.mcu.externaltools.gnu-tools-for-stm32.13.3.rel1.win32_1.0.0.202411081344/tools/bin/../lib/gcc/arm-none-eabi/13.3.1/thumb/v7e-m+fp/hard\libgcc.a(_udivmoddi4.o)
                0x08000c78                __udivmoddi4
 .text          0x08000f70        0x4 C:/ST/STM32CubeIDE_1.16.0/STM32CubeIDE/plugins/com.st.stm32cube.ide.mcu.externaltools.gnu-tools-for-stm32.13.3.rel1.win32_1.0.0.202411081344/tools/bin/../lib/gcc/arm-none-eabi/13.3.1/thumb/v7e-m+fp/hard\libgcc.a(_dvmd_tls.o)
                0x08000f70                __aeabi_idiv0
                0x08000f70                __aeabi_ldiv0
 *(.text*)
 .text.bme280_init
                0x08000f74       0x96 ./Core/Src/bme280.o
                0x08000f74                bme280_init
 .text.bme280_get_regs
                0x0800100a       0x60 ./Core/Src/bme280.o
                0x0800100a                bme280_get_regs
 .text.bme280_set_regs
                0x0800106a       0xf2 ./Core/Src/bme280.o
                0x0800106a                bme280_set_regs
 .text.bme280_set_sensor_settings
                0x0800115c       0xaa ./Core/Src/bme280.o
                0x0800115c                bme280_set_sensor_settings
 .text.bme280_set_sensor_mode
                0x08001206       0x68 ./Core/Src/bme280.o
                0x08001206                bme280_set_sensor_mode
 .text.bme280_get_sensor_mode
                0x0800126e       0x46 ./Core/Src/bme280.o
                0x0800126e                bme280_get_sensor_mode
 .text.bme280_soft_reset
                0x080012b4       0x4a ./Core/Src/bme280.o
                0x080012b4                bme280_soft_reset
 .text.bme280_get_sensor_data
                0x080012fe       0x94 ./Core/Src/bme280.o
                0x080012fe                bme280_get_sensor_data
 .text.bme280_parse_sensor_data
                0x08001392       0x8c ./Core/Src/bme280.o
                0x08001392                bme280_parse_sensor_data
 .text.bme280_compensate_data
                0x0800141e       0x92 ./Core/Src/bme280.o
                0x0800141e                bme280_compensate_data
 .text.set_osr_settings
                0x080014b0       0x4e ./Core/Src/bme280.o
 .text.set_osr_humidity_settings
                0x080014fe       0x74 ./Core/Src/bme280.o
 .text.set_osr_press_temp_settings
                0x08001572       0x78 ./Core/Src/bme280.o
 .text.set_filter_standby_settings
                0x080015ea       0x78 ./Core/Src/bme280.o
 .text.fill_filter_settings
                0x08001662       0x3c ./Core/Src/bme280.o
 .text.fill_standby_settings
                0x0800169e       0x36 ./Core/Src/bme280.o
 .text.fill_osr_press_settings
                0x080016d4       0x3c ./Core/Src/bme280.o
 .text.fill_osr_temp_settings
                0x08001710       0x36 ./Core/Src/bme280.o
 .text.parse_device_settings
                0x08001746       0x68 ./Core/Src/bme280.o
 .text.write_power_mode
                0x080017ae       0x66 ./Core/Src/bme280.o
 .text.put_device_to_sleep
                0x08001814       0x60 ./Core/Src/bme280.o
 .text.reload_device_settings
                0x08001874       0x3a ./Core/Src/bme280.o
 *fill*         0x080018ae        0x2 
 .text.compensate_temperature
                0x080018b0       0xc4 ./Core/Src/bme280.o
 .text.compensate_pressure
                0x08001974      0x740 ./Core/Src/bme280.o
 .text.compensate_humidity
                0x080020b4      0x158 ./Core/Src/bme280.o
 .text.get_calib_data
                0x0800220c       0x88 ./Core/Src/bme280.o
 .text.interleave_reg_addr
                0x08002294       0x58 ./Core/Src/bme280.o
 .text.parse_temp_press_calib_data
                0x080022ec      0x178 ./Core/Src/bme280.o
 .text.parse_humidity_calib_data
                0x08002464       0xa0 ./Core/Src/bme280.o
 .text.are_settings_changed
                0x08002504       0x38 ./Core/Src/bme280.o
 .text.null_ptr_check
                0x0800253c       0x40 ./Core/Src/bme280.o
 .text.user_i2c_read
                0x0800257c       0x68 ./Core/Src/main.o
                0x0800257c                user_i2c_read
 .text.user_i2c_write
                0x080025e4       0x60 ./Core/Src/main.o
                0x080025e4                user_i2c_write
 .text.user_delay_ms
                0x08002644       0x16 ./Core/Src/main.o
                0x08002644                user_delay_ms
 *fill*         0x0800265a        0x2 
 .text.main     0x0800265c      0x2d8 ./Core/Src/main.o
                0x0800265c                main
 .text.SystemClock_Config
                0x08002934       0xa4 ./Core/Src/main.o
                0x08002934                SystemClock_Config
 .text.MX_I2C1_Init
                0x080029d8       0x80 ./Core/Src/main.o
 .text.MX_USART2_UART_Init
                0x08002a58       0x74 ./Core/Src/main.o
 .text.MX_GPIO_Init
                0x08002acc       0xd0 ./Core/Src/main.o
 .text.HAL_GPIO_EXTI_Callback
                0x08002b9c       0x3c ./Core/Src/main.o
                0x08002b9c                HAL_GPIO_EXTI_Callback
 .text.StartTemp
                0x08002bd8      0x138 ./Core/Src/main.o
                0x08002bd8                StartTemp
 .text.StartEncoder
                0x08002d10       0x94 ./Core/Src/main.o
                0x08002d10                StartEncoder
 .text.StartOLED
                0x08002da4      0x14c ./Core/Src/main.o
                0x08002da4                StartOLED
 .text.StartHeating01
                0x08002ef0       0x64 ./Core/Src/main.o
                0x08002ef0                StartHeating01
 .text.StartRFID
                0x08002f54      0x140 ./Core/Src/main.o
                0x08002f54                StartRFID
 .text.HAL_TIM_PeriodElapsedCallback
                0x08003094       0x24 ./Core/Src/main.o
                0x08003094                HAL_TIM_PeriodElapsedCallback
 .text.Error_Handler
                0x080030b8        0xc ./Core/Src/main.o
                0x080030b8                Error_Handler
 .text.PN532_WriteFrame
                0x080030c4      0x1a6 ./Core/Src/pn532.o
                0x080030c4                PN532_WriteFrame
 *fill*         0x0800326a        0x2 
 .text.PN532_ReadFrame
                0x0800326c      0x1fc ./Core/Src/pn532.o
                0x0800326c                PN532_ReadFrame
 .text.PN532_CallFunction
                0x08003468      0x24c ./Core/Src/pn532.o
                0x08003468                PN532_CallFunction
 .text.PN532_GetFirmwareVersion
                0x080036b4       0x48 ./Core/Src/pn532.o
                0x080036b4                PN532_GetFirmwareVersion
 .text.PN532_SamConfiguration
                0x080036fc       0x44 ./Core/Src/pn532.o
                0x080036fc                PN532_SamConfiguration
 .text.PN532_ReadPassiveTarget
                0x08003740       0xb4 ./Core/Src/pn532.o
                0x08003740                PN532_ReadPassiveTarget
 .text.PN532_Log
                0x080037f4       0x1c ./Core/Src/pn532_stm32f1.o
                0x080037f4                PN532_Log
 .text.i2c_read
                0x08003810       0x28 ./Core/Src/pn532_stm32f1.o
                0x08003810                i2c_read
 .text.i2c_write
                0x08003838       0x28 ./Core/Src/pn532_stm32f1.o
                0x08003838                i2c_write
 .text.PN532_I2C_ReadData
                0x08003860       0xbe ./Core/Src/pn532_stm32f1.o
                0x08003860                PN532_I2C_ReadData
 .text.PN532_I2C_WriteData
                0x0800391e       0x20 ./Core/Src/pn532_stm32f1.o
                0x0800391e                PN532_I2C_WriteData
 .text.PN532_I2C_WaitReady
                0x0800393e       0x4a ./Core/Src/pn532_stm32f1.o
                0x0800393e                PN532_I2C_WaitReady
 .text.PN532_I2C_Wakeup
                0x08003988       0x40 ./Core/Src/pn532_stm32f1.o
                0x08003988                PN532_I2C_Wakeup
 .text.PN532_I2C_Init
                0x080039c8       0x48 ./Core/Src/pn532_stm32f1.o
                0x080039c8                PN532_I2C_Init
 .text.HAL_MspInit
                0x08003a10       0x50 ./Core/Src/stm32l4xx_hal_msp.o
                0x08003a10                HAL_MspInit
 .text.HAL_I2C_MspInit
                0x08003a60       0xb0 ./Core/Src/stm32l4xx_hal_msp.o
                0x08003a60                HAL_I2C_MspInit
 .text.HAL_UART_MspInit
                0x08003b10       0xe4 ./Core/Src/stm32l4xx_hal_msp.o
                0x08003b10                HAL_UART_MspInit
 .text.HAL_InitTick
                0x08003bf4       0xf4 ./Core/Src/stm32l4xx_hal_timebase_tim.o
                0x08003bf4                HAL_InitTick
 .text.NMI_Handler
                0x08003ce8        0x8 ./Core/Src/stm32l4xx_it.o
                0x08003ce8                NMI_Handler
 .text.HardFault_Handler
                0x08003cf0        0x8 ./Core/Src/stm32l4xx_it.o
                0x08003cf0                HardFault_Handler
 .text.MemManage_Handler
                0x08003cf8        0x8 ./Core/Src/stm32l4xx_it.o
                0x08003cf8                MemManage_Handler
 .text.BusFault_Handler
                0x08003d00        0x8 ./Core/Src/stm32l4xx_it.o
                0x08003d00                BusFault_Handler
 .text.UsageFault_Handler
                0x08003d08        0x8 ./Core/Src/stm32l4xx_it.o
                0x08003d08                UsageFault_Handler
 .text.DebugMon_Handler
                0x08003d10        0xe ./Core/Src/stm32l4xx_it.o
                0x08003d10                DebugMon_Handler
 .text.EXTI0_IRQHandler
                0x08003d1e        0xe ./Core/Src/stm32l4xx_it.o
                0x08003d1e                EXTI0_IRQHandler
 .text.EXTI9_5_IRQHandler
                0x08003d2c        0xe ./Core/Src/stm32l4xx_it.o
                0x08003d2c                EXTI9_5_IRQHandler
 *fill*         0x08003d3a        0x2 
 .text.USART2_IRQHandler
                0x08003d3c       0x14 ./Core/Src/stm32l4xx_it.o
                0x08003d3c                USART2_IRQHandler
 .text.TIM7_IRQHandler
                0x08003d50       0x14 ./Core/Src/stm32l4xx_it.o
                0x08003d50                TIM7_IRQHandler
 .text._getpid  0x08003d64       0x10 ./Core/Src/syscalls.o
                0x08003d64                _getpid
 .text._kill    0x08003d74       0x20 ./Core/Src/syscalls.o
                0x08003d74                _kill
 .text._exit    0x08003d94       0x16 ./Core/Src/syscalls.o
                0x08003d94                _exit
 .text._read    0x08003daa       0x3a ./Core/Src/syscalls.o
                0x08003daa                _read
 .text._write   0x08003de4       0x38 ./Core/Src/syscalls.o
                0x08003de4                _write
 .text._close   0x08003e1c       0x18 ./Core/Src/syscalls.o
                0x08003e1c                _close
 .text._fstat   0x08003e34       0x20 ./Core/Src/syscalls.o
                0x08003e34                _fstat
 .text._isatty  0x08003e54       0x16 ./Core/Src/syscalls.o
                0x08003e54                _isatty
 .text._lseek   0x08003e6a       0x1a ./Core/Src/syscalls.o
                0x08003e6a                _lseek
 .text._sbrk    0x08003e84       0x6c ./Core/Src/sysmem.o
                0x08003e84                _sbrk
 .text.SystemInit
                0x08003ef0       0x24 ./Core/Src/system_stm32l4xx.o
                0x08003ef0                SystemInit
 .text.Reset_Handler
                0x08003f14       0x50 ./Core/Startup/startup_stm32l432kcux.o
                0x08003f14                Reset_Handler
 .text.Default_Handler
                0x08003f64        0x2 ./Core/Startup/startup_stm32l432kcux.o
                0x08003f64                RTC_Alarm_IRQHandler
                0x08003f64                EXTI2_IRQHandler
                0x08003f64                TIM1_CC_IRQHandler
                0x08003f64                TSC_IRQHandler
                0x08003f64                TAMP_STAMP_IRQHandler
                0x08003f64                EXTI3_IRQHandler
                0x08003f64                LPTIM2_IRQHandler
                0x08003f64                I2C3_ER_IRQHandler
                0x08003f64                CAN1_RX0_IRQHandler
                0x08003f64                FPU_IRQHandler
                0x08003f64                TIM1_UP_TIM16_IRQHandler
                0x08003f64                SPI1_IRQHandler
                0x08003f64                TIM6_DAC_IRQHandler
                0x08003f64                DMA2_Channel2_IRQHandler
                0x08003f64                DMA1_Channel4_IRQHandler
                0x08003f64                ADC1_IRQHandler
                0x08003f64                DMA1_Channel7_IRQHandler
                0x08003f64                CAN1_RX1_IRQHandler
                0x08003f64                DMA2_Channel1_IRQHandler
                0x08003f64                QUADSPI_IRQHandler
                0x08003f64                I2C1_EV_IRQHandler
                0x08003f64                DMA1_Channel6_IRQHandler
                0x08003f64                DMA2_Channel4_IRQHandler
                0x08003f64                RCC_IRQHandler
                0x08003f64                TIM1_TRG_COM_IRQHandler
                0x08003f64                DMA1_Channel1_IRQHandler
                0x08003f64                Default_Handler
                0x08003f64                DMA2_Channel7_IRQHandler
                0x08003f64                EXTI15_10_IRQHandler
                0x08003f64                I2C3_EV_IRQHandler
                0x08003f64                USB_IRQHandler
                0x08003f64                RTC_WKUP_IRQHandler
                0x08003f64                PVD_PVM_IRQHandler
                0x08003f64                CAN1_TX_IRQHandler
                0x08003f64                DMA2_Channel5_IRQHandler
                0x08003f64                CRS_IRQHandler
                0x08003f64                DMA1_Channel5_IRQHandler
                0x08003f64                EXTI4_IRQHandler
                0x08003f64                RNG_IRQHandler
                0x08003f64                DMA1_Channel3_IRQHandler
                0x08003f64                COMP_IRQHandler
                0x08003f64                WWDG_IRQHandler
                0x08003f64                LPUART1_IRQHandler
                0x08003f64                DMA2_Channel6_IRQHandler
                0x08003f64                TIM2_IRQHandler
                0x08003f64                EXTI1_IRQHandler
                0x08003f64                DMA1_Channel2_IRQHandler
                0x08003f64                CAN1_SCE_IRQHandler
                0x08003f64                FLASH_IRQHandler
                0x08003f64                USART1_IRQHandler
                0x08003f64                SPI3_IRQHandler
                0x08003f64                I2C1_ER_IRQHandler
                0x08003f64                SWPMI1_IRQHandler
                0x08003f64                LPTIM1_IRQHandler
                0x08003f64                SAI1_IRQHandler
                0x08003f64                DMA2_Channel3_IRQHandler
                0x08003f64                TIM1_BRK_TIM15_IRQHandler
 .text.ssd1306_Reset
                0x08003f66        0xe ./Drivers/OLED/ssd1306.o
                0x08003f66                ssd1306_Reset
 .text.ssd1306_WriteCommand
                0x08003f74       0x30 ./Drivers/OLED/ssd1306.o
                0x08003f74                ssd1306_WriteCommand
 .text.ssd1306_WriteData
                0x08003fa4       0x34 ./Drivers/OLED/ssd1306.o
                0x08003fa4                ssd1306_WriteData
 .text.ssd1306_Init
                0x08003fd8       0xd4 ./Drivers/OLED/ssd1306.o
                0x08003fd8                ssd1306_Init
 .text.ssd1306_Fill
                0x080040ac       0x30 ./Drivers/OLED/ssd1306.o
                0x080040ac                ssd1306_Fill
 .text.ssd1306_UpdateScreen
                0x080040dc       0x50 ./Drivers/OLED/ssd1306.o
                0x080040dc                ssd1306_UpdateScreen
 .text.ssd1306_DrawPixel
                0x0800412c       0xa8 ./Drivers/OLED/ssd1306.o
                0x0800412c                ssd1306_DrawPixel
 .text.ssd1306_WriteChar
                0x080041d4      0x124 ./Drivers/OLED/ssd1306.o
                0x080041d4                ssd1306_WriteChar
 .text.ssd1306_WriteString
                0x080042f8       0x4c ./Drivers/OLED/ssd1306.o
                0x080042f8                ssd1306_WriteString
 .text.ssd1306_SetCursor
                0x08004344       0x30 ./Drivers/OLED/ssd1306.o
                0x08004344                ssd1306_SetCursor
 .text.ssd1306_FillRectangle
                0x08004374       0x9c ./Drivers/OLED/ssd1306.o
                0x08004374                ssd1306_FillRectangle
 .text.ssd1306_SetContrast
                0x08004410       0x26 ./Drivers/OLED/ssd1306.o
                0x08004410                ssd1306_SetContrast
 *fill*         0x08004436        0x2 
 .text.ssd1306_SetDisplayOn
                0x08004438       0x3c ./Drivers/OLED/ssd1306.o
                0x08004438                ssd1306_SetDisplayOn
 .text.HAL_Init
                0x08004474       0x30 ./Drivers/STM32L4xx_HAL_Driver/Src/stm32l4xx_hal.o
                0x08004474                HAL_Init
 .text.HAL_IncTick
                0x080044a4       0x28 ./Drivers/STM32L4xx_HAL_Driver/Src/stm32l4xx_hal.o
                0x080044a4                HAL_IncTick
 .text.HAL_GetTick
                0x080044cc       0x18 ./Drivers/STM32L4xx_HAL_Driver/Src/stm32l4xx_hal.o
                0x080044cc                HAL_GetTick
 .text.HAL_Delay
                0x080044e4       0x48 ./Drivers/STM32L4xx_HAL_Driver/Src/stm32l4xx_hal.o
                0x080044e4                HAL_Delay
 .text.__NVIC_SetPriorityGrouping
                0x0800452c       0x48 ./Drivers/STM32L4xx_HAL_Driver/Src/stm32l4xx_hal_cortex.o
 .text.__NVIC_GetPriorityGrouping
                0x08004574       0x1c ./Drivers/STM32L4xx_HAL_Driver/Src/stm32l4xx_hal_cortex.o
 .text.__NVIC_EnableIRQ
                0x08004590       0x3c ./Drivers/STM32L4xx_HAL_Driver/Src/stm32l4xx_hal_cortex.o
 .text.__NVIC_SetPriority
                0x080045cc       0x54 ./Drivers/STM32L4xx_HAL_Driver/Src/stm32l4xx_hal_cortex.o
 .text.NVIC_EncodePriority
                0x08004620       0x66 ./Drivers/STM32L4xx_HAL_Driver/Src/stm32l4xx_hal_cortex.o
 .text.HAL_NVIC_SetPriorityGrouping
                0x08004686       0x16 ./Drivers/STM32L4xx_HAL_Driver/Src/stm32l4xx_hal_cortex.o
                0x08004686                HAL_NVIC_SetPriorityGrouping
 .text.HAL_NVIC_SetPriority
                0x0800469c       0x38 ./Drivers/STM32L4xx_HAL_Driver/Src/stm32l4xx_hal_cortex.o
                0x0800469c                HAL_NVIC_SetPriority
 .text.HAL_NVIC_EnableIRQ
                0x080046d4       0x1c ./Drivers/STM32L4xx_HAL_Driver/Src/stm32l4xx_hal_cortex.o
                0x080046d4                HAL_NVIC_EnableIRQ
 .text.HAL_DMA_Abort
                0x080046f0       0x7c ./Drivers/STM32L4xx_HAL_Driver/Src/stm32l4xx_hal_dma.o
                0x080046f0                HAL_DMA_Abort
 .text.HAL_DMA_Abort_IT
                0x0800476c       0x82 ./Drivers/STM32L4xx_HAL_Driver/Src/stm32l4xx_hal_dma.o
                0x0800476c                HAL_DMA_Abort_IT
 *fill*         0x080047ee        0x2 
 .text.HAL_GPIO_Init
                0x080047f0      0x2d4 ./Drivers/STM32L4xx_HAL_Driver/Src/stm32l4xx_hal_gpio.o
                0x080047f0                HAL_GPIO_Init
 .text.HAL_GPIO_WritePin
                0x08004ac4       0x30 ./Drivers/STM32L4xx_HAL_Driver/Src/stm32l4xx_hal_gpio.o
                0x08004ac4                HAL_GPIO_WritePin
 .text.HAL_GPIO_TogglePin
                0x08004af4       0x34 ./Drivers/STM32L4xx_HAL_Driver/Src/stm32l4xx_hal_gpio.o
                0x08004af4                HAL_GPIO_TogglePin
 .text.HAL_GPIO_EXTI_IRQHandler
                0x08004b28       0x30 ./Drivers/STM32L4xx_HAL_Driver/Src/stm32l4xx_hal_gpio.o
                0x08004b28                HAL_GPIO_EXTI_IRQHandler
 .text.HAL_I2C_Init
                0x08004b58      0x136 ./Drivers/STM32L4xx_HAL_Driver/Src/stm32l4xx_hal_i2c.o
                0x08004b58                HAL_I2C_Init
 *fill*         0x08004c8e        0x2 
 .text.HAL_I2C_Master_Transmit
                0x08004c90      0x230 ./Drivers/STM32L4xx_HAL_Driver/Src/stm32l4xx_hal_i2c.o
                0x08004c90                HAL_I2C_Master_Transmit
 .text.HAL_I2C_Master_Receive
                0x08004ec0      0x1ec ./Drivers/STM32L4xx_HAL_Driver/Src/stm32l4xx_hal_i2c.o
                0x08004ec0                HAL_I2C_Master_Receive
 .text.HAL_I2C_Mem_Write
                0x080050ac      0x228 ./Drivers/STM32L4xx_HAL_Driver/Src/stm32l4xx_hal_i2c.o
                0x080050ac                HAL_I2C_Mem_Write
 .text.I2C_RequestMemoryWrite
                0x080052d4       0xa8 ./Drivers/STM32L4xx_HAL_Driver/Src/stm32l4xx_hal_i2c.o
 .text.I2C_Flush_TXDR
                0x0800537c       0x48 ./Drivers/STM32L4xx_HAL_Driver/Src/stm32l4xx_hal_i2c.o
 .text.I2C_WaitOnFlagUntilTimeout
                0x080053c4       0xb2 ./Drivers/STM32L4xx_HAL_Driver/Src/stm32l4xx_hal_i2c.o
 .text.I2C_WaitOnTXISFlagUntilTimeout
                0x08005476       0x8e ./Drivers/STM32L4xx_HAL_Driver/Src/stm32l4xx_hal_i2c.o
 .text.I2C_WaitOnSTOPFlagUntilTimeout
                0x08005504       0x86 ./Drivers/STM32L4xx_HAL_Driver/Src/stm32l4xx_hal_i2c.o
 *fill*         0x0800558a        0x2 
 .text.I2C_WaitOnRXNEFlagUntilTimeout
                0x0800558c      0x118 ./Drivers/STM32L4xx_HAL_Driver/Src/stm32l4xx_hal_i2c.o
 .text.I2C_IsErrorOccurred
                0x080056a4      0x1c0 ./Drivers/STM32L4xx_HAL_Driver/Src/stm32l4xx_hal_i2c.o
 .text.I2C_TransferConfig
                0x08005864       0x64 ./Drivers/STM32L4xx_HAL_Driver/Src/stm32l4xx_hal_i2c.o
 .text.HAL_I2CEx_ConfigAnalogFilter
                0x080058c8       0x96 ./Drivers/STM32L4xx_HAL_Driver/Src/stm32l4xx_hal_i2c_ex.o
                0x080058c8                HAL_I2CEx_ConfigAnalogFilter
 .text.HAL_I2CEx_ConfigDigitalFilter
                0x0800595e       0x98 ./Drivers/STM32L4xx_HAL_Driver/Src/stm32l4xx_hal_i2c_ex.o
                0x0800595e                HAL_I2CEx_ConfigDigitalFilter
 *fill*         0x080059f6        0x2 
 .text.HAL_PWREx_GetVoltageRange
                0x080059f8       0x1c ./Drivers/STM32L4xx_HAL_Driver/Src/stm32l4xx_hal_pwr_ex.o
                0x080059f8                HAL_PWREx_GetVoltageRange
 .text.HAL_PWREx_ControlVoltageScaling
                0x08005a14       0xac ./Drivers/STM32L4xx_HAL_Driver/Src/stm32l4xx_hal_pwr_ex.o
                0x08005a14                HAL_PWREx_ControlVoltageScaling
 .text.HAL_RCC_OscConfig
                0x08005ac0      0x828 ./Drivers/STM32L4xx_HAL_Driver/Src/stm32l4xx_hal_rcc.o
                0x08005ac0                HAL_RCC_OscConfig
 .text.HAL_RCC_ClockConfig
                0x080062e8      0x200 ./Drivers/STM32L4xx_HAL_Driver/Src/stm32l4xx_hal_rcc.o
                0x080062e8                HAL_RCC_ClockConfig
 .text.HAL_RCC_GetSysClockFreq
                0x080064e8      0x118 ./Drivers/STM32L4xx_HAL_Driver/Src/stm32l4xx_hal_rcc.o
                0x080064e8                HAL_RCC_GetSysClockFreq
 .text.HAL_RCC_GetHCLKFreq
                0x08006600       0x18 ./Drivers/STM32L4xx_HAL_Driver/Src/stm32l4xx_hal_rcc.o
                0x08006600                HAL_RCC_GetHCLKFreq
 .text.HAL_RCC_GetPCLK1Freq
                0x08006618       0x2c ./Drivers/STM32L4xx_HAL_Driver/Src/stm32l4xx_hal_rcc.o
                0x08006618                HAL_RCC_GetPCLK1Freq
 .text.HAL_RCC_GetPCLK2Freq
                0x08006644       0x2c ./Drivers/STM32L4xx_HAL_Driver/Src/stm32l4xx_hal_rcc.o
                0x08006644                HAL_RCC_GetPCLK2Freq
 .text.HAL_RCC_GetClockConfig
                0x08006670       0x64 ./Drivers/STM32L4xx_HAL_Driver/Src/stm32l4xx_hal_rcc.o
                0x08006670                HAL_RCC_GetClockConfig
 .text.RCC_SetFlashLatencyFromMSIRange
                0x080066d4       0xc0 ./Drivers/STM32L4xx_HAL_Driver/Src/stm32l4xx_hal_rcc.o
 .text.HAL_RCCEx_PeriphCLKConfig
                0x08006794      0x3ec ./Drivers/STM32L4xx_HAL_Driver/Src/stm32l4xx_hal_rcc_ex.o
                0x08006794                HAL_RCCEx_PeriphCLKConfig
 .text.RCCEx_PLLSAI1_Config
                0x08006b80      0x1e4 ./Drivers/STM32L4xx_HAL_Driver/Src/stm32l4xx_hal_rcc_ex.o
 .text.HAL_TIM_Base_Init
                0x08006d64       0xae ./Drivers/STM32L4xx_HAL_Driver/Src/stm32l4xx_hal_tim.o
                0x08006d64                HAL_TIM_Base_Init
 .text.HAL_TIM_Base_MspInit
                0x08006e12       0x14 ./Drivers/STM32L4xx_HAL_Driver/Src/stm32l4xx_hal_tim.o
                0x08006e12                HAL_TIM_Base_MspInit
 *fill*         0x08006e26        0x2 
 .text.HAL_TIM_Base_Start_IT
                0x08006e28       0xa8 ./Drivers/STM32L4xx_HAL_Driver/Src/stm32l4xx_hal_tim.o
                0x08006e28                HAL_TIM_Base_Start_IT
 .text.HAL_TIM_IRQHandler
                0x08006ed0      0x20e ./Drivers/STM32L4xx_HAL_Driver/Src/stm32l4xx_hal_tim.o
                0x08006ed0                HAL_TIM_IRQHandler
 .text.HAL_TIM_OC_DelayElapsedCallback
                0x080070de       0x14 ./Drivers/STM32L4xx_HAL_Driver/Src/stm32l4xx_hal_tim.o
                0x080070de                HAL_TIM_OC_DelayElapsedCallback
 .text.HAL_TIM_IC_CaptureCallback
                0x080070f2       0x14 ./Drivers/STM32L4xx_HAL_Driver/Src/stm32l4xx_hal_tim.o
                0x080070f2                HAL_TIM_IC_CaptureCallback
 .text.HAL_TIM_PWM_PulseFinishedCallback
                0x08007106       0x14 ./Drivers/STM32L4xx_HAL_Driver/Src/stm32l4xx_hal_tim.o
                0x08007106                HAL_TIM_PWM_PulseFinishedCallback
 .text.HAL_TIM_TriggerCallback
                0x0800711a       0x14 ./Drivers/STM32L4xx_HAL_Driver/Src/stm32l4xx_hal_tim.o
                0x0800711a                HAL_TIM_TriggerCallback
 *fill*         0x0800712e        0x2 
 .text.TIM_Base_SetConfig
                0x08007130       0xe0 ./Drivers/STM32L4xx_HAL_Driver/Src/stm32l4xx_hal_tim.o
                0x08007130                TIM_Base_SetConfig
 .text.HAL_TIMEx_CommutCallback
                0x08007210       0x14 ./Drivers/STM32L4xx_HAL_Driver/Src/stm32l4xx_hal_tim_ex.o
                0x08007210                HAL_TIMEx_CommutCallback
 .text.HAL_TIMEx_BreakCallback
                0x08007224       0x14 ./Drivers/STM32L4xx_HAL_Driver/Src/stm32l4xx_hal_tim_ex.o
                0x08007224                HAL_TIMEx_BreakCallback
 .text.HAL_TIMEx_Break2Callback
                0x08007238       0x14 ./Drivers/STM32L4xx_HAL_Driver/Src/stm32l4xx_hal_tim_ex.o
                0x08007238                HAL_TIMEx_Break2Callback
 .text.HAL_UART_Transmit
                0x0800724c      0x112 ./Drivers/STM32L4xx_HAL_Driver/Src/stm32l4xx_hal_uart.o
                0x0800724c                HAL_UART_Transmit
 *fill*         0x0800735e        0x2 
 .text.HAL_UART_IRQHandler
                0x08007360      0x60c ./Drivers/STM32L4xx_HAL_Driver/Src/stm32l4xx_hal_uart.o
                0x08007360                HAL_UART_IRQHandler
 .text.HAL_UART_TxCpltCallback
                0x0800796c       0x14 ./Drivers/STM32L4xx_HAL_Driver/Src/stm32l4xx_hal_uart.o
                0x0800796c                HAL_UART_TxCpltCallback
 .text.HAL_UART_ErrorCallback
                0x08007980       0x14 ./Drivers/STM32L4xx_HAL_Driver/Src/stm32l4xx_hal_uart.o
                0x08007980                HAL_UART_ErrorCallback
 .text.HAL_UARTEx_RxEventCallback
                0x08007994       0x18 ./Drivers/STM32L4xx_HAL_Driver/Src/stm32l4xx_hal_uart.o
                0x08007994                HAL_UARTEx_RxEventCallback
 .text.UART_SetConfig
                0x080079ac      0x458 ./Drivers/STM32L4xx_HAL_Driver/Src/stm32l4xx_hal_uart.o
                0x080079ac                UART_SetConfig
 .text.UART_AdvFeatureConfig
                0x08007e04      0x144 ./Drivers/STM32L4xx_HAL_Driver/Src/stm32l4xx_hal_uart.o
                0x08007e04                UART_AdvFeatureConfig
 .text.UART_CheckIdleState
                0x08007f48      0x150 ./Drivers/STM32L4xx_HAL_Driver/Src/stm32l4xx_hal_uart.o
                0x08007f48                UART_CheckIdleState
 .text.UART_WaitOnFlagUntilTimeout
                0x08008098       0xda ./Drivers/STM32L4xx_HAL_Driver/Src/stm32l4xx_hal_uart.o
                0x08008098                UART_WaitOnFlagUntilTimeout
 .text.UART_EndRxTransfer
                0x08008172       0xc8 ./Drivers/STM32L4xx_HAL_Driver/Src/stm32l4xx_hal_uart.o
 .text.UART_DMAAbortOnError
                0x0800823a       0x2c ./Drivers/STM32L4xx_HAL_Driver/Src/stm32l4xx_hal_uart.o
 .text.UART_EndTransmit_IT
                0x08008266       0x54 ./Drivers/STM32L4xx_HAL_Driver/Src/stm32l4xx_hal_uart.o
 .text.HAL_RS485Ex_Init
                0x080082ba       0xce ./Drivers/STM32L4xx_HAL_Driver/Src/stm32l4xx_hal_uart_ex.o
                0x080082ba                HAL_RS485Ex_Init
 .text.HAL_UARTEx_WakeupCallback
                0x08008388       0x14 ./Drivers/STM32L4xx_HAL_Driver/Src/stm32l4xx_hal_uart_ex.o
                0x08008388                HAL_UARTEx_WakeupCallback
 .text.__NVIC_SetPriority
                0x0800839c       0x54 ./Middlewares/Third_Party/FreeRTOS/Source/CMSIS_RTOS_V2/cmsis_os2.o
 .text.SysTick_Handler
                0x080083f0       0x20 ./Middlewares/Third_Party/FreeRTOS/Source/CMSIS_RTOS_V2/cmsis_os2.o
                0x080083f0                SysTick_Handler
 .text.SVC_Setup
                0x08008410       0x12 ./Middlewares/Third_Party/FreeRTOS/Source/CMSIS_RTOS_V2/cmsis_os2.o
 *fill*         0x08008422        0x2 
 .text.osKernelInitialize
                0x08008424       0x48 ./Middlewares/Third_Party/FreeRTOS/Source/CMSIS_RTOS_V2/cmsis_os2.o
                0x08008424                osKernelInitialize
 .text.osKernelStart
                0x0800846c       0x4c ./Middlewares/Third_Party/FreeRTOS/Source/CMSIS_RTOS_V2/cmsis_os2.o
                0x0800846c                osKernelStart
 .text.osKernelGetTickCount
                0x080084b8       0x2a ./Middlewares/Third_Party/FreeRTOS/Source/CMSIS_RTOS_V2/cmsis_os2.o
                0x080084b8                osKernelGetTickCount
 .text.osThreadNew
                0x080084e2      0x124 ./Middlewares/Third_Party/FreeRTOS/Source/CMSIS_RTOS_V2/cmsis_os2.o
                0x080084e2                osThreadNew
 .text.osDelay  0x08008606       0x36 ./Middlewares/Third_Party/FreeRTOS/Source/CMSIS_RTOS_V2/cmsis_os2.o
                0x08008606                osDelay
 .text.osEventFlagsNew
                0x0800863c       0x7e ./Middlewares/Third_Party/FreeRTOS/Source/CMSIS_RTOS_V2/cmsis_os2.o
                0x0800863c                osEventFlagsNew
 *fill*         0x080086ba        0x2 
 .text.osEventFlagsSet
                0x080086bc       0x84 ./Middlewares/Third_Party/FreeRTOS/Source/CMSIS_RTOS_V2/cmsis_os2.o
                0x080086bc                osEventFlagsSet
 .text.osEventFlagsClear
                0x08008740       0x62 ./Middlewares/Third_Party/FreeRTOS/Source/CMSIS_RTOS_V2/cmsis_os2.o
                0x08008740                osEventFlagsClear
 .text.osEventFlagsWait
                0x080087a2       0xca ./Middlewares/Third_Party/FreeRTOS/Source/CMSIS_RTOS_V2/cmsis_os2.o
                0x080087a2                osEventFlagsWait
 .text.osMutexNew
                0x0800886c      0x10c ./Middlewares/Third_Party/FreeRTOS/Source/CMSIS_RTOS_V2/cmsis_os2.o
                0x0800886c                osMutexNew
 .text.osMutexAcquire
                0x08008978       0x96 ./Middlewares/Third_Party/FreeRTOS/Source/CMSIS_RTOS_V2/cmsis_os2.o
                0x08008978                osMutexAcquire
 .text.osMutexRelease
                0x08008a0e       0x7a ./Middlewares/Third_Party/FreeRTOS/Source/CMSIS_RTOS_V2/cmsis_os2.o
                0x08008a0e                osMutexRelease
 .text.osSemaphoreNew
                0x08008a88      0x112 ./Middlewares/Third_Party/FreeRTOS/Source/CMSIS_RTOS_V2/cmsis_os2.o
                0x08008a88                osSemaphoreNew
 *fill*         0x08008b9a        0x2 
 .text.osSemaphoreAcquire
                0x08008b9c       0xa4 ./Middlewares/Third_Party/FreeRTOS/Source/CMSIS_RTOS_V2/cmsis_os2.o
                0x08008b9c                osSemaphoreAcquire
 .text.osSemaphoreRelease
                0x08008c40       0x88 ./Middlewares/Third_Party/FreeRTOS/Source/CMSIS_RTOS_V2/cmsis_os2.o
                0x08008c40                osSemaphoreRelease
 .text.vApplicationGetIdleTaskMemory
                0x08008cc8       0x34 ./Middlewares/Third_Party/FreeRTOS/Source/CMSIS_RTOS_V2/cmsis_os2.o
                0x08008cc8                vApplicationGetIdleTaskMemory
 .text.vApplicationGetTimerTaskMemory
                0x08008cfc       0x34 ./Middlewares/Third_Party/FreeRTOS/Source/CMSIS_RTOS_V2/cmsis_os2.o
                0x08008cfc                vApplicationGetTimerTaskMemory
 .text.xEventGroupCreateStatic
                0x08008d30       0x72 ./Middlewares/Third_Party/FreeRTOS/Source/event_groups.o
                0x08008d30                xEventGroupCreateStatic
 .text.xEventGroupCreate
                0x08008da2       0x34 ./Middlewares/Third_Party/FreeRTOS/Source/event_groups.o
                0x08008da2                xEventGroupCreate
 *fill*         0x08008dd6        0x2 
 .text.xEventGroupWaitBits
                0x08008dd8      0x1a4 ./Middlewares/Third_Party/FreeRTOS/Source/event_groups.o
                0x08008dd8                xEventGroupWaitBits
 .text.xEventGroupClearBits
                0x08008f7c       0x72 ./Middlewares/Third_Party/FreeRTOS/Source/event_groups.o
                0x08008f7c                xEventGroupClearBits
 *fill*         0x08008fee        0x2 
 .text.xEventGroupClearBitsFromISR
                0x08008ff0       0x28 ./Middlewares/Third_Party/FreeRTOS/Source/event_groups.o
                0x08008ff0                xEventGroupClearBitsFromISR
 .text.xEventGroupGetBitsFromISR
                0x08009018       0x48 ./Middlewares/Third_Party/FreeRTOS/Source/event_groups.o
                0x08009018                xEventGroupGetBitsFromISR
 .text.xEventGroupSetBits
                0x08009060      0x118 ./Middlewares/Third_Party/FreeRTOS/Source/event_groups.o
                0x08009060                xEventGroupSetBits
 .text.vEventGroupSetBitsCallback
                0x08009178       0x1a ./Middlewares/Third_Party/FreeRTOS/Source/event_groups.o
                0x08009178                vEventGroupSetBitsCallback
 .text.vEventGroupClearBitsCallback
                0x08009192       0x1a ./Middlewares/Third_Party/FreeRTOS/Source/event_groups.o
                0x08009192                vEventGroupClearBitsCallback
 .text.prvTestWaitCondition
                0x080091ac       0x44 ./Middlewares/Third_Party/FreeRTOS/Source/event_groups.o
 .text.xEventGroupSetBitsFromISR
                0x080091f0       0x28 ./Middlewares/Third_Party/FreeRTOS/Source/event_groups.o
                0x080091f0                xEventGroupSetBitsFromISR
 .text.vListInitialise
                0x08009218       0x40 ./Middlewares/Third_Party/FreeRTOS/Source/list.o
                0x08009218                vListInitialise
 .text.vListInitialiseItem
                0x08009258       0x1a ./Middlewares/Third_Party/FreeRTOS/Source/list.o
                0x08009258                vListInitialiseItem
 .text.vListInsertEnd
                0x08009272       0x48 ./Middlewares/Third_Party/FreeRTOS/Source/list.o
                0x08009272                vListInsertEnd
 .text.vListInsert
                0x080092ba       0x72 ./Middlewares/Third_Party/FreeRTOS/Source/list.o
                0x080092ba                vListInsert
 .text.uxListRemove
                0x0800932c       0x54 ./Middlewares/Third_Party/FreeRTOS/Source/list.o
                0x0800932c                uxListRemove
 .text.xQueueGenericReset
                0x08009380       0xd4 ./Middlewares/Third_Party/FreeRTOS/Source/queue.o
                0x08009380                xQueueGenericReset
 .text.xQueueGenericCreateStatic
                0x08009454       0xfa ./Middlewares/Third_Party/FreeRTOS/Source/queue.o
                0x08009454                xQueueGenericCreateStatic
 .text.xQueueGenericCreate
                0x0800954e       0x76 ./Middlewares/Third_Party/FreeRTOS/Source/queue.o
                0x0800954e                xQueueGenericCreate
 .text.prvInitialiseNewQueue
                0x080095c4       0x46 ./Middlewares/Third_Party/FreeRTOS/Source/queue.o
 .text.prvInitialiseMutex
                0x0800960a       0x34 ./Middlewares/Third_Party/FreeRTOS/Source/queue.o
 .text.xQueueCreateMutex
                0x0800963e       0x30 ./Middlewares/Third_Party/FreeRTOS/Source/queue.o
                0x0800963e                xQueueCreateMutex
 .text.xQueueCreateMutexStatic
                0x0800966e       0x36 ./Middlewares/Third_Party/FreeRTOS/Source/queue.o
                0x0800966e                xQueueCreateMutexStatic
 .text.xQueueGiveMutexRecursive
                0x080096a4       0x6a ./Middlewares/Third_Party/FreeRTOS/Source/queue.o
                0x080096a4                xQueueGiveMutexRecursive
 .text.xQueueTakeMutexRecursive
                0x0800970e       0x6e ./Middlewares/Third_Party/FreeRTOS/Source/queue.o
                0x0800970e                xQueueTakeMutexRecursive
 .text.xQueueCreateCountingSemaphoreStatic
                0x0800977c       0x72 ./Middlewares/Third_Party/FreeRTOS/Source/queue.o
                0x0800977c                xQueueCreateCountingSemaphoreStatic
 .text.xQueueCreateCountingSemaphore
                0x080097ee       0x6a ./Middlewares/Third_Party/FreeRTOS/Source/queue.o
                0x080097ee                xQueueCreateCountingSemaphore
 .text.xQueueGenericSend
                0x08009858      0x204 ./Middlewares/Third_Party/FreeRTOS/Source/queue.o
                0x08009858                xQueueGenericSend
 .text.xQueueGenericSendFromISR
                0x08009a5c      0x13c ./Middlewares/Third_Party/FreeRTOS/Source/queue.o
                0x08009a5c                xQueueGenericSendFromISR
 .text.xQueueGiveFromISR
                0x08009b98      0x120 ./Middlewares/Third_Party/FreeRTOS/Source/queue.o
                0x08009b98                xQueueGiveFromISR
 .text.xQueueReceive
                0x08009cb8      0x1c4 ./Middlewares/Third_Party/FreeRTOS/Source/queue.o
                0x08009cb8                xQueueReceive
 .text.xQueueSemaphoreTake
                0x08009e7c      0x220 ./Middlewares/Third_Party/FreeRTOS/Source/queue.o
                0x08009e7c                xQueueSemaphoreTake
 .text.xQueueReceiveFromISR
                0x0800a09c      0x104 ./Middlewares/Third_Party/FreeRTOS/Source/queue.o
                0x0800a09c                xQueueReceiveFromISR
 .text.vQueueDelete
                0x0800a1a0       0x48 ./Middlewares/Third_Party/FreeRTOS/Source/queue.o
                0x0800a1a0                vQueueDelete
 .text.prvGetDisinheritPriorityAfterTimeout
                0x0800a1e8       0x30 ./Middlewares/Third_Party/FreeRTOS/Source/queue.o
 .text.prvCopyDataToQueue
                0x0800a218       0xd4 ./Middlewares/Third_Party/FreeRTOS/Source/queue.o
 .text.prvCopyDataFromQueue
                0x0800a2ec       0x4c ./Middlewares/Third_Party/FreeRTOS/Source/queue.o
 .text.prvUnlockQueue
                0x0800a338       0xa4 ./Middlewares/Third_Party/FreeRTOS/Source/queue.o
 .text.prvIsQueueEmpty
                0x0800a3dc       0x2c ./Middlewares/Third_Party/FreeRTOS/Source/queue.o
 .text.prvIsQueueFull
                0x0800a408       0x30 ./Middlewares/Third_Party/FreeRTOS/Source/queue.o
 .text.vQueueAddToRegistry
                0x0800a438       0x54 ./Middlewares/Third_Party/FreeRTOS/Source/queue.o
                0x0800a438                vQueueAddToRegistry
 .text.vQueueUnregisterQueue
                0x0800a48c       0x54 ./Middlewares/Third_Party/FreeRTOS/Source/queue.o
                0x0800a48c                vQueueUnregisterQueue
 .text.vQueueWaitForMessageRestricted
                0x0800a4e0       0x68 ./Middlewares/Third_Party/FreeRTOS/Source/queue.o
                0x0800a4e0                vQueueWaitForMessageRestricted
 .text.xTaskCreateStatic
                0x0800a548       0xc0 ./Middlewares/Third_Party/FreeRTOS/Source/tasks.o
                0x0800a548                xTaskCreateStatic
 .text.xTaskCreate
                0x0800a608       0x8a ./Middlewares/Third_Party/FreeRTOS/Source/tasks.o
                0x0800a608                xTaskCreate
 *fill*         0x0800a692        0x2 
 .text.prvInitialiseNewTask
                0x0800a694      0x150 ./Middlewares/Third_Party/FreeRTOS/Source/tasks.o
 .text.prvAddNewTaskToReadyList
                0x0800a7e4       0xe0 ./Middlewares/Third_Party/FreeRTOS/Source/tasks.o
 .text.vTaskDelay
                0x0800a8c4       0x6c ./Middlewares/Third_Party/FreeRTOS/Source/tasks.o
                0x0800a8c4                vTaskDelay
 .text.vTaskStartScheduler
                0x0800a930       0xe0 ./Middlewares/Third_Party/FreeRTOS/Source/tasks.o
                0x0800a930                vTaskStartScheduler
 .text.vTaskSuspendAll
                0x0800aa10       0x1c ./Middlewares/Third_Party/FreeRTOS/Source/tasks.o
                0x0800aa10                vTaskSuspendAll
 .text.xTaskResumeAll
                0x0800aa2c      0x13c ./Middlewares/Third_Party/FreeRTOS/Source/tasks.o
                0x0800aa2c                xTaskResumeAll
 .text.xTaskGetTickCount
                0x0800ab68       0x20 ./Middlewares/Third_Party/FreeRTOS/Source/tasks.o
                0x0800ab68                xTaskGetTickCount
 .text.xTaskGetTickCountFromISR
                0x0800ab88       0x24 ./Middlewares/Third_Party/FreeRTOS/Source/tasks.o
                0x0800ab88                xTaskGetTickCountFromISR
 .text.xTaskIncrementTick
                0x0800abac      0x174 ./Middlewares/Third_Party/FreeRTOS/Source/tasks.o
                0x0800abac                xTaskIncrementTick
 .text.vTaskSwitchContext
                0x0800ad20       0xcc ./Middlewares/Third_Party/FreeRTOS/Source/tasks.o
                0x0800ad20                vTaskSwitchContext
 .text.vTaskPlaceOnEventList
                0x0800adec       0x4c ./Middlewares/Third_Party/FreeRTOS/Source/tasks.o
                0x0800adec                vTaskPlaceOnEventList
 .text.vTaskPlaceOnUnorderedEventList
                0x0800ae38       0x7c ./Middlewares/Third_Party/FreeRTOS/Source/tasks.o
                0x0800ae38                vTaskPlaceOnUnorderedEventList
 .text.vTaskPlaceOnEventListRestricted
                0x0800aeb4       0x58 ./Middlewares/Third_Party/FreeRTOS/Source/tasks.o
                0x0800aeb4                vTaskPlaceOnEventListRestricted
 .text.xTaskRemoveFromEventList
                0x0800af0c       0xc8 ./Middlewares/Third_Party/FreeRTOS/Source/tasks.o
                0x0800af0c                xTaskRemoveFromEventList
 .text.vTaskRemoveFromUnorderedEventList
                0x0800afd4       0xc8 ./Middlewares/Third_Party/FreeRTOS/Source/tasks.o
                0x0800afd4                vTaskRemoveFromUnorderedEventList
 .text.vTaskInternalSetTimeOutState
                0x0800b09c       0x2c ./Middlewares/Third_Party/FreeRTOS/Source/tasks.o
                0x0800b09c                vTaskInternalSetTimeOutState
 .text.xTaskCheckForTimeOut
                0x0800b0c8       0xc8 ./Middlewares/Third_Party/FreeRTOS/Source/tasks.o
                0x0800b0c8                xTaskCheckForTimeOut
 .text.vTaskMissedYield
                0x0800b190       0x18 ./Middlewares/Third_Party/FreeRTOS/Source/tasks.o
                0x0800b190                vTaskMissedYield
 .text.prvIdleTask
                0x0800b1a8       0x30 ./Middlewares/Third_Party/FreeRTOS/Source/tasks.o
 .text.prvInitialiseTaskLists
                0x0800b1d8       0x80 ./Middlewares/Third_Party/FreeRTOS/Source/tasks.o
 .text.prvCheckTasksWaitingTermination
                0x0800b258       0x5c ./Middlewares/Third_Party/FreeRTOS/Source/tasks.o
 .text.prvDeleteTCB
                0x0800b2b4       0x6a ./Middlewares/Third_Party/FreeRTOS/Source/tasks.o
 *fill*         0x0800b31e        0x2 
 .text.prvResetNextTaskUnblockTime
                0x0800b320       0x40 ./Middlewares/Third_Party/FreeRTOS/Source/tasks.o
 .text.xTaskGetCurrentTaskHandle
                0x0800b360       0x20 ./Middlewares/Third_Party/FreeRTOS/Source/tasks.o
                0x0800b360                xTaskGetCurrentTaskHandle
 .text.xTaskGetSchedulerState
                0x0800b380       0x3c ./Middlewares/Third_Party/FreeRTOS/Source/tasks.o
                0x0800b380                xTaskGetSchedulerState
 .text.xTaskPriorityInherit
                0x0800b3bc       0xd0 ./Middlewares/Third_Party/FreeRTOS/Source/tasks.o
                0x0800b3bc                xTaskPriorityInherit
 .text.xTaskPriorityDisinherit
                0x0800b48c       0xe0 ./Middlewares/Third_Party/FreeRTOS/Source/tasks.o
                0x0800b48c                xTaskPriorityDisinherit
 .text.vTaskPriorityDisinheritAfterTimeout
                0x0800b56c      0x108 ./Middlewares/Third_Party/FreeRTOS/Source/tasks.o
                0x0800b56c                vTaskPriorityDisinheritAfterTimeout
 .text.uxTaskResetEventItemValue
                0x0800b674       0x30 ./Middlewares/Third_Party/FreeRTOS/Source/tasks.o
                0x0800b674                uxTaskResetEventItemValue
 .text.pvTaskIncrementMutexHeldCount
                0x0800b6a4       0x28 ./Middlewares/Third_Party/FreeRTOS/Source/tasks.o
                0x0800b6a4                pvTaskIncrementMutexHeldCount
 .text.prvAddCurrentTaskToDelayedList
                0x0800b6cc       0xa8 ./Middlewares/Third_Party/FreeRTOS/Source/tasks.o
 .text.xTimerCreateTimerTask
                0x0800b774       0x94 ./Middlewares/Third_Party/FreeRTOS/Source/timers.o
                0x0800b774                xTimerCreateTimerTask
 .text.xTimerGenericCommand
                0x0800b808       0x9c ./Middlewares/Third_Party/FreeRTOS/Source/timers.o
                0x0800b808                xTimerGenericCommand
 .text.prvProcessExpiredTimer
                0x0800b8a4       0x9c ./Middlewares/Third_Party/FreeRTOS/Source/timers.o
 .text.prvTimerTask
                0x0800b940       0x26 ./Middlewares/Third_Party/FreeRTOS/Source/timers.o
 *fill*         0x0800b966        0x2 
 .text.prvProcessTimerOrBlockTask
                0x0800b968       0x9c ./Middlewares/Third_Party/FreeRTOS/Source/timers.o
 .text.prvGetNextExpireTime
                0x0800ba04       0x48 ./Middlewares/Third_Party/FreeRTOS/Source/timers.o
 .text.prvSampleTimeNow
                0x0800ba4c       0x40 ./Middlewares/Third_Party/FreeRTOS/Source/timers.o
 .text.prvInsertTimerInActiveList
                0x0800ba8c       0x84 ./Middlewares/Third_Party/FreeRTOS/Source/timers.o
 .text.prvProcessReceivedCommands
                0x0800bb10      0x1cc ./Middlewares/Third_Party/FreeRTOS/Source/timers.o
 .text.prvSwitchTimerLists
                0x0800bcdc       0xcc ./Middlewares/Third_Party/FreeRTOS/Source/timers.o
 .text.prvCheckForValidListAndQueue
                0x0800bda8       0x80 ./Middlewares/Third_Party/FreeRTOS/Source/timers.o
 .text.xTimerPendFunctionCallFromISR
                0x0800be28       0x40 ./Middlewares/Third_Party/FreeRTOS/Source/timers.o
                0x0800be28                xTimerPendFunctionCallFromISR
 .text.pxPortInitialiseStack
                0x0800be68       0x68 ./Middlewares/Third_Party/FreeRTOS/Source/portable/GCC/ARM_CM4F/port.o
                0x0800be68                pxPortInitialiseStack
 .text.prvTaskExitError
                0x0800bed0       0x5c ./Middlewares/Third_Party/FreeRTOS/Source/portable/GCC/ARM_CM4F/port.o
 *fill*         0x0800bf2c        0x4 
 .text.SVC_Handler
                0x0800bf30       0x28 ./Middlewares/Third_Party/FreeRTOS/Source/portable/GCC/ARM_CM4F/port.o
                0x0800bf30                SVC_Handler
 .text.prvPortStartFirstTask
                0x0800bf58       0x28 ./Middlewares/Third_Party/FreeRTOS/Source/portable/GCC/ARM_CM4F/port.o
 .text.xPortStartScheduler
                0x0800bf80      0x148 ./Middlewares/Third_Party/FreeRTOS/Source/portable/GCC/ARM_CM4F/port.o
                0x0800bf80                xPortStartScheduler
 .text.vPortEnterCritical
                0x0800c0c8       0x64 ./Middlewares/Third_Party/FreeRTOS/Source/portable/GCC/ARM_CM4F/port.o
                0x0800c0c8                vPortEnterCritical
 .text.vPortExitCritical
                0x0800c12c       0x54 ./Middlewares/Third_Party/FreeRTOS/Source/portable/GCC/ARM_CM4F/port.o
                0x0800c12c                vPortExitCritical
 .text.PendSV_Handler
                0x0800c180       0x68 ./Middlewares/Third_Party/FreeRTOS/Source/portable/GCC/ARM_CM4F/port.o
                0x0800c180                PendSV_Handler
 .text.xPortSysTickHandler
                0x0800c1e8       0x44 ./Middlewares/Third_Party/FreeRTOS/Source/portable/GCC/ARM_CM4F/port.o
                0x0800c1e8                xPortSysTickHandler
 .text.vPortSetupTimerInterrupt
                0x0800c22c       0x48 ./Middlewares/Third_Party/FreeRTOS/Source/portable/GCC/ARM_CM4F/port.o
                0x0800c22c                vPortSetupTimerInterrupt
 .text.vPortEnableVFP
                0x0800c274       0x14 ./Middlewares/Third_Party/FreeRTOS/Source/portable/GCC/ARM_CM4F/port.o
 .text.vPortValidateInterruptPriority
                0x0800c288       0x84 ./Middlewares/Third_Party/FreeRTOS/Source/portable/GCC/ARM_CM4F/port.o
                0x0800c288                vPortValidateInterruptPriority
 .text.pvPortMalloc
                0x0800c30c      0x19c ./Middlewares/Third_Party/FreeRTOS/Source/portable/MemMang/heap_4.o
                0x0800c30c                pvPortMalloc
 .text.vPortFree
                0x0800c4a8       0xc8 ./Middlewares/Third_Party/FreeRTOS/Source/portable/MemMang/heap_4.o
                0x0800c4a8                vPortFree
 .text.prvHeapInit
                0x0800c570       0xc4 ./Middlewares/Third_Party/FreeRTOS/Source/portable/MemMang/heap_4.o
 .text.prvInsertBlockIntoFreeList
                0x0800c634       0xb4 ./Middlewares/Third_Party/FreeRTOS/Source/portable/MemMang/heap_4.o
 .text.__cvt    0x0800c6e8       0xca C:/ST/STM32CubeIDE_1.16.0/STM32CubeIDE/plugins/com.st.stm32cube.ide.mcu.externaltools.gnu-tools-for-stm32.13.3.rel1.win32_1.0.0.202411081344/tools/bin/../lib/gcc/arm-none-eabi/13.3.1/../../../../arm-none-eabi/lib/thumb/v7e-m+fp/hard\libc_nano.a(libc_a-nano-vfprintf_float.o)
                0x0800c6e8                __cvt
 .text.__exponent
                0x0800c7b2       0x74 C:/ST/STM32CubeIDE_1.16.0/STM32CubeIDE/plugins/com.st.stm32cube.ide.mcu.externaltools.gnu-tools-for-stm32.13.3.rel1.win32_1.0.0.202411081344/tools/bin/../lib/gcc/arm-none-eabi/13.3.1/../../../../arm-none-eabi/lib/thumb/v7e-m+fp/hard\libc_nano.a(libc_a-nano-vfprintf_float.o)
                0x0800c7b2                __exponent
 *fill*         0x0800c826        0x2 
 .text._printf_float
                0x0800c828      0x454 C:/ST/STM32CubeIDE_1.16.0/STM32CubeIDE/plugins/com.st.stm32cube.ide.mcu.externaltools.gnu-tools-for-stm32.13.3.rel1.win32_1.0.0.202411081344/tools/bin/../lib/gcc/arm-none-eabi/13.3.1/../../../../arm-none-eabi/lib/thumb/v7e-m+fp/hard\libc_nano.a(libc_a-nano-vfprintf_float.o)
                0x0800c828                _printf_float
 .text._printf_common
                0x0800cc7c       0xda C:/ST/STM32CubeIDE_1.16.0/STM32CubeIDE/plugins/com.st.stm32cube.ide.mcu.externaltools.gnu-tools-for-stm32.13.3.rel1.win32_1.0.0.202411081344/tools/bin/../lib/gcc/arm-none-eabi/13.3.1/../../../../arm-none-eabi/lib/thumb/v7e-m+fp/hard\libc_nano.a(libc_a-nano-vfprintf_i.o)
                0x0800cc7c                _printf_common
 *fill*         0x0800cd56        0x2 
 .text._printf_i
                0x0800cd58      0x23c C:/ST/STM32CubeIDE_1.16.0/STM32CubeIDE/plugins/com.st.stm32cube.ide.mcu.externaltools.gnu-tools-for-stm32.13.3.rel1.win32_1.0.0.202411081344/tools/bin/../lib/gcc/arm-none-eabi/13.3.1/../../../../arm-none-eabi/lib/thumb/v7e-m+fp/hard\libc_nano.a(libc_a-nano-vfprintf_i.o)
                0x0800cd58                _printf_i
 .text.std      0x0800cf94       0x6c C:/ST/STM32CubeIDE_1.16.0/STM32CubeIDE/plugins/com.st.stm32cube.ide.mcu.externaltools.gnu-tools-for-stm32.13.3.rel1.win32_1.0.0.202411081344/tools/bin/../lib/gcc/arm-none-eabi/13.3.1/../../../../arm-none-eabi/lib/thumb/v7e-m+fp/hard\libc_nano.a(libc_a-findfp.o)
 .text.stdio_exit_handler
                0x0800d000       0x18 C:/ST/STM32CubeIDE_1.16.0/STM32CubeIDE/plugins/com.st.stm32cube.ide.mcu.externaltools.gnu-tools-for-stm32.13.3.rel1.win32_1.0.0.202411081344/tools/bin/../lib/gcc/arm-none-eabi/13.3.1/../../../../arm-none-eabi/lib/thumb/v7e-m+fp/hard\libc_nano.a(libc_a-findfp.o)
 .text.cleanup_stdio
                0x0800d018       0x40 C:/ST/STM32CubeIDE_1.16.0/STM32CubeIDE/plugins/com.st.stm32cube.ide.mcu.externaltools.gnu-tools-for-stm32.13.3.rel1.win32_1.0.0.202411081344/tools/bin/../lib/gcc/arm-none-eabi/13.3.1/../../../../arm-none-eabi/lib/thumb/v7e-m+fp/hard\libc_nano.a(libc_a-findfp.o)
 .text.global_stdio_init.part.0
                0x0800d058       0x3c C:/ST/STM32CubeIDE_1.16.0/STM32CubeIDE/plugins/com.st.stm32cube.ide.mcu.externaltools.gnu-tools-for-stm32.13.3.rel1.win32_1.0.0.202411081344/tools/bin/../lib/gcc/arm-none-eabi/13.3.1/../../../../arm-none-eabi/lib/thumb/v7e-m+fp/hard\libc_nano.a(libc_a-findfp.o)
 .text.__sfp_lock_acquire
                0x0800d094        0xc C:/ST/STM32CubeIDE_1.16.0/STM32CubeIDE/plugins/com.st.stm32cube.ide.mcu.externaltools.gnu-tools-for-stm32.13.3.rel1.win32_1.0.0.202411081344/tools/bin/../lib/gcc/arm-none-eabi/13.3.1/../../../../arm-none-eabi/lib/thumb/v7e-m+fp/hard\libc_nano.a(libc_a-findfp.o)
                0x0800d094                __sfp_lock_acquire
 .text.__sfp_lock_release
                0x0800d0a0        0xc C:/ST/STM32CubeIDE_1.16.0/STM32CubeIDE/plugins/com.st.stm32cube.ide.mcu.externaltools.gnu-tools-for-stm32.13.3.rel1.win32_1.0.0.202411081344/tools/bin/../lib/gcc/arm-none-eabi/13.3.1/../../../../arm-none-eabi/lib/thumb/v7e-m+fp/hard\libc_nano.a(libc_a-findfp.o)
                0x0800d0a0                __sfp_lock_release
 .text.__sinit  0x0800d0ac       0x30 C:/ST/STM32CubeIDE_1.16.0/STM32CubeIDE/plugins/com.st.stm32cube.ide.mcu.externaltools.gnu-tools-for-stm32.13.3.rel1.win32_1.0.0.202411081344/tools/bin/../lib/gcc/arm-none-eabi/13.3.1/../../../../arm-none-eabi/lib/thumb/v7e-m+fp/hard\libc_nano.a(libc_a-findfp.o)
                0x0800d0ac                __sinit
 .text._fwalk_sglue
                0x0800d0dc       0x3c C:/ST/STM32CubeIDE_1.16.0/STM32CubeIDE/plugins/com.st.stm32cube.ide.mcu.externaltools.gnu-tools-for-stm32.13.3.rel1.win32_1.0.0.202411081344/tools/bin/../lib/gcc/arm-none-eabi/13.3.1/../../../../arm-none-eabi/lib/thumb/v7e-m+fp/hard\libc_nano.a(libc_a-fwalk.o)
                0x0800d0dc                _fwalk_sglue
 .text.printf   0x0800d118       0x24 C:/ST/STM32CubeIDE_1.16.0/STM32CubeIDE/plugins/com.st.stm32cube.ide.mcu.externaltools.gnu-tools-for-stm32.13.3.rel1.win32_1.0.0.202411081344/tools/bin/../lib/gcc/arm-none-eabi/13.3.1/../../../../arm-none-eabi/lib/thumb/v7e-m+fp/hard\libc_nano.a(libc_a-printf.o)
                0x0800d118                iprintf
                0x0800d118                printf
 .text.sprintf  0x0800d13c       0x44 C:/ST/STM32CubeIDE_1.16.0/STM32CubeIDE/plugins/com.st.stm32cube.ide.mcu.externaltools.gnu-tools-for-stm32.13.3.rel1.win32_1.0.0.202411081344/tools/bin/../lib/gcc/arm-none-eabi/13.3.1/../../../../arm-none-eabi/lib/thumb/v7e-m+fp/hard\libc_nano.a(libc_a-sprintf.o)
                0x0800d13c                siprintf
                0x0800d13c                sprintf
 .text.__sread  0x0800d180       0x22 C:/ST/STM32CubeIDE_1.16.0/STM32CubeIDE/plugins/com.st.stm32cube.ide.mcu.externaltools.gnu-tools-for-stm32.13.3.rel1.win32_1.0.0.202411081344/tools/bin/../lib/gcc/arm-none-eabi/13.3.1/../../../../arm-none-eabi/lib/thumb/v7e-m+fp/hard\libc_nano.a(libc_a-stdio.o)
                0x0800d180                __sread
 .text.__swrite
                0x0800d1a2       0x38 C:/ST/STM32CubeIDE_1.16.0/STM32CubeIDE/plugins/com.st.stm32cube.ide.mcu.externaltools.gnu-tools-for-stm32.13.3.rel1.win32_1.0.0.202411081344/tools/bin/../lib/gcc/arm-none-eabi/13.3.1/../../../../arm-none-eabi/lib/thumb/v7e-m+fp/hard\libc_nano.a(libc_a-stdio.o)
                0x0800d1a2                __swrite
 .text.__sseek  0x0800d1da       0x24 C:/ST/STM32CubeIDE_1.16.0/STM32CubeIDE/plugins/com.st.stm32cube.ide.mcu.externaltools.gnu-tools-for-stm32.13.3.rel1.win32_1.0.0.202411081344/tools/bin/../lib/gcc/arm-none-eabi/13.3.1/../../../../arm-none-eabi/lib/thumb/v7e-m+fp/hard\libc_nano.a(libc_a-stdio.o)
                0x0800d1da                __sseek
 .text.__sclose
                0x0800d1fe        0x8 C:/ST/STM32CubeIDE_1.16.0/STM32CubeIDE/plugins/com.st.stm32cube.ide.mcu.externaltools.gnu-tools-for-stm32.13.3.rel1.win32_1.0.0.202411081344/tools/bin/../lib/gcc/arm-none-eabi/13.3.1/../../../../arm-none-eabi/lib/thumb/v7e-m+fp/hard\libc_nano.a(libc_a-stdio.o)
                0x0800d1fe                __sclose
 .text.memset   0x0800d206       0x10 C:/ST/STM32CubeIDE_1.16.0/STM32CubeIDE/plugins/com.st.stm32cube.ide.mcu.externaltools.gnu-tools-for-stm32.13.3.rel1.win32_1.0.0.202411081344/tools/bin/../lib/gcc/arm-none-eabi/13.3.1/../../../../arm-none-eabi/lib/thumb/v7e-m+fp/hard\libc_nano.a(libc_a-memset.o)
                0x0800d206                memset
 *fill*         0x0800d216        0x2 
 .text._localeconv_r
                0x0800d218        0x8 C:/ST/STM32CubeIDE_1.16.0/STM32CubeIDE/plugins/com.st.stm32cube.ide.mcu.externaltools.gnu-tools-for-stm32.13.3.rel1.win32_1.0.0.202411081344/tools/bin/../lib/gcc/arm-none-eabi/13.3.1/../../../../arm-none-eabi/lib/thumb/v7e-m+fp/hard\libc_nano.a(libc_a-localeconv.o)
                0x0800d218                _localeconv_r
 .text._close_r
                0x0800d220       0x20 C:/ST/STM32CubeIDE_1.16.0/STM32CubeIDE/plugins/com.st.stm32cube.ide.mcu.externaltools.gnu-tools-for-stm32.13.3.rel1.win32_1.0.0.202411081344/tools/bin/../lib/gcc/arm-none-eabi/13.3.1/../../../../arm-none-eabi/lib/thumb/v7e-m+fp/hard\libc_nano.a(libc_a-closer.o)
                0x0800d220                _close_r
 .text._reclaim_reent
                0x0800d240       0xbc C:/ST/STM32CubeIDE_1.16.0/STM32CubeIDE/plugins/com.st.stm32cube.ide.mcu.externaltools.gnu-tools-for-stm32.13.3.rel1.win32_1.0.0.202411081344/tools/bin/../lib/gcc/arm-none-eabi/13.3.1/../../../../arm-none-eabi/lib/thumb/v7e-m+fp/hard\libc_nano.a(libc_a-reent.o)
                0x0800d240                _reclaim_reent
 .text._lseek_r
                0x0800d2fc       0x24 C:/ST/STM32CubeIDE_1.16.0/STM32CubeIDE/plugins/com.st.stm32cube.ide.mcu.externaltools.gnu-tools-for-stm32.13.3.rel1.win32_1.0.0.202411081344/tools/bin/../lib/gcc/arm-none-eabi/13.3.1/../../../../arm-none-eabi/lib/thumb/v7e-m+fp/hard\libc_nano.a(libc_a-lseekr.o)
                0x0800d2fc                _lseek_r
 .text._read_r  0x0800d320       0x24 C:/ST/STM32CubeIDE_1.16.0/STM32CubeIDE/plugins/com.st.stm32cube.ide.mcu.externaltools.gnu-tools-for-stm32.13.3.rel1.win32_1.0.0.202411081344/tools/bin/../lib/gcc/arm-none-eabi/13.3.1/../../../../arm-none-eabi/lib/thumb/v7e-m+fp/hard\libc_nano.a(libc_a-readr.o)
                0x0800d320                _read_r
 .text._write_r
                0x0800d344       0x24 C:/ST/STM32CubeIDE_1.16.0/STM32CubeIDE/plugins/com.st.stm32cube.ide.mcu.externaltools.gnu-tools-for-stm32.13.3.rel1.win32_1.0.0.202411081344/tools/bin/../lib/gcc/arm-none-eabi/13.3.1/../../../../arm-none-eabi/lib/thumb/v7e-m+fp/hard\libc_nano.a(libc_a-writer.o)
                0x0800d344                _write_r
 .text.__errno  0x0800d368        0xc C:/ST/STM32CubeIDE_1.16.0/STM32CubeIDE/plugins/com.st.stm32cube.ide.mcu.externaltools.gnu-tools-for-stm32.13.3.rel1.win32_1.0.0.202411081344/tools/bin/../lib/gcc/arm-none-eabi/13.3.1/../../../../arm-none-eabi/lib/thumb/v7e-m+fp/hard\libc_nano.a(libc_a-errno.o)
                0x0800d368                __errno
 .text.__libc_init_array
                0x0800d374       0x48 C:/ST/STM32CubeIDE_1.16.0/STM32CubeIDE/plugins/com.st.stm32cube.ide.mcu.externaltools.gnu-tools-for-stm32.13.3.rel1.win32_1.0.0.202411081344/tools/bin/../lib/gcc/arm-none-eabi/13.3.1/../../../../arm-none-eabi/lib/thumb/v7e-m+fp/hard\libc_nano.a(libc_a-init.o)
                0x0800d374                __libc_init_array
 .text.__retarget_lock_init_recursive
                0x0800d3bc        0x2 C:/ST/STM32CubeIDE_1.16.0/STM32CubeIDE/plugins/com.st.stm32cube.ide.mcu.externaltools.gnu-tools-for-stm32.13.3.rel1.win32_1.0.0.202411081344/tools/bin/../lib/gcc/arm-none-eabi/13.3.1/../../../../arm-none-eabi/lib/thumb/v7e-m+fp/hard\libc_nano.a(libc_a-lock.o)
                0x0800d3bc                __retarget_lock_init_recursive
 .text.__retarget_lock_acquire_recursive
                0x0800d3be        0x2 C:/ST/STM32CubeIDE_1.16.0/STM32CubeIDE/plugins/com.st.stm32cube.ide.mcu.externaltools.gnu-tools-for-stm32.13.3.rel1.win32_1.0.0.202411081344/tools/bin/../lib/gcc/arm-none-eabi/13.3.1/../../../../arm-none-eabi/lib/thumb/v7e-m+fp/hard\libc_nano.a(libc_a-lock.o)
                0x0800d3be                __retarget_lock_acquire_recursive
 .text.__retarget_lock_release_recursive
                0x0800d3c0        0x2 C:/ST/STM32CubeIDE_1.16.0/STM32CubeIDE/plugins/com.st.stm32cube.ide.mcu.externaltools.gnu-tools-for-stm32.13.3.rel1.win32_1.0.0.202411081344/tools/bin/../lib/gcc/arm-none-eabi/13.3.1/../../../../arm-none-eabi/lib/thumb/v7e-m+fp/hard\libc_nano.a(libc_a-lock.o)
                0x0800d3c0                __retarget_lock_release_recursive
 .text.strcpy   0x0800d3c2       0x10 C:/ST/STM32CubeIDE_1.16.0/STM32CubeIDE/plugins/com.st.stm32cube.ide.mcu.externaltools.gnu-tools-for-stm32.13.3.rel1.win32_1.0.0.202411081344/tools/bin/../lib/gcc/arm-none-eabi/13.3.1/../../../../arm-none-eabi/lib/thumb/v7e-m+fp/hard\libc_nano.a(libc_a-strcpy.o)
                0x0800d3c2                strcpy
 .text.memcpy   0x0800d3d2       0x1c C:/ST/STM32CubeIDE_1.16.0/STM32CubeIDE/plugins/com.st.stm32cube.ide.mcu.externaltools.gnu-tools-for-stm32.13.3.rel1.win32_1.0.0.202411081344/tools/bin/../lib/gcc/arm-none-eabi/13.3.1/../../../../arm-none-eabi/lib/thumb/v7e-m+fp/hard\libc_nano.a(libc_a-memcpy-stub.o)
                0x0800d3d2                memcpy
 .text.quorem   0x0800d3ee      0x110 C:/ST/STM32CubeIDE_1.16.0/STM32CubeIDE/plugins/com.st.stm32cube.ide.mcu.externaltools.gnu-tools-for-stm32.13.3.rel1.win32_1.0.0.202411081344/tools/bin/../lib/gcc/arm-none-eabi/13.3.1/../../../../arm-none-eabi/lib/thumb/v7e-m+fp/hard\libc_nano.a(libc_a-dtoa.o)
 *fill*         0x0800d4fe        0x2 
 .text._dtoa_r  0x0800d500      0xba0 C:/ST/STM32CubeIDE_1.16.0/STM32CubeIDE/plugins/com.st.stm32cube.ide.mcu.externaltools.gnu-tools-for-stm32.13.3.rel1.win32_1.0.0.202411081344/tools/bin/../lib/gcc/arm-none-eabi/13.3.1/../../../../arm-none-eabi/lib/thumb/v7e-m+fp/hard\libc_nano.a(libc_a-dtoa.o)
                0x0800d500                _dtoa_r
 .text._free_r  0x0800e0a0       0x94 C:/ST/STM32CubeIDE_1.16.0/STM32CubeIDE/plugins/com.st.stm32cube.ide.mcu.externaltools.gnu-tools-for-stm32.13.3.rel1.win32_1.0.0.202411081344/tools/bin/../lib/gcc/arm-none-eabi/13.3.1/../../../../arm-none-eabi/lib/thumb/v7e-m+fp/hard\libc_nano.a(libc_a-freer.o)
                0x0800e0a0                _free_r
 .text.malloc   0x0800e134       0x10 C:/ST/STM32CubeIDE_1.16.0/STM32CubeIDE/plugins/com.st.stm32cube.ide.mcu.externaltools.gnu-tools-for-stm32.13.3.rel1.win32_1.0.0.202411081344/tools/bin/../lib/gcc/arm-none-eabi/13.3.1/../../../../arm-none-eabi/lib/thumb/v7e-m+fp/hard\libc_nano.a(libc_a-malloc.o)
                0x0800e134                malloc
 .text.sbrk_aligned
                0x0800e144       0x44 C:/ST/STM32CubeIDE_1.16.0/STM32CubeIDE/plugins/com.st.stm32cube.ide.mcu.externaltools.gnu-tools-for-stm32.13.3.rel1.win32_1.0.0.202411081344/tools/bin/../lib/gcc/arm-none-eabi/13.3.1/../../../../arm-none-eabi/lib/thumb/v7e-m+fp/hard\libc_nano.a(libc_a-mallocr.o)
 .text._malloc_r
                0x0800e188      0x100 C:/ST/STM32CubeIDE_1.16.0/STM32CubeIDE/plugins/com.st.stm32cube.ide.mcu.externaltools.gnu-tools-for-stm32.13.3.rel1.win32_1.0.0.202411081344/tools/bin/../lib/gcc/arm-none-eabi/13.3.1/../../../../arm-none-eabi/lib/thumb/v7e-m+fp/hard\libc_nano.a(libc_a-mallocr.o)
                0x0800e188                _malloc_r
 .text.__malloc_lock
                0x0800e288        0xc C:/ST/STM32CubeIDE_1.16.0/STM32CubeIDE/plugins/com.st.stm32cube.ide.mcu.externaltools.gnu-tools-for-stm32.13.3.rel1.win32_1.0.0.202411081344/tools/bin/../lib/gcc/arm-none-eabi/13.3.1/../../../../arm-none-eabi/lib/thumb/v7e-m+fp/hard\libc_nano.a(libc_a-mlock.o)
                0x0800e288                __malloc_lock
 .text.__malloc_unlock
                0x0800e294        0xc C:/ST/STM32CubeIDE_1.16.0/STM32CubeIDE/plugins/com.st.stm32cube.ide.mcu.externaltools.gnu-tools-for-stm32.13.3.rel1.win32_1.0.0.202411081344/tools/bin/../lib/gcc/arm-none-eabi/13.3.1/../../../../arm-none-eabi/lib/thumb/v7e-m+fp/hard\libc_nano.a(libc_a-mlock.o)
                0x0800e294                __malloc_unlock
 .text._Balloc  0x0800e2a0       0x80 C:/ST/STM32CubeIDE_1.16.0/STM32CubeIDE/plugins/com.st.stm32cube.ide.mcu.externaltools.gnu-tools-for-stm32.13.3.rel1.win32_1.0.0.202411081344/tools/bin/../lib/gcc/arm-none-eabi/13.3.1/../../../../arm-none-eabi/lib/thumb/v7e-m+fp/hard\libc_nano.a(libc_a-mprec.o)
                0x0800e2a0                _Balloc
 .text._Bfree   0x0800e320       0x44 C:/ST/STM32CubeIDE_1.16.0/STM32CubeIDE/plugins/com.st.stm32cube.ide.mcu.externaltools.gnu-tools-for-stm32.13.3.rel1.win32_1.0.0.202411081344/tools/bin/../lib/gcc/arm-none-eabi/13.3.1/../../../../arm-none-eabi/lib/thumb/v7e-m+fp/hard\libc_nano.a(libc_a-mprec.o)
                0x0800e320                _Bfree
 .text.__multadd
                0x0800e364       0x8c C:/ST/STM32CubeIDE_1.16.0/STM32CubeIDE/plugins/com.st.stm32cube.ide.mcu.externaltools.gnu-tools-for-stm32.13.3.rel1.win32_1.0.0.202411081344/tools/bin/../lib/gcc/arm-none-eabi/13.3.1/../../../../arm-none-eabi/lib/thumb/v7e-m+fp/hard\libc_nano.a(libc_a-mprec.o)
                0x0800e364                __multadd
 .text.__hi0bits
                0x0800e3f0       0x3e C:/ST/STM32CubeIDE_1.16.0/STM32CubeIDE/plugins/com.st.stm32cube.ide.mcu.externaltools.gnu-tools-for-stm32.13.3.rel1.win32_1.0.0.202411081344/tools/bin/../lib/gcc/arm-none-eabi/13.3.1/../../../../arm-none-eabi/lib/thumb/v7e-m+fp/hard\libc_nano.a(libc_a-mprec.o)
                0x0800e3f0                __hi0bits
 .text.__lo0bits
                0x0800e42e       0x5a C:/ST/STM32CubeIDE_1.16.0/STM32CubeIDE/plugins/com.st.stm32cube.ide.mcu.externaltools.gnu-tools-for-stm32.13.3.rel1.win32_1.0.0.202411081344/tools/bin/../lib/gcc/arm-none-eabi/13.3.1/../../../../arm-none-eabi/lib/thumb/v7e-m+fp/hard\libc_nano.a(libc_a-mprec.o)
                0x0800e42e                __lo0bits
 .text.__i2b    0x0800e488       0x2c C:/ST/STM32CubeIDE_1.16.0/STM32CubeIDE/plugins/com.st.stm32cube.ide.mcu.externaltools.gnu-tools-for-stm32.13.3.rel1.win32_1.0.0.202411081344/tools/bin/../lib/gcc/arm-none-eabi/13.3.1/../../../../arm-none-eabi/lib/thumb/v7e-m+fp/hard\libc_nano.a(libc_a-mprec.o)
                0x0800e488                __i2b
 .text.__multiply
                0x0800e4b4      0x144 C:/ST/STM32CubeIDE_1.16.0/STM32CubeIDE/plugins/com.st.stm32cube.ide.mcu.externaltools.gnu-tools-for-stm32.13.3.rel1.win32_1.0.0.202411081344/tools/bin/../lib/gcc/arm-none-eabi/13.3.1/../../../../arm-none-eabi/lib/thumb/v7e-m+fp/hard\libc_nano.a(libc_a-mprec.o)
                0x0800e4b4                __multiply
 .text.__pow5mult
                0x0800e5f8       0xb4 C:/ST/STM32CubeIDE_1.16.0/STM32CubeIDE/plugins/com.st.stm32cube.ide.mcu.externaltools.gnu-tools-for-stm32.13.3.rel1.win32_1.0.0.202411081344/tools/bin/../lib/gcc/arm-none-eabi/13.3.1/../../../../arm-none-eabi/lib/thumb/v7e-m+fp/hard\libc_nano.a(libc_a-mprec.o)
                0x0800e5f8                __pow5mult
 .text.__lshift
                0x0800e6ac       0xd8 C:/ST/STM32CubeIDE_1.16.0/STM32CubeIDE/plugins/com.st.stm32cube.ide.mcu.externaltools.gnu-tools-for-stm32.13.3.rel1.win32_1.0.0.202411081344/tools/bin/../lib/gcc/arm-none-eabi/13.3.1/../../../../arm-none-eabi/lib/thumb/v7e-m+fp/hard\libc_nano.a(libc_a-mprec.o)
                0x0800e6ac                __lshift
 .text.__mcmp   0x0800e784       0x36 C:/ST/STM32CubeIDE_1.16.0/STM32CubeIDE/plugins/com.st.stm32cube.ide.mcu.externaltools.gnu-tools-for-stm32.13.3.rel1.win32_1.0.0.202411081344/tools/bin/../lib/gcc/arm-none-eabi/13.3.1/../../../../arm-none-eabi/lib/thumb/v7e-m+fp/hard\libc_nano.a(libc_a-mprec.o)
                0x0800e784                __mcmp
 *fill*         0x0800e7ba        0x2 
 .text.__mdiff  0x0800e7bc      0x128 C:/ST/STM32CubeIDE_1.16.0/STM32CubeIDE/plugins/com.st.stm32cube.ide.mcu.externaltools.gnu-tools-for-stm32.13.3.rel1.win32_1.0.0.202411081344/tools/bin/../lib/gcc/arm-none-eabi/13.3.1/../../../../arm-none-eabi/lib/thumb/v7e-m+fp/hard\libc_nano.a(libc_a-mprec.o)
                0x0800e7bc                __mdiff
 .text.__d2b    0x0800e8e4       0xb0 C:/ST/STM32CubeIDE_1.16.0/STM32CubeIDE/plugins/com.st.stm32cube.ide.mcu.externaltools.gnu-tools-for-stm32.13.3.rel1.win32_1.0.0.202411081344/tools/bin/../lib/gcc/arm-none-eabi/13.3.1/../../../../arm-none-eabi/lib/thumb/v7e-m+fp/hard\libc_nano.a(libc_a-mprec.o)
                0x0800e8e4                __d2b
 .text.__ssputs_r
                0x0800e994       0xb6 C:/ST/STM32CubeIDE_1.16.0/STM32CubeIDE/plugins/com.st.stm32cube.ide.mcu.externaltools.gnu-tools-for-stm32.13.3.rel1.win32_1.0.0.202411081344/tools/bin/../lib/gcc/arm-none-eabi/13.3.1/../../../../arm-none-eabi/lib/thumb/v7e-m+fp/hard\libc_nano.a(libc_a-nano-svfprintf.o)
                0x0800e994                __ssputs_r
 *fill*         0x0800ea4a        0x2 
 .text._svfprintf_r
                0x0800ea4c      0x1f8 C:/ST/STM32CubeIDE_1.16.0/STM32CubeIDE/plugins/com.st.stm32cube.ide.mcu.externaltools.gnu-tools-for-stm32.13.3.rel1.win32_1.0.0.202411081344/tools/bin/../lib/gcc/arm-none-eabi/13.3.1/../../../../arm-none-eabi/lib/thumb/v7e-m+fp/hard\libc_nano.a(libc_a-nano-svfprintf.o)
                0x0800ea4c                _svfiprintf_r
                0x0800ea4c                _svfprintf_r
 .text.__sfputc_r
                0x0800ec44       0x2e C:/ST/STM32CubeIDE_1.16.0/STM32CubeIDE/plugins/com.st.stm32cube.ide.mcu.externaltools.gnu-tools-for-stm32.13.3.rel1.win32_1.0.0.202411081344/tools/bin/../lib/gcc/arm-none-eabi/13.3.1/../../../../arm-none-eabi/lib/thumb/v7e-m+fp/hard\libc_nano.a(libc_a-nano-vfprintf.o)
 .text.__sfputs_r
                0x0800ec72       0x24 C:/ST/STM32CubeIDE_1.16.0/STM32CubeIDE/plugins/com.st.stm32cube.ide.mcu.externaltools.gnu-tools-for-stm32.13.3.rel1.win32_1.0.0.202411081344/tools/bin/../lib/gcc/arm-none-eabi/13.3.1/../../../../arm-none-eabi/lib/thumb/v7e-m+fp/hard\libc_nano.a(libc_a-nano-vfprintf.o)
                0x0800ec72                __sfputs_r
 *fill*         0x0800ec96        0x2 
 .text._vfprintf_r
                0x0800ec98      0x230 C:/ST/STM32CubeIDE_1.16.0/STM32CubeIDE/plugins/com.st.stm32cube.ide.mcu.externaltools.gnu-tools-for-stm32.13.3.rel1.win32_1.0.0.202411081344/tools/bin/../lib/gcc/arm-none-eabi/13.3.1/../../../../arm-none-eabi/lib/thumb/v7e-m+fp/hard\libc_nano.a(libc_a-nano-vfprintf.o)
                0x0800ec98                _vfprintf_r
                0x0800ec98                _vfiprintf_r
 .text.__sflush_r
                0x0800eec8      0x108 C:/ST/STM32CubeIDE_1.16.0/STM32CubeIDE/plugins/com.st.stm32cube.ide.mcu.externaltools.gnu-tools-for-stm32.13.3.rel1.win32_1.0.0.202411081344/tools/bin/../lib/gcc/arm-none-eabi/13.3.1/../../../../arm-none-eabi/lib/thumb/v7e-m+fp/hard\libc_nano.a(libc_a-fflush.o)
                0x0800eec8                __sflush_r
 .text._fflush_r
                0x0800efd0       0x50 C:/ST/STM32CubeIDE_1.16.0/STM32CubeIDE/plugins/com.st.stm32cube.ide.mcu.externaltools.gnu-tools-for-stm32.13.3.rel1.win32_1.0.0.202411081344/tools/bin/../lib/gcc/arm-none-eabi/13.3.1/../../../../arm-none-eabi/lib/thumb/v7e-m+fp/hard\libc_nano.a(libc_a-fflush.o)
                0x0800efd0                _fflush_r
 .text.__swbuf_r
                0x0800f020       0x7c C:/ST/STM32CubeIDE_1.16.0/STM32CubeIDE/plugins/com.st.stm32cube.ide.mcu.externaltools.gnu-tools-for-stm32.13.3.rel1.win32_1.0.0.202411081344/tools/bin/../lib/gcc/arm-none-eabi/13.3.1/../../../../arm-none-eabi/lib/thumb/v7e-m+fp/hard\libc_nano.a(libc_a-wbuf.o)
                0x0800f020                __swbuf_r
 .text.__swsetup_r
                0x0800f09c       0xac C:/ST/STM32CubeIDE_1.16.0/STM32CubeIDE/plugins/com.st.stm32cube.ide.mcu.externaltools.gnu-tools-for-stm32.13.3.rel1.win32_1.0.0.202411081344/tools/bin/../lib/gcc/arm-none-eabi/13.3.1/../../../../arm-none-eabi/lib/thumb/v7e-m+fp/hard\libc_nano.a(libc_a-wsetup.o)
                0x0800f09c                __swsetup_r
 .text.memmove  0x0800f148       0x34 C:/ST/STM32CubeIDE_1.16.0/STM32CubeIDE/plugins/com.st.stm32cube.ide.mcu.externaltools.gnu-tools-for-stm32.13.3.rel1.win32_1.0.0.202411081344/tools/bin/../lib/gcc/arm-none-eabi/13.3.1/../../../../arm-none-eabi/lib/thumb/v7e-m+fp/hard\libc_nano.a(libc_a-memmove.o)
                0x0800f148                memmove
 .text._sbrk_r  0x0800f17c       0x20 C:/ST/STM32CubeIDE_1.16.0/STM32CubeIDE/plugins/com.st.stm32cube.ide.mcu.externaltools.gnu-tools-for-stm32.13.3.rel1.win32_1.0.0.202411081344/tools/bin/../lib/gcc/arm-none-eabi/13.3.1/../../../../arm-none-eabi/lib/thumb/v7e-m+fp/hard\libc_nano.a(libc_a-sbrkr.o)
                0x0800f17c                _sbrk_r
 .text.__assert_func
                0x0800f19c       0x3c C:/ST/STM32CubeIDE_1.16.0/STM32CubeIDE/plugins/com.st.stm32cube.ide.mcu.externaltools.gnu-tools-for-stm32.13.3.rel1.win32_1.0.0.202411081344/tools/bin/../lib/gcc/arm-none-eabi/13.3.1/../../../../arm-none-eabi/lib/thumb/v7e-m+fp/hard\libc_nano.a(libc_a-assert.o)
                0x0800f19c                __assert_func
 .text._calloc_r
                0x0800f1d8       0x28 C:/ST/STM32CubeIDE_1.16.0/STM32CubeIDE/plugins/com.st.stm32cube.ide.mcu.externaltools.gnu-tools-for-stm32.13.3.rel1.win32_1.0.0.202411081344/tools/bin/../lib/gcc/arm-none-eabi/13.3.1/../../../../arm-none-eabi/lib/thumb/v7e-m+fp/hard\libc_nano.a(libc_a-callocr.o)
                0x0800f1d8                _calloc_r
 .text.__ascii_mbtowc
                0x0800f200       0x24 C:/ST/STM32CubeIDE_1.16.0/STM32CubeIDE/plugins/com.st.stm32cube.ide.mcu.externaltools.gnu-tools-for-stm32.13.3.rel1.win32_1.0.0.202411081344/tools/bin/../lib/gcc/arm-none-eabi/13.3.1/../../../../arm-none-eabi/lib/thumb/v7e-m+fp/hard\libc_nano.a(libc_a-mbtowc_r.o)
                0x0800f200                __ascii_mbtowc
 .text._realloc_r
                0x0800f224       0x5c C:/ST/STM32CubeIDE_1.16.0/STM32CubeIDE/plugins/com.st.stm32cube.ide.mcu.externaltools.gnu-tools-for-stm32.13.3.rel1.win32_1.0.0.202411081344/tools/bin/../lib/gcc/arm-none-eabi/13.3.1/../../../../arm-none-eabi/lib/thumb/v7e-m+fp/hard\libc_nano.a(libc_a-reallocr.o)
                0x0800f224                _realloc_r
 .text.__ascii_wctomb
                0x0800f280       0x1a C:/ST/STM32CubeIDE_1.16.0/STM32CubeIDE/plugins/com.st.stm32cube.ide.mcu.externaltools.gnu-tools-for-stm32.13.3.rel1.win32_1.0.0.202411081344/tools/bin/../lib/gcc/arm-none-eabi/13.3.1/../../../../arm-none-eabi/lib/thumb/v7e-m+fp/hard\libc_nano.a(libc_a-wctomb_r.o)
                0x0800f280                __ascii_wctomb
 *fill*         0x0800f29a        0x2 
 .text.fprintf  0x0800f29c       0x24 C:/ST/STM32CubeIDE_1.16.0/STM32CubeIDE/plugins/com.st.stm32cube.ide.mcu.externaltools.gnu-tools-for-stm32.13.3.rel1.win32_1.0.0.202411081344/tools/bin/../lib/gcc/arm-none-eabi/13.3.1/../../../../arm-none-eabi/lib/thumb/v7e-m+fp/hard\libc_nano.a(libc_a-fprintf.o)
                0x0800f29c                fiprintf
                0x0800f29c                fprintf
 .text.__swhatbuf_r
                0x0800f2c0       0x4c C:/ST/STM32CubeIDE_1.16.0/STM32CubeIDE/plugins/com.st.stm32cube.ide.mcu.externaltools.gnu-tools-for-stm32.13.3.rel1.win32_1.0.0.202411081344/tools/bin/../lib/gcc/arm-none-eabi/13.3.1/../../../../arm-none-eabi/lib/thumb/v7e-m+fp/hard\libc_nano.a(libc_a-makebuf.o)
                0x0800f2c0                __swhatbuf_r
 .text.__smakebuf_r
                0x0800f30c       0x78 C:/ST/STM32CubeIDE_1.16.0/STM32CubeIDE/plugins/com.st.stm32cube.ide.mcu.externaltools.gnu-tools-for-stm32.13.3.rel1.win32_1.0.0.202411081344/tools/bin/../lib/gcc/arm-none-eabi/13.3.1/../../../../arm-none-eabi/lib/thumb/v7e-m+fp/hard\libc_nano.a(libc_a-makebuf.o)
                0x0800f30c                __smakebuf_r
 .text._fstat_r
                0x0800f384       0x24 C:/ST/STM32CubeIDE_1.16.0/STM32CubeIDE/plugins/com.st.stm32cube.ide.mcu.externaltools.gnu-tools-for-stm32.13.3.rel1.win32_1.0.0.202411081344/tools/bin/../lib/gcc/arm-none-eabi/13.3.1/../../../../arm-none-eabi/lib/thumb/v7e-m+fp/hard\libc_nano.a(libc_a-fstatr.o)
                0x0800f384                _fstat_r
 .text._isatty_r
                0x0800f3a8       0x20 C:/ST/STM32CubeIDE_1.16.0/STM32CubeIDE/plugins/com.st.stm32cube.ide.mcu.externaltools.gnu-tools-for-stm32.13.3.rel1.win32_1.0.0.202411081344/tools/bin/../lib/gcc/arm-none-eabi/13.3.1/../../../../arm-none-eabi/lib/thumb/v7e-m+fp/hard\libc_nano.a(libc_a-isattyr.o)
                0x0800f3a8                _isatty_r
 .text.abort    0x0800f3c8        0xe C:/ST/STM32CubeIDE_1.16.0/STM32CubeIDE/plugins/com.st.stm32cube.ide.mcu.externaltools.gnu-tools-for-stm32.13.3.rel1.win32_1.0.0.202411081344/tools/bin/../lib/gcc/arm-none-eabi/13.3.1/../../../../arm-none-eabi/lib/thumb/v7e-m+fp/hard\libc_nano.a(libc_a-abort.o)
                0x0800f3c8                abort
 .text._malloc_usable_size_r
                0x0800f3d6       0x10 C:/ST/STM32CubeIDE_1.16.0/STM32CubeIDE/plugins/com.st.stm32cube.ide.mcu.externaltools.gnu-tools-for-stm32.13.3.rel1.win32_1.0.0.202411081344/tools/bin/../lib/gcc/arm-none-eabi/13.3.1/../../../../arm-none-eabi/lib/thumb/v7e-m+fp/hard\libc_nano.a(libc_a-msizer.o)
                0x0800f3d6                _malloc_usable_size_r
 .text._raise_r
                0x0800f3e6       0x50 C:/ST/STM32CubeIDE_1.16.0/STM32CubeIDE/plugins/com.st.stm32cube.ide.mcu.externaltools.gnu-tools-for-stm32.13.3.rel1.win32_1.0.0.202411081344/tools/bin/../lib/gcc/arm-none-eabi/13.3.1/../../../../arm-none-eabi/lib/thumb/v7e-m+fp/hard\libc_nano.a(libc_a-signal.o)
                0x0800f3e6                _raise_r
 *fill*         0x0800f436        0x2 
 .text.raise    0x0800f438       0x10 C:/ST/STM32CubeIDE_1.16.0/STM32CubeIDE/plugins/com.st.stm32cube.ide.mcu.externaltools.gnu-tools-for-stm32.13.3.rel1.win32_1.0.0.202411081344/tools/bin/../lib/gcc/arm-none-eabi/13.3.1/../../../../arm-none-eabi/lib/thumb/v7e-m+fp/hard\libc_nano.a(libc_a-signal.o)
                0x0800f438                raise
 .text._kill_r  0x0800f448       0x24 C:/ST/STM32CubeIDE_1.16.0/STM32CubeIDE/plugins/com.st.stm32cube.ide.mcu.externaltools.gnu-tools-for-stm32.13.3.rel1.win32_1.0.0.202411081344/tools/bin/../lib/gcc/arm-none-eabi/13.3.1/../../../../arm-none-eabi/lib/thumb/v7e-m+fp/hard\libc_nano.a(libc_a-signalr.o)
                0x0800f448                _kill_r
 .text._getpid_r
                0x0800f46c        0x4 C:/ST/STM32CubeIDE_1.16.0/STM32CubeIDE/plugins/com.st.stm32cube.ide.mcu.externaltools.gnu-tools-for-stm32.13.3.rel1.win32_1.0.0.202411081344/tools/bin/../lib/gcc/arm-none-eabi/13.3.1/../../../../arm-none-eabi/lib/thumb/v7e-m+fp/hard\libc_nano.a(libc_a-signalr.o)
                0x0800f46c                _getpid_r
 *(.glue_7)
 .glue_7        0x0800f470        0x0 linker stubs
 *(.glue_7t)
 .glue_7t       0x0800f470        0x0 linker stubs
 *(.eh_frame)
 .eh_frame      0x0800f470        0x0 C:/ST/STM32CubeIDE_1.16.0/STM32CubeIDE/plugins/com.st.stm32cube.ide.mcu.externaltools.gnu-tools-for-stm32.13.3.rel1.win32_1.0.0.202411081344/tools/bin/../lib/gcc/arm-none-eabi/13.3.1/thumb/v7e-m+fp/hard/crtbegin.o
 *(.init)
 .init          0x0800f470        0x4 C:/ST/STM32CubeIDE_1.16.0/STM32CubeIDE/plugins/com.st.stm32cube.ide.mcu.externaltools.gnu-tools-for-stm32.13.3.rel1.win32_1.0.0.202411081344/tools/bin/../lib/gcc/arm-none-eabi/13.3.1/thumb/v7e-m+fp/hard/crti.o
                0x0800f470                _init
 .init          0x0800f474        0x8 C:/ST/STM32CubeIDE_1.16.0/STM32CubeIDE/plugins/com.st.stm32cube.ide.mcu.externaltools.gnu-tools-for-stm32.13.3.rel1.win32_1.0.0.202411081344/tools/bin/../lib/gcc/arm-none-eabi/13.3.1/thumb/v7e-m+fp/hard/crtn.o
 *(.fini)
 .fini          0x0800f47c        0x4 C:/ST/STM32CubeIDE_1.16.0/STM32CubeIDE/plugins/com.st.stm32cube.ide.mcu.externaltools.gnu-tools-for-stm32.13.3.rel1.win32_1.0.0.202411081344/tools/bin/../lib/gcc/arm-none-eabi/13.3.1/thumb/v7e-m+fp/hard/crti.o
                0x0800f47c                _fini
 .fini          0x0800f480        0x8 C:/ST/STM32CubeIDE_1.16.0/STM32CubeIDE/plugins/com.st.stm32cube.ide.mcu.externaltools.gnu-tools-for-stm32.13.3.rel1.win32_1.0.0.202411081344/tools/bin/../lib/gcc/arm-none-eabi/13.3.1/thumb/v7e-m+fp/hard/crtn.o
                0x0800f488                        . = ALIGN (0x4)
                0x0800f488                        _etext = .

.vfp11_veneer   0x0800f488        0x0
 .vfp11_veneer  0x0800f488        0x0 linker stubs

.v4_bx          0x0800f488        0x0
 .v4_bx         0x0800f488        0x0 linker stubs

.iplt           0x0800f488        0x0
 .iplt          0x0800f488        0x0 C:/ST/STM32CubeIDE_1.16.0/STM32CubeIDE/plugins/com.st.stm32cube.ide.mcu.externaltools.gnu-tools-for-stm32.13.3.rel1.win32_1.0.0.202411081344/tools/bin/../lib/gcc/arm-none-eabi/13.3.1/thumb/v7e-m+fp/hard/crtbegin.o

.rodata         0x0800f488      0xf3c
                0x0800f488                        . = ALIGN (0x4)
 *(.rodata)
 .rodata        0x0800f488      0x151 ./Core/Src/main.o
 *fill*         0x0800f5d9        0x3 
 .rodata        0x0800f5dc      0x183 ./Core/Src/pn532.o
 *fill*         0x0800f75f        0x1 
 .rodata        0x0800f760        0x5 ./Core/Src/pn532_stm32f1.o
 *fill*         0x0800f765        0x3 
 .rodata        0x0800f768        0x5 ./Middlewares/Third_Party/FreeRTOS/Source/tasks.o
 *fill*         0x0800f76d        0x3 
 .rodata        0x0800f770        0xd ./Middlewares/Third_Party/FreeRTOS/Source/timers.o
 *(.rodata*)
 *fill*         0x0800f77d        0x3 
 .rodata.Temp_Read_attributes
                0x0800f780       0x24 ./Core/Src/main.o