../Core/Src/main.c:183:8:user_i2c_read	24	static
../Core/Src/main.c:192:8:user_i2c_write	48	static
../Core/Src/main.c:202:6:user_delay_ms	16	static
../Core/Src/main.c:220:5:main	8	static
../Core/Src/main.c:394:6:SystemClock_Config	96	static
../Core/Src/main.c:445:13:MX_I2C1_Init	8	static
../Core/Src/main.c:493:13:MX_USART2_UART_Init	8	static
../Core/Src/main.c:530:13:MX_GPIO_Init	40	static
../Core/Src/main.c:574:6:StartTemp	16	static
../Core/Src/main.c:613:6:StartEncoder	16	static
../Core/Src/main.c:653:6:StartOLED	24	static
../Core/Src/main.c:690:6:StartHeating01	16	static
../Core/Src/main.c:714:6:StartRFID	24	static
../Core/Src/main.c:752:6:ScreenCallback01	24	static
../Core/Src/main.c:772:6:HAL_TIM_PeriodElapsedCallback	16	static
../Core/Src/main.c:790:6:Error_Handler	4	static,ignoring_inline_asm
