../Core/Src/main.c:172:8:user_i2c_read	3
../Core/Src/main.c:181:8:user_i2c_write	2
../Core/Src/main.c:191:6:user_delay_ms	1
../Core/Src/main.c:209:5:main	3
../Core/Src/main.c:373:6:SystemClock_Config	4
../Core/Src/main.c:424:13:MX_I2C1_Init	4
../Core/Src/main.c:472:13:MX_USART2_UART_Init	2
../Core/Src/main.c:509:13:MX_GPIO_Init	1
../Core/Src/main.c:550:6:HAL_GPIO_EXTI_Callback	3
../Core/Src/main.c:567:6:StartTemp	3
../Core/Src/main.c:610:6:StartEncoder	5
../Core/Src/main.c:642:6:StartOLED	5
../Core/Src/main.c:684:6:StartHeating01	3
../Core/Src/main.c:709:6:StartRFID	9
../Core/Src/main.c:756:6:HAL_TIM_PeriodElapsedCallback	2
../Core/Src/main.c:774:6:Error_Handler	1
